Component: ARM Compiler 5.06 update 5 (build 528) Tool: armlink [4d35e2]

==============================================================================

Section Cross References

    startup_stm32f4xx.o(STACK) refers (Special) to heapauxi.o(.text) for __use_two_region_memory
    startup_stm32f4xx.o(HEAP) refers (Special) to heapauxi.o(.text) for __use_two_region_memory
    startup_stm32f4xx.o(RESET) refers (Special) to heapauxi.o(.text) for __use_two_region_memory
    startup_stm32f4xx.o(RESET) refers to startup_stm32f4xx.o(STACK) for __initial_sp
    startup_stm32f4xx.o(RESET) refers to startup_stm32f4xx.o(.text) for Reset_Handler
    startup_stm32f4xx.o(RESET) refers to stm32f4xx_it.o(.text) for NMI_Handler
    startup_stm32f4xx.o(RESET) refers to port.o(.emb_text) for SVC_Handler
    startup_stm32f4xx.o(RESET) refers to port.o(.text) for SysTick_Handler
    startup_stm32f4xx.o(.text) refers (Special) to heapauxi.o(.text) for __use_two_region_memory
    startup_stm32f4xx.o(.text) refers to system_stm32f4xx.o(.text) for SystemInit
    startup_stm32f4xx.o(.text) refers to __main.o(!!!main) for __main
    startup_stm32f4xx.o(.text) refers to startup_stm32f4xx.o(HEAP) for Heap_Mem
    startup_stm32f4xx.o(.text) refers to startup_stm32f4xx.o(STACK) for Stack_Mem
    system_stm32f4xx.o(.text) refers to system_stm32f4xx.o(.data) for SystemCoreClock
    main.o(.text) refers to stm32f4xx_rcc.o(.text) for RCC_AHB1PeriphClockCmd
    main.o(.text) refers to stm32f4xx_gpio.o(.text) for GPIO_Init
    main.o(.text) refers to timers.o(.text) for xTimerCreate
    main.o(.text) refers to queue.o(.text) for xQueueReceive
    main.o(.text) refers to codec.o(.text) for codec_ctrl_init
    main.o(.text) refers to stm32f4xx_spi.o(.text) for I2S_Cmd
    main.o(.text) refers to f2d.o(x$fpl$f2d) for __aeabi_f2d
    main.o(.text) refers to daddsub_clz.o(x$fpl$dadd) for __aeabi_dadd
    main.o(.text) refers to drleqf.o(x$fpl$drleqf) for __aeabi_cdrcmple
    main.o(.text) refers to daddsub_clz.o(x$fpl$dsub) for __aeabi_dsub
    main.o(.text) refers to d2f.o(x$fpl$d2f) for __aeabi_d2f
    main.o(.text) refers to dmul.o(x$fpl$dmul) for __aeabi_dmul
    main.o(.text) refers to dfix.o(x$fpl$dfix) for __aeabi_d2iz
    main.o(.text) refers to main.o(.data) for isDoublePress
    main.o(.text) refers to main.o(.bss) for filt
    main.o(.text) refers to tasks.o(.text) for vTaskDelay
    main.o(.text) refers to main.o(.constdata) for .constdata
    main.o(.text) refers to system_stm32f4xx.o(.text) for SystemInit
    main.o(.text) refers to misc.o(.text) for NVIC_PriorityGroupConfig
    main.o(.data) refers to main.o(.text) for fixedPriority
    main.o(.data) refers to main.o(.conststring) for .conststring
    discoveryf4utils.o(.text) refers to stm32f4xx_rcc.o(.text) for RCC_AHB1PeriphClockCmd
    discoveryf4utils.o(.text) refers to stm32f4xx_gpio.o(.text) for GPIO_Init
    discoveryf4utils.o(.text) refers to stm32f4xx_syscfg.o(.text) for SYSCFG_EXTILineConfig
    discoveryf4utils.o(.text) refers to stm32f4xx_exti.o(.text) for EXTI_Init
    discoveryf4utils.o(.text) refers to misc.o(.text) for NVIC_Init
    discoveryf4utils.o(.text) refers to stm32f4xx_usart.o(.text) for USART_Init
    discoveryf4utils.o(.text) refers to discoveryf4utils.o(.constdata) for GPIO_CLK
    discoveryf4utils.o(.text) refers to discoveryf4utils.o(.data) for GPIO_PORT
    codec.o(.text) refers to stm32f4xx_gpio.o(.text) for GPIO_StructInit
    codec.o(.text) refers to stm32f4xx_rcc.o(.text) for RCC_AHB1PeriphClockCmd
    codec.o(.text) refers to stm32f4xx_spi.o(.text) for SPI_I2S_DeInit
    codec.o(.text) refers to stm32f4xx_i2c.o(.text) for I2C_DeInit
    codec.o(.text) refers to codec.o(.bss) for I2S_InitType
    event_groups.o(.text) refers to heap_2.o(.text) for pvPortMalloc
    event_groups.o(.text) refers to list.o(.text) for vListInitialise
    event_groups.o(.text) refers to tasks.o(.text) for vTaskSuspendAll
    event_groups.o(.text) refers to port.o(.text) for vPortEnterCritical
    queue.o(.text) refers to port.o(.text) for vPortEnterCritical
    queue.o(.text) refers to tasks.o(.text) for xTaskRemoveFromEventList
    queue.o(.text) refers to list.o(.text) for vListInitialise
    queue.o(.text) refers to heap_2.o(.text) for pvPortMalloc
    queue.o(.text) refers to rt_memcpy_v6.o(.text) for __aeabi_memcpy
    queue.o(.text) refers to queue.o(.bss) for xQueueRegistry
    tasks.o(.text) refers to list.o(.text) for vListInitialise
    tasks.o(.text) refers to port.o(.text) for vPortEnterCritical
    tasks.o(.text) refers to aeabi_memset.o(.text) for __aeabi_memset
    tasks.o(.text) refers to heap_2.o(.text) for pvPortMalloc
    tasks.o(.text) refers to tasks.o(.bss) for pxReadyTasksLists
    tasks.o(.text) refers to tasks.o(.data) for pxDelayedTaskList
    tasks.o(.text) refers to timers.o(.text) for xTimerCreateTimerTask
    timers.o(.text) refers to list.o(.text) for vListInsert
    timers.o(.text) refers to tasks.o(.text) for xTaskGetSchedulerState
[...]
    Libraries\\STM32F4xx_StdPeriph_Driver\\src\\stm32f4xx_i2c.c 0x00000000   Number         0  stm32f4xx_i2c.o ABSOLUTE
    Libraries\\STM32F4xx_StdPeriph_Driver\\src\\stm32f4xx_iwdg.c 0x00000000   Number         0  stm32f4xx_iwdg.o ABSOLUTE
    Libraries\\STM32F4xx_StdPeriph_Driver\\src\\stm32f4xx_ltdc.c 0x00000000   Number         0  stm32f4xx_ltdc.o ABSOLUTE
    Libraries\\STM32F4xx_StdPeriph_Driver\\src\\stm32f4xx_pwr.c 0x00000000   Number         0  stm32f4xx_pwr.o ABSOLUTE
    Libraries\\STM32F4xx_StdPeriph_Driver\\src\\stm32f4xx_rcc.c 0x00000000   Number         0  stm32f4xx_rcc.o ABSOLUTE
    Libraries\\STM32F4xx_StdPeriph_Driver\\src\\stm32f4xx_rng.c 0x00000000   Number         0  stm32f4xx_rng.o ABSOLUTE
    Libraries\\STM32F4xx_StdPeriph_Driver\\src\\stm32f4xx_rtc.c 0x00000000   Number         0  stm32f4xx_rtc.o ABSOLUTE
    Libraries\\STM32F4xx_StdPeriph_Driver\\src\\stm32f4xx_sai.c 0x00000000   Number         0  stm32f4xx_sai.o ABSOLUTE
    Libraries\\STM32F4xx_StdPeriph_Driver\\src\\stm32f4xx_sdio.c 0x00000000   Number         0  stm32f4xx_sdio.o ABSOLUTE
    Libraries\\STM32F4xx_StdPeriph_Driver\\src\\stm32f4xx_spi.c 0x00000000   Number         0  stm32f4xx_spi.o ABSOLUTE
    Libraries\\STM32F4xx_StdPeriph_Driver\\src\\stm32f4xx_syscfg.c 0x00000000   Number         0  stm32f4xx_syscfg.o ABSOLUTE
    Libraries\\STM32F4xx_StdPeriph_Driver\\src\\stm32f4xx_tim.c 0x00000000   Number         0  stm32f4xx_tim.o ABSOLUTE
    Libraries\\STM32F4xx_StdPeriph_Driver\\src\\stm32f4xx_usart.c 0x00000000   Number         0  stm32f4xx_usart.o ABSOLUTE
    Libraries\\STM32F4xx_StdPeriph_Driver\\src\\stm32f4xx_wwdg.c 0x00000000   Number         0  stm32f4xx_wwdg.o ABSOLUTE
    Source\\codec.c                          0x00000000   Number         0  codec.o ABSOLUTE
    Source\\discoveryf4utils.c               0x00000000   Number         0  discoveryf4utils.o ABSOLUTE
    Source\\main.c                           0x00000000   Number         0  main.o ABSOLUTE
    Source\\stm32f4xx_it.c                   0x00000000   Number         0  stm32f4xx_it.o ABSOLUTE
    Source\codec.c                           0x00000000   Number         0  codec.o ABSOLUTE
    Source\discoveryf4utils.c                0x00000000   Number         0  discoveryf4utils.o ABSOLUTE
    Source\main.c                            0x00000000   Number         0  main.o ABSOLUTE
    Source\stm32f4xx_it.c                    0x00000000   Number         0  stm32f4xx_it.o ABSOLUTE
    Startup\\system_stm32f4xx.c              0x00000000   Number         0  system_stm32f4xx.o ABSOLUTE
    Startup\startup_stm32f4xx.s              0x00000000   Number         0  startup_stm32f4xx.o ABSOLUTE
    Startup\system_stm32f4xx.c               0x00000000   Number         0  system_stm32f4xx.o ABSOLUTE
    dc.s                                     0x00000000   Number         0  dc.o ABSOLUTE
    RESET                                    0x08000000   Section      392  startup_stm32f4xx.o(RESET)
    !!!main                                  0x08000188   Section        8  __main.o(!!!main)
    !!!scatter                               0x08000190   Section       52  __scatter.o(!!!scatter)
    !!dczerorl2                              0x080001c4   Section       90  __dczerorl2.o(!!dczerorl2)
    !!handler_zi                             0x08000220   Section       28  __scatter_zi.o(!!handler_zi)
    .ARM.Collect$$libinit$$00000000          0x0800023c   Section        2  libinit.o(.ARM.Collect$$libinit$$00000000)
    .ARM.Collect$$libinit$$00000001          0x0800023e   Section        4  libinit2.o(.ARM.Collect$$libinit$$00000001)
    .ARM.Collect$$libinit$$00000004          0x08000242   Section        0  libinit2.o(.ARM.Collect$$libinit$$00000004)
    .ARM.Collect$$libinit$$0000000A          0x08000242   Section        0  libinit2.o(.ARM.Collect$$libinit$$0000000A)
    .ARM.Collect$$libinit$$0000000C          0x08000242   Section        0  libinit2.o(.ARM.Collect$$libinit$$0000000C)
    .ARM.Collect$$libinit$$0000000E          0x08000242   Section        0  libinit2.o(.ARM.Collect$$libinit$$0000000E)
    .ARM.Collect$$libinit$$00000011          0x08000242   Section        0  libinit2.o(.ARM.Collect$$libinit$$00000011)
    .ARM.Collect$$libinit$$00000013          0x08000242   Section        0  libinit2.o(.ARM.Collect$$libinit$$00000013)
    .ARM.Collect$$libinit$$00000015          0x08000242   Section        0  libinit2.o(.ARM.Collect$$libinit$$00000015)
    .ARM.Collect$$libinit$$00000017          0x08000242   Section        0  libinit2.o(.ARM.Collect$$libinit$$00000017)
    .ARM.Collect$$libinit$$00000019          0x08000242   Section        0  libinit2.o(.ARM.Collect$$libinit$$00000019)
    .ARM.Collect$$libinit$$0000001B          0x08000242   Section        0  libinit2.o(.ARM.Collect$$libinit$$0000001B)
    .ARM.Collect$$libinit$$0000001D          0x08000242   Section        0  libinit2.o(.ARM.Collect$$libinit$$0000001D)
    .ARM.Collect$$libinit$$0000001F          0x08000242   Section        0  libinit2.o(.ARM.Collect$$libinit$$0000001F)
    .ARM.Collect$$libinit$$00000021          0x08000242   Section        0  libinit2.o(.ARM.Collect$$libinit$$00000021)
    .ARM.Collect$$libinit$$00000023          0x08000242   Section        0  libinit2.o(.ARM.Collect$$libinit$$00000023)
    .ARM.Collect$$libinit$$00000025          0x08000242   Section        0  libinit2.o(.ARM.Collect$$libinit$$00000025)
    .ARM.Collect$$libinit$$0000002C          0x08000242   Section        0  libinit2.o(.ARM.Collect$$libinit$$0000002C)
    .ARM.Collect$$libinit$$0000002E          0x08000242   Section        0  libinit2.o(.ARM.Collect$$libinit$$0000002E)
    .ARM.Collect$$libinit$$00000030          0x08000242   Section        0  libinit2.o(.ARM.Collect$$libinit$$00000030)
    .ARM.Collect$$libinit$$00000032          0x08000242   Section        0  libinit2.o(.ARM.Collect$$libinit$$00000032)
    .ARM.Collect$$libinit$$00000033          0x08000242   Section        2  libinit2.o(.ARM.Collect$$libinit$$00000033)
    .ARM.Collect$$libshutdown$$00000000      0x08000244   Section        2  libshutdown.o(.ARM.Collect$$libshutdown$$00000000)
    .ARM.Collect$$libshutdown$$00000002      0x08000246   Section        0  libshutdown2.o(.ARM.Collect$$libshutdown$$00000002)
    .ARM.Collect$$libshutdown$$00000004      0x08000246   Section        0  libshutdown2.o(.ARM.Collect$$libshutdown$$00000004)
    .ARM.Collect$$libshutdown$$00000007      0x08000246   Section        0  libshutdown2.o(.ARM.Collect$$libshutdown$$00000007)
    .ARM.Collect$$libshutdown$$0000000A      0x08000246   Section        0  libshutdown2.o(.ARM.Collect$$libshutdown$$0000000A)
    .ARM.Collect$$libshutdown$$0000000C      0x08000246   Section        0  libshutdown2.o(.ARM.Collect$$libshutdown$$0000000C)
    .ARM.Collect$$libshutdown$$0000000F      0x08000246   Section        0  libshutdown2.o(.ARM.Collect$$libshutdown$$0000000F)
    .ARM.Collect$$libshutdown$$00000010      0x08000246   Section        2  libshutdown2.o(.ARM.Collect$$libshutdown$$00000010)
    .ARM.Collect$$rtentry$$00000000          0x08000248   Section        0  __rtentry.o(.ARM.Collect$$rtentry$$00000000)
    .ARM.Collect$$rtentry$$00000002          0x08000248   Section        0  __rtentry2.o(.ARM.Collect$$rtentry$$00000002)
    .ARM.Collect$$rtentry$$00000004          0x08000248   Section        6  __rtentry4.o(.ARM.Collect$$rtentry$$00000004)
    .ARM.Collect$$rtentry$$00000009          0x0800024e   Section        0  __rtentry2.o(.ARM.Collect$$rtentry$$00000009)
    .ARM.Collect$$rtentry$$0000000A          0x0800024e   Section        4  __rtentry2.o(.ARM.Collect$$rtentry$$0000000A)
    .ARM.Collect$$rtentry$$0000000C          0x08000252   Section        0  __rtentry2.o(.ARM.Collect$$rtentry$$0000000C)
    .ARM.Collect$$rtentry$$0000000D          0x08000252   Section        8  __rtentry2.o(.ARM.Collect$$rtentry$$0000000D)
    .ARM.Collect$$rtexit$$00000000           0x0800025a   Section        2  rtexit.o(.ARM.Collect$$rtexit$$00000000)
    .ARM.Collect$$rtexit$$00000002           0x0800025c   Section        0  rtexit2.o(.ARM.Collect$$rtexit$$00000002)
    .ARM.Collect$$rtexit$$00000003           0x0800025c   Section        4  rtexit2.o(.ARM.Collect$$rtexit$$00000003)
    .ARM.Collect$$rtexit$$00000004           0x08000260   Section        6  rtexit2.o(.ARM.Collect$$rtexit$$00000004)
    .emb_text                                0x08000268   Section      190  port.o(.emb_text)
    $v0                                      0x08000268   Number         0  port.o(.emb_text)
    .text                                    0x08000328   Section       64  startup_stm32f4xx.o(.text)
    $v0                                      0x08000328   Number         0  startup_stm32f4xx.o(.text)
    .text                                    0x08000368   Section        0  system_stm32f4xx.o(.text)
    SetSysClock                              0x08000369   Thumb Code   220  system_stm32f4xx.o(.text)
    .text                                    0x08000578   Section        0  main.o(.text)
    .text                                    0x08000fbc   Section        0  stm32f4xx_it.o(.text)
    .text                                    0x08000fd0   Section        0  codec.o(.text)
    .text                                    0x080013e8   Section        0  list.o(.text)
    .text                                    0x0800147c   Section        0  queue.o(.text)
    prvInitialiseNewQueue                    0x0800150f   Thumb Code    42  queue.o(.text)
    prvUnlockQueue                           0x08001591   Thumb Code   126  queue.o(.text)
    prvIsQueueFull                           0x0800160f   Thumb Code    30  queue.o(.text)
    prvCopyDataToQueue                       0x0800162d   Thumb Code   124  queue.o(.text)
    prvInitialiseMutex                       0x0800184d   Thumb Code    28  queue.o(.text)
    prvGetDisinheritPriorityAfterTimeout     0x080018d7   Thumb Code    20  queue.o(.text)
    prvIsQueueEmpty                          0x080018eb   Thumb Code    26  queue.o(.text)
    prvCopyDataFromQueue                     0x08001d39   Thumb Code    42  queue.o(.text)
    .text                                    0x08002380   Section        0  tasks.o(.text)
    prvInitialiseTaskLists                   0x08002381   Thumb Code    70  tasks.o(.text)
    prvAddNewTaskToReadyList                 0x080023c7   Thumb Code   156  tasks.o(.text)
    prvInitialiseNewTask                     0x08002463   Thumb Code   180  tasks.o(.text)
    prvResetNextTaskUnblockTime              0x08002577   Thumb Code    42  tasks.o(.text)
    prvDeleteTCB                             0x080025a1   Thumb Code    18  tasks.o(.text)
    prvAddCurrentTaskToDelayedList           0x080028c3   Thumb Code   124  tasks.o(.text)
    prvTaskIsTaskSuspended                   0x08002dbb   Thumb Code    80  tasks.o(.text)
    prvCheckTasksWaitingTermination          0x08002f29   Thumb Code    60  tasks.o(.text)
    prvIdleTask                              0x08002f65   Thumb Code    32  tasks.o(.text)
    prvTaskCheckFreeStackSpace               0x080030ad   Thumb Code    22  tasks.o(.text)
    prvListTasksWithinSingleList             0x08003141   Thumb Code   106  tasks.o(.text)
    .text                                    0x08003c50   Section        0  timers.o(.text)
    prvInsertTimerInActiveList               0x08003c51   Thumb Code    80  timers.o(.text)
    prvSwitchTimerLists                      0x08003d1f   Thumb Code   150  timers.o(.text)
    prvSampleTimeNow                         0x08003db5   Thumb Code    40  timers.o(.text)
    prvProcessReceivedCommands               0x08003ddd   Thumb Code   240  timers.o(.text)
    prvProcessExpiredTimer                   0x08003ecd   Thumb Code    94  timers.o(.text)
    prvProcessTimerOrBlockTask               0x08003f2b   Thumb Code   102  timers.o(.text)
    prvGetNextExpireTime                     0x08003f91   Thumb Code    36  timers.o(.text)
    prvTimerTask                             0x08003fb5   Thumb Code    26  timers.o(.text)
    prvCheckForValidListAndQueue             0x08003fcf   Thumb Code    72  timers.o(.text)
    prvInitialiseNewTimer                    0x0800408d   Thumb Code    78  timers.o(.text)
    .text                                    0x08004234   Section        0  port.o(.text)
    prvTaskExitError                         0x08004235   Thumb Code    60  port.o(.text)
    .text                                    0x080045a0   Section        0  heap_2.o(.text)
    prvHeapInit                              0x080045a1   Thumb Code    38  heap_2.o(.text)
    .text                                    0x080046c4   Section        0  misc.o(.text)
    .text                                    0x080047a4   Section        0  stm32f4xx_gpio.o(.text)
    .text                                    0x08004a38   Section        0  stm32f4xx_i2c.o(.text)
    .text                                    0x08004e90   Section        0  stm32f4xx_rcc.o(.text)
    .text                                    0x080054c4   Section        0  stm32f4xx_spi.o(.text)
    .text                                    0x08005912   Section      138  rt_memcpy_v6.o(.text)
    .text                                    0x0800599c   Section       16  aeabi_memset.o(.text)
    .text                                    0x080059ac   Section        0  heapauxi.o(.text)
    .text                                    0x080059b2   Section      100  rt_memcpy_w.o(.text)
    .text                                    0x08005a16   Section       68  rt_memclr.o(.text)
    .text                                    0x08005a5a   Section       78  rt_memclr_w.o(.text)
    .text                                    0x08005aa8   Section       74  sys_stackheap_outer.o(.text)
    .text                                    0x08005af2   Section        0  exit.o(.text)
    .text                                    0x08005b04   Section        8  libspace.o(.text)
    .text                                    0x08005b0c   Section        0  sys_exit.o(.text)
    .text                                    0x08005b18   Section        2  use_no_semi.o(.text)
    .text                                    0x08005b1a   Section        0  indicate_semi.o(.text)
    x$fpl$d2f                                0x08005b1c   Section       98  d2f.o(x$fpl$d2f)
    $v0                                      0x08005b1c   Number         0  d2f.o(x$fpl$d2f)
    x$fpl$dadd                               0x08005b80   Section      336  daddsub_clz.o(x$fpl$dadd)
    $v0                                      0x08005b80   Number         0  daddsub_clz.o(x$fpl$dadd)
    _dadd1                                   0x08005b91   Thumb Code     0  daddsub_clz.o(x$fpl$dadd)
    x$fpl$dcmpinf                            0x08005cd0   Section       24  dcmpi.o(x$fpl$dcmpinf)
    $v0                                      0x08005cd0   Number         0  dcmpi.o(x$fpl$dcmpinf)
    x$fpl$dfix                               0x08005ce8   Section       94  dfix.o(x$fpl$dfix)
    $v0                                      0x08005ce8   Number         0  dfix.o(x$fpl$dfix)
    x$fpl$dleqf                              0x08005d48   Section      120  dleqf.o(x$fpl$dleqf)
    $v0                                      0x08005d48   Number         0  dleqf.o(x$fpl$dleqf)
    x$fpl$dmul                               0x08005dc0   Section      340  dmul.o(x$fpl$dmul)
    $v0                                      0x08005dc0   Number         0  dmul.o(x$fpl$dmul)
    x$fpl$dnaninf                            0x08005f14   Section      156  dnaninf.o(x$fpl$dnaninf)
    $v0                                      0x08005f14   Number         0  dnaninf.o(x$fpl$dnaninf)
    x$fpl$dretinf                            0x08005fb0   Section       12  dretinf.o(x$fpl$dretinf)
    $v0                                      0x08005fb0   Number         0  dretinf.o(x$fpl$dretinf)
    x$fpl$drleqf                             0x08005fbc   Section      108  drleqf.o(x$fpl$drleqf)
    $v0                                      0x08005fbc   Number         0  drleqf.o(x$fpl$drleqf)
    x$fpl$dsub                               0x08006028   Section      468  daddsub_clz.o(x$fpl$dsub)
    $v0                                      0x08006028   Number         0  daddsub_clz.o(x$fpl$dsub)
    _dsub1                                   0x08006039   Thumb Code     0  daddsub_clz.o(x$fpl$dsub)
    x$fpl$f2d                                0x080061fc   Section       86  f2d.o(x$fpl$f2d)
    $v0                                      0x080061fc   Number         0  f2d.o(x$fpl$f2d)
    x$fpl$fnaninf                            0x08006252   Section      140  fnaninf.o(x$fpl$fnaninf)
    $v0                                      0x08006252   Number         0  fnaninf.o(x$fpl$fnaninf)
    x$fpl$fpinit                             0x080062de   Section       10  fpinit.o(x$fpl$fpinit)
    $v0                                      0x080062de   Number         0  fpinit.o(x$fpl$fpinit)
    x$fpl$fretinf                            0x080062e8   Section       10  fretinf.o(x$fpl$fretinf)
    $v0                                      0x080062e8   Number         0  fretinf.o(x$fpl$fretinf)
    x$fpl$usenofp                            0x080062f2   Section        0  usenofp.o(x$fpl$usenofp)
    .constdata                               0x080062f4   Section        6  main.o(.constdata)
    .conststring                             0x080062fc   Section       37  main.o(.conststring)
    .data                                    0x20000000   Section       20  system_stm32f4xx.o(.data)
    .data                                    0x20000018   Section      272  main.o(.data)
    .data                                    0x20000128   Section       60  tasks.o(.data)
    pxDelayedTaskList                        0x2000012c   Data           4  tasks.o(.data)
    pxOverflowDelayedTaskList                0x20000130   Data           4  tasks.o(.data)
    uxDeletedTasksWaitingCleanUp             0x20000134   Data           4  tasks.o(.data)
    uxCurrentNumberOfTasks                   0x20000138   Data           4  tasks.o(.data)
    xTickCount                               0x2000013c   Data           4  tasks.o(.data)
    uxTopReadyPriority                       0x20000140   Data           4  tasks.o(.data)
    xSchedulerRunning                        0x20000144   Data           4  tasks.o(.data)
    uxPendedTicks                            0x20000148   Data           4  tasks.o(.data)
    xYieldPending                            0x2000014c   Data           4  tasks.o(.data)
    xNumOfOverflows                          0x20000150   Data           4  tasks.o(.data)
    uxTaskNumber                             0x20000154   Data           4  tasks.o(.data)
    xNextTaskUnblockTime                     0x20000158   Data           4  tasks.o(.data)
    xIdleTaskHandle                          0x2000015c   Data           4  tasks.o(.data)
    uxSchedulerSuspended                     0x20000160   Data           4  tasks.o(.data)
    .data                                    0x20000164   Section       20  timers.o(.data)
    pxCurrentTimerList                       0x20000164   Data           4  timers.o(.data)
    pxOverflowTimerList                      0x20000168   Data           4  timers.o(.data)
    xTimerQueue                              0x2000016c   Data           4  timers.o(.data)
    xTimerTaskHandle                         0x20000170   Data           4  timers.o(.data)
    xLastTime                                0x20000174   Data           4  timers.o(.data)
    .data                                    0x20000178   Section       12  port.o(.data)
    uxCriticalNesting                        0x20000178   Data           4  port.o(.data)
    ucMaxSysCallPriority                     0x2000017c   Data           1  port.o(.data)
    ulMaxPRIGROUPValue                       0x20000180   Data           4  port.o(.data)
    .data                                    0x20000184   Section       24  heap_2.o(.data)
    xStart                                   0x20000184   Data           8  heap_2.o(.data)
    xEnd                                     0x2000018c   Data           8  heap_2.o(.data)
    xFreeBytesRemaining                      0x20000194   Data           4  heap_2.o(.data)
    xHeapHasBeenInitialised                  0x20000198   Data           4  heap_2.o(.data)
    .data                                    0x2000019c   Section       16  stm32f4xx_rcc.o(.data)
    APBAHBPrescTable                         0x2000019c   Data          16  stm32f4xx_rcc.o(.data)
    .bss                                     0x200001ac   Section       84  main.o(.bss)
    .bss                                     0x20000200   Section       32  codec.o(.bss)
    .bss                                     0x20000220   Section       64  queue.o(.bss)
    .bss                                     0x20000260   Section      200  tasks.o(.bss)
    pxReadyTasksLists                        0x20000260   Data         100  tasks.o(.bss)
    xDelayedTaskList1                        0x200002c4   Data          20  tasks.o(.bss)
    xDelayedTaskList2                        0x200002d8   Data          20  tasks.o(.bss)
    xPendingReadyList                        0x200002ec   Data          20  tasks.o(.bss)
    xTasksWaitingTermination                 0x20000300   Data          20  tasks.o(.bss)
    xSuspendedTaskList                       0x20000314   Data          20  tasks.o(.bss)
    .bss                                     0x20000328   Section       40  timers.o(.bss)
    xActiveTimerList1                        0x20000328   Data          20  timers.o(.bss)
    xActiveTimerList2                        0x2000033c   Data          20  timers.o(.bss)
    .bss                                     0x20000350   Section    76800  heap_2.o(.bss)
    ucHeap                                   0x20000350   Data       76800  heap_2.o(.bss)
    .bss                                     0x20012f50   Section       96  libspace.o(.bss)
    HEAP                                     0x20012fb0   Section      512  startup_stm32f4xx.o(HEAP)
    Heap_Mem                                 0x20012fb0   Data         512  startup_stm32f4xx.o(HEAP)
    STACK                                    0x200131b0   Section     1024  startup_stm32f4xx.o(STACK)
    Stack_Mem                                0x200131b0   Data        1024  startup_stm32f4xx.o(STACK)
    __initial_sp                             0x200135b0   Data           0  startup_stm32f4xx.o(STACK)

    Global Symbols

    Symbol Name                              Value     Ov Type        Size  Object(Section)

    BuildAttributes$$THM_ISAv4$E$P$D$K$B$S$7EM$VFPi3$EXTD16$VFPS$VFMA$PE$A:L22UL41UL21$X:L11$S22US41US21$IEEE1$IW$USESV6$~STKCKD$USESV7$~SHL$OSPACE$ROPI$EBA8$UX$STANDARDLIB$REQ8$PRES8$EABIv2 0x00000000   Number         0  anon$$obj.o ABSOLUTE
    __ARM_use_no_argv                        0x00000000   Number         0  main.o ABSOLUTE
    __ARM_exceptions_init                     - Undefined Weak Reference
    __alloca_initialize                       - Undefined Weak Reference
    __arm_preinit_                            - Undefined Weak Reference
    __cpp_initialize__aeabi_                  - Undefined Weak Reference
    __cxa_finalize                            - Undefined Weak Reference
    __rt_locale                               - Undefined Weak Reference
    __sigvec_lookup                           - Undefined Weak Reference
    _atexit_init                              - Undefined Weak Reference
    _call_atexit_fns                          - Undefined Weak Reference
    _clock_init                               - Undefined Weak Reference
    _fp_trap_init                             - Undefined Weak Reference
    _fp_trap_shutdown                         - Undefined Weak Reference
    _get_lc_collate                           - Undefined Weak Reference
    _get_lc_ctype                             - Undefined Weak Reference
    _get_lc_monetary                          - Undefined Weak Reference
    _get_lc_numeric                           - Undefined Weak Reference
    _get_lc_time                              - Undefined Weak Reference
    _getenv_init                              - Undefined Weak Reference
    _handle_redirection                       - Undefined Weak Reference
    _init_alloc                               - Undefined Weak Reference
    _init_user_alloc                          - Undefined Weak Reference
    _initio                                   - Undefined Weak Reference
    _rand_init                                - Undefined Weak Reference
    _signal_finish                            - Undefined Weak Reference
    _signal_init                              - Undefined Weak Reference
    _terminate_alloc                          - Undefined Weak Reference
    _terminate_user_alloc                     - Undefined Weak Reference
    _terminateio                              - Undefined Weak Reference
    __Vectors_Size                           0x00000188   Number         0  startup_stm32f4xx.o ABSOLUTE
    __Vectors                                0x08000000   Data           4  startup_stm32f4xx.o(RESET)
    __Vectors_End                            0x08000188   Data           0  startup_stm32f4xx.o(RESET)
    __main                                   0x08000189   Thumb Code     8  __main.o(!!!main)
    __scatterload                            0x08000191   Thumb Code     0  __scatter.o(!!!scatter)
    __scatterload_rt2                        0x08000191   Thumb Code    44  __scatter.o(!!!scatter)
    __scatterload_rt2_thumb_only             0x08000191   Thumb Code     0  __scatter.o(!!!scatter)
    __scatterload_null                       0x0800019f   Thumb Code     0  __scatter.o(!!!scatter)
    __decompress                             0x080001c5   Thumb Code    90  __dczerorl2.o(!!dczerorl2)
    __decompress1                            0x080001c5   Thumb Code     0  __dczerorl2.o(!!dczerorl2)
    __scatterload_zeroinit                   0x08000221   Thumb Code    28  __scatter_zi.o(!!handler_zi)
    __rt_lib_init                            0x0800023d   Thumb Code     0  libinit.o(.ARM.Collect$$libinit$$00000000)
    __rt_lib_init_fp_1                       0x0800023f   Thumb Code     0  libinit2.o(.ARM.Collect$$libinit$$00000001)
    __rt_lib_init_alloca_1                   0x08000243   Thumb Code     0  libinit2.o(.ARM.Collect$$libinit$$0000002E)
    __rt_lib_init_argv_1                     0x08000243   Thumb Code     0  libinit2.o(.ARM.Collect$$libinit$$0000002C)
    __rt_lib_init_atexit_1                   0x08000243   Thumb Code     0  libinit2.o(.ARM.Collect$$libinit$$0000001B)
    __rt_lib_init_clock_1                    0x08000243   Thumb Code     0  libinit2.o(.ARM.Collect$$libinit$$00000021)
    __rt_lib_init_cpp_1                      0x08000243   Thumb Code     0  libinit2.o(.ARM.Collect$$libinit$$00000032)
    __rt_lib_init_exceptions_1               0x08000243   Thumb Code     0  libinit2.o(.ARM.Collect$$libinit$$00000030)
    __rt_lib_init_fp_trap_1                  0x08000243   Thumb Code     0  libinit2.o(.ARM.Collect$$libinit$$0000001F)
    __rt_lib_init_getenv_1                   0x08000243   Thumb Code     0  libinit2.o(.ARM.Collect$$libinit$$00000023)
    __rt_lib_init_heap_1                     0x08000243   Thumb Code     0  libinit2.o(.ARM.Collect$$libinit$$0000000A)
    __rt_lib_init_lc_collate_1               0x08000243   Thumb Code     0  libinit2.o(.ARM.Collect$$libinit$$00000011)
    __rt_lib_init_lc_ctype_1                 0x08000243   Thumb Code     0  libinit2.o(.ARM.Collect$$libinit$$00000013)
    __rt_lib_init_lc_monetary_1              0x08000243   Thumb Code     0  libinit2.o(.ARM.Collect$$libinit$$00000015)
    __rt_lib_init_lc_numeric_1               0x08000243   Thumb Code     0  libinit2.o(.ARM.Collect$$libinit$$00000017)
    __rt_lib_init_lc_time_1                  0x08000243   Thumb Code     0  libinit2.o(.ARM.Collect$$libinit$$00000019)
    __rt_lib_init_preinit_1                  0x08000243   Thumb Code     0  libinit2.o(.ARM.Collect$$libinit$$00000004)
    __rt_lib_init_rand_1                     0x08000243   Thumb Code     0  libinit2.o(.ARM.Collect$$libinit$$0000000E)
    __rt_lib_init_return                     0x08000243   Thumb Code     0  libinit2.o(.ARM.Collect$$libinit$$00000033)
    __rt_lib_init_signal_1                   0x08000243   Thumb Code     0  libinit2.o(.ARM.Collect$$libinit$$0000001D)
    __rt_lib_init_stdio_1                    0x08000243   Thumb Code     0  libinit2.o(.ARM.Collect$$libinit$$00000025)
    __rt_lib_init_user_alloc_1               0x08000243   Thumb Code     0  libinit2.o(.ARM.Collect$$libinit$$0000000C)
    __rt_lib_shutdown                        0x08000245   Thumb Code     0  libshutdown.o(.ARM.Collect$$libshutdown$$00000000)
    __rt_lib_shutdown_cpp_1                  0x08000247   Thumb Code     0  libshutdown2.o(.ARM.Collect$$libshutdown$$00000002)
    __rt_lib_shutdown_fp_trap_1              0x08000247   Thumb Code     0  libshutdown2.o(.ARM.Collect$$libshutdown$$00000007)
    __rt_lib_shutdown_heap_1                 0x08000247   Thumb Code     0  libshutdown2.o(.ARM.Collect$$libshutdown$$0000000F)
    __rt_lib_shutdown_return                 0x08000247   Thumb Code     0  libshutdown2.o(.ARM.Collect$$libshutdown$$00000010)
    __rt_lib_shutdown_signal_1               0x08000247   Thumb Code     0  libshutdown2.o(.ARM.Collect$$libshutdown$$0000000A)
    __rt_lib_shutdown_stdio_1                0x08000247   Thumb Code     0  libshutdown2.o(.ARM.Collect$$libshutdown$$00000004)
    __rt_lib_shutdown_user_alloc_1           0x08000247   Thumb Code     0  libshutdown2.o(.ARM.Collect$$libshutdown$$0000000C)
    __rt_entry                               0x08000249   Thumb Code     0  __rtentry.o(.ARM.Collect$$rtentry$$00000000)
    __rt_entry_presh_1                       0x08000249   Thumb Code     0  __rtentry2.o(.ARM.Collect$$rtentry$$00000002)
    __rt_entry_sh                            0x08000249   Thumb Code     0  __rtentry4.o(.ARM.Collect$$rtentry$$00000004)
    __rt_entry_li                            0x0800024f   Thumb Code     0  __rtentry2.o(.ARM.Collect$$rtentry$$0000000A)
    __rt_entry_postsh_1                      0x0800024f   Thumb Code     0  __rtentry2.o(.ARM.Collect$$rtentry$$00000009)
    __rt_entry_main                          0x08000253   Thumb Code     0  __rtentry2.o(.ARM.Collect$$rtentry$$0000000D)
    __rt_entry_postli_1                      0x08000253   Thumb Code     0  __rtentry2.o(.ARM.Collect$$rtentry$$0000000C)
    __rt_exit                                0x0800025b   Thumb Code     0  rtexit.o(.ARM.Collect$$rtexit$$00000000)
    __rt_exit_ls                             0x0800025d   Thumb Code     0  rtexit2.o(.ARM.Collect$$rtexit$$00000003)
    __rt_exit_prels_1                        0x0800025d   Thumb Code     0  rtexit2.o(.ARM.Collect$$rtexit$$00000002)
    __rt_exit_exit                           0x08000261   Thumb Code     0  rtexit2.o(.ARM.Collect$$rtexit$$00000004)
    SVC_Handler                              0x08000269   Thumb Code    28  port.o(.emb_text)
    __asm___6_port_c_39a90d8d__prvStartFirstTask 0x08000289   Thumb Code    36  port.o(.emb_text)
    __asm___6_port_c_39a90d8d__prvEnableVFP  0x080002b1   Thumb Code    16  port.o(.emb_text)
    PendSV_Handler                           0x080002c5   Thumb Code    88  port.o(.emb_text)
    vPortGetIPSR                             0x08000321   Thumb Code     6  port.o(.emb_text)
    Reset_Handler                            0x08000329   Thumb Code     8  startup_stm32f4xx.o(.text)
    ADC_IRQHandler                           0x08000343   Thumb Code     0  startup_stm32f4xx.o(.text)
    CAN1_RX0_IRQHandler                      0x08000343   Thumb Code     0  startup_stm32f4xx.o(.text)
    CAN1_RX1_IRQHandler                      0x08000343   Thumb Code     0  startup_stm32f4xx.o(.text)
    CAN1_SCE_IRQHandler                      0x08000343   Thumb Code     0  startup_stm32f4xx.o(.text)
    CAN1_TX_IRQHandler                       0x08000343   Thumb Code     0  startup_stm32f4xx.o(.text)
    CAN2_RX0_IRQHandler                      0x08000343   Thumb Code     0  startup_stm32f4xx.o(.text)
    CAN2_RX1_IRQHandler                      0x08000343   Thumb Code     0  startup_stm32f4xx.o(.text)
    CAN2_SCE_IRQHandler                      0x08000343   Thumb Code     0  startup_stm32f4xx.o(.text)
    CAN2_TX_IRQHandler                       0x08000343   Thumb Code     0  startup_stm32f4xx.o(.text)
    CRYP_IRQHandler                          0x08000343   Thumb Code     0  startup_stm32f4xx.o(.text)
    DCMI_IRQHandler                          0x08000343   Thumb Code     0  startup_stm32f4xx.o(.text)
    DMA1_Stream0_IRQHandler                  0x08000343   Thumb Code     0  startup_stm32f4xx.o(.text)
    DMA1_Stream1_IRQHandler                  0x08000343   Thumb Code     0  startup_stm32f4xx.o(.text)
    DMA1_Stream2_IRQHandler                  0x08000343   Thumb Code     0  startup_stm32f4xx.o(.text)
    DMA1_Stream3_IRQHandler                  0x08000343   Thumb Code     0  startup_stm32f4xx.o(.text)
    DMA1_Stream4_IRQHandler                  0x08000343   Thumb Code     0  startup_stm32f4xx.o(.text)
    DMA1_Stream5_IRQHandler                  0x08000343   Thumb Code     0  startup_stm32f4xx.o(.text)
    DMA1_Stream6_IRQHandler                  0x08000343   Thumb Code     0  startup_stm32f4xx.o(.text)
    DMA1_Stream7_IRQHandler                  0x08000343   Thumb Code     0  startup_stm32f4xx.o(.text)
    DMA2_Stream0_IRQHandler                  0x08000343   Thumb Code     0  startup_stm32f4xx.o(.text)
    DMA2_Stream1_IRQHandler                  0x08000343   Thumb Code     0  startup_stm32f4xx.o(.text)
    DMA2_Stream2_IRQHandler                  0x08000343   Thumb Code     0  startup_stm32f4xx.o(.text)
    DMA2_Stream3_IRQHandler                  0x08000343   Thumb Code     0  startup_stm32f4xx.o(.text)
    DMA2_Stream4_IRQHandler                  0x08000343   Thumb Code     0  startup_stm32f4xx.o(.text)
    DMA2_Stream5_IRQHandler                  0x08000343   Thumb Code     0  startup_stm32f4xx.o(.text)
    DMA2_Stream6_IRQHandler                  0x08000343   Thumb Code     0  startup_stm32f4xx.o(.text)
    DMA2_Stream7_IRQHandler                  0x08000343   Thumb Code     0  startup_stm32f4xx.o(.text)
    ETH_IRQHandler                           0x08000343   Thumb Code     0  startup_stm32f4xx.o(.text)
    ETH_WKUP_IRQHandler                      0x08000343   Thumb Code     0  startup_stm32f4xx.o(.text)
    EXTI0_IRQHandler                         0x08000343   Thumb Code     0  startup_stm32f4xx.o(.text)
    EXTI15_10_IRQHandler                     0x08000343   Thumb Code     0  startup_stm32f4xx.o(.text)
    EXTI1_IRQHandler                         0x08000343   Thumb Code     0  startup_stm32f4xx.o(.text)
    EXTI2_IRQHandler                         0x08000343   Thumb Code     0  startup_stm32f4xx.o(.text)
    EXTI3_IRQHandler                         0x08000343   Thumb Code     0  startup_stm32f4xx.o(.text)
    EXTI4_IRQHandler                         0x08000343   Thumb Code     0  startup_stm32f4xx.o(.text)
    EXTI9_5_IRQHandler                       0x08000343   Thumb Code     0  startup_stm32f4xx.o(.text)
    FLASH_IRQHandler                         0x08000343   Thumb Code     0  startup_stm32f4xx.o(.text)
    FPU_IRQHandler                           0x08000343   Thumb Code     0  startup_stm32f4xx.o(.text)
    FSMC_IRQHandler                          0x08000343   Thumb Code     0  startup_stm32f4xx.o(.text)
    HASH_RNG_IRQHandler                      0x08000343   Thumb Code     0  startup_stm32f4xx.o(.text)
    I2C1_ER_IRQHandler                       0x08000343   Thumb Code     0  startup_stm32f4xx.o(.text)
    I2C1_EV_IRQHandler                       0x08000343   Thumb Code     0  startup_stm32f4xx.o(.text)
    I2C2_ER_IRQHandler                       0x08000343   Thumb Code     0  startup_stm32f4xx.o(.text)
    I2C2_EV_IRQHandler                       0x08000343   Thumb Code     0  startup_stm32f4xx.o(.text)
    I2C3_ER_IRQHandler                       0x08000343   Thumb Code     0  startup_stm32f4xx.o(.text)
    I2C3_EV_IRQHandler                       0x08000343   Thumb Code     0  startup_stm32f4xx.o(.text)
    OTG_FS_IRQHandler                        0x08000343   Thumb Code     0  startup_stm32f4xx.o(.text)
    OTG_FS_WKUP_IRQHandler                   0x08000343   Thumb Code     0  startup_stm32f4xx.o(.text)
    OTG_HS_EP1_IN_IRQHandler                 0x08000343   Thumb Code     0  startup_stm32f4xx.o(.text)
    OTG_HS_EP1_OUT_IRQHandler                0x08000343   Thumb Code     0  startup_stm32f4xx.o(.text)
    OTG_HS_IRQHandler                        0x08000343   Thumb Code     0  startup_stm32f4xx.o(.text)
    OTG_HS_WKUP_IRQHandler                   0x08000343   Thumb Code     0  startup_stm32f4xx.o(.text)
    PVD_IRQHandler                           0x08000343   Thumb Code     0  startup_stm32f4xx.o(.text)
    RCC_IRQHandler                           0x08000343   Thumb Code     0  startup_stm32f4xx.o(.text)
    RTC_Alarm_IRQHandler                     0x08000343   Thumb Code     0  startup_stm32f4xx.o(.text)
    RTC_WKUP_IRQHandler                      0x08000343   Thumb Code     0  startup_stm32f4xx.o(.text)
    SDIO_IRQHandler                          0x08000343   Thumb Code     0  startup_stm32f4xx.o(.text)
    SPI1_IRQHandler                          0x08000343   Thumb Code     0  startup_stm32f4xx.o(.text)
    SPI2_IRQHandler                          0x08000343   Thumb Code     0  startup_stm32f4xx.o(.text)
    SPI3_IRQHandler                          0x08000343   Thumb Code     0  startup_stm32f4xx.o(.text)
    TAMP_STAMP_IRQHandler                    0x08000343   Thumb Code     0  startup_stm32f4xx.o(.text)
    TIM1_BRK_TIM9_IRQHandler                 0x08000343   Thumb Code     0  startup_stm32f4xx.o(.text)
    TIM1_CC_IRQHandler                       0x08000343   Thumb Code     0  startup_stm32f4xx.o(.text)
    TIM1_TRG_COM_TIM11_IRQHandler            0x08000343   Thumb Code     0  startup_stm32f4xx.o(.text)
    TIM1_UP_TIM10_IRQHandler                 0x08000343   Thumb Code     0  startup_stm32f4xx.o(.text)
    TIM2_IRQHandler                          0x08000343   Thumb Code     0  startup_stm32f4xx.o(.text)
    TIM3_IRQHandler                          0x08000343   Thumb Code     0  startup_stm32f4xx.o(.text)
    TIM4_IRQHandler                          0x08000343   Thumb Code     0  startup_stm32f4xx.o(.text)
    TIM5_IRQHandler                          0x08000343   Thumb Code     0  startup_stm32f4xx.o(.text)
    TIM6_DAC_IRQHandler                      0x08000343   Thumb Code     0  startup_stm32f4xx.o(.text)
    TIM7_IRQHandler                          0x08000343   Thumb Code     0  startup_stm32f4xx.o(.text)
    TIM8_BRK_TIM12_IRQHandler                0x08000343   Thumb Code     0  startup_stm32f4xx.o(.text)
    TIM8_CC_IRQHandler                       0x08000343   Thumb Code     0  startup_stm32f4xx.o(.text)
    TIM8_TRG_COM_TIM14_IRQHandler            0x08000343   Thumb Code     0  startup_stm32f4xx.o(.text)
    TIM8_UP_TIM13_IRQHandler                 0x08000343   Thumb Code     0  startup_stm32f4xx.o(.text)
    UART4_IRQHandler                         0x08000343   Thumb Code     0  startup_stm32f4xx.o(.text)
    UART5_IRQHandler                         0x08000343   Thumb Code     0  startup_stm32f4xx.o(.text)
    USART1_IRQHandler                        0x08000343   Thumb Code     0  startup_stm32f4xx.o(.text)
    USART2_IRQHandler                        0x08000343   Thumb Code     0  startup_stm32f4xx.o(.text)
    USART3_IRQHandler                        0x08000343   Thumb Code     0  startup_stm32f4xx.o(.text)
    USART6_IRQHandler                        0x08000343   Thumb Code     0  startup_stm32f4xx.o(.text)
    WWDG_IRQHandler                          0x08000343   Thumb Code     0  startup_stm32f4xx.o(.text)
    __user_initial_stackheap                 0x08000345   Thumb Code     0  startup_stm32f4xx.o(.text)
    SystemInit                               0x08000445   Thumb Code    88  system_stm32f4xx.o(.text)
    SystemCoreClockUpdate                    0x0800049d   Thumb Code   174  system_stm32f4xx.o(.text)
    InitLeds                                 0x08000579   Thumb Code    50  main.o(.text)
    debug                                    0x080005ab   Thumb Code    14  main.o(.text)
    InitButton                               0x080005b9   Thumb Code    46  main.o(.text)
    vDoublePressEvent                        0x080005e7   Thumb Code     8  main.o(.text)
    vLongPressEvent                          0x080005ef   Thumb Code     2  main.o(.text)
    InitTimer                                0x080005f1   Thumb Code    52  main.o(.text)
    turnOnLed                                0x08000625   Thumb Code    24  main.o(.text)
    updateFilter                             0x0800063d   Thumb Code    88  main.o(.text)
    vPlaySound                               0x08000695   Thumb Code   268  main.o(.text)
    playSound                                0x080007a1   Thumb Code    22  main.o(.text)
    hasMissedDeadline                        0x080007b7   Thumb Code    30  main.o(.text)
    finishedCooking                          0x080007d5   Thumb Code    18  main.o(.text)
    maxPriority                              0x080007e7   Thumb Code    38  main.o(.text)
    fixedPriority                            0x0800080d   Thumb Code    78  main.o(.text)
    timeUntilDeadline                        0x0800085b   Thumb Code    22  main.o(.text)
    leastLaxityFirst                         0x08000871   Thumb Code   118  main.o(.text)
    earliestDeadlineFirst                    0x080008e7   Thumb Code   104  main.o(.text)
    chooseHigherPriority                     0x0800094f   Thumb Code   200  main.o(.text)
    vMissedDeadlineAlert                     0x08000a17   Thumb Code   148  main.o(.text)
    setAlgorithm                             0x08000aab   Thumb Code    36  main.o(.text)
    cycleSchedulerAlgorithm                  0x08000acf   Thumb Code    26  main.o(.text)
    startScheduler                           0x08000ae9   Thumb Code    44  main.o(.text)
    scheduler                                0x08000b15   Thumb Code   246  main.o(.text)
    startCooking                             0x08000c0b   Thumb Code    12  main.o(.text)
    stopCooking                              0x08000c17   Thumb Code    14  main.o(.text)
    shortPressEvent                          0x08000c25   Thumb Code     8  main.o(.text)
    longPressEvent                           0x08000c2d   Thumb Code    50  main.o(.text)
    doublePressEvent                         0x08000c5f   Thumb Code    32  main.o(.text)
    detectDoublePress                        0x08000c7f   Thumb Code   138  main.o(.text)
    detectShortOrLongPress                   0x08000d09   Thumb Code   118  main.o(.text)
    detectButtonPress                        0x08000d7f   Thumb Code    20  main.o(.text)
    pizzaTask                                0x08000d93   Thumb Code   154  main.o(.text)
    createTasks                              0x08000e2d   Thumb Code   152  main.o(.text)
    initFilter                               0x08000ec5   Thumb Code    96  main.o(.text)
    main                                     0x08000f25   Thumb Code    70  main.o(.text)
    NMI_Handler                              0x08000fbd   Thumb Code     2  stm32f4xx_it.o(.text)
    HardFault_Handler                        0x08000fbf   Thumb Code     4  stm32f4xx_it.o(.text)
    MemManage_Handler                        0x08000fc3   Thumb Code     4  stm32f4xx_it.o(.text)
    BusFault_Handler                         0x08000fc7   Thumb Code     4  stm32f4xx_it.o(.text)
    UsageFault_Handler                       0x08000fcb   Thumb Code     4  stm32f4xx_it.o(.text)
    DebugMon_Handler                         0x08000fcf   Thumb Code     2  stm32f4xx_it.o(.text)
    codec_init                               0x08000fd1   Thumb Code   314  codec.o(.text)
    send_codec_ctrl                          0x0800110b   Thumb Code   130  codec.o(.text)
    read_codec_register                      0x0800118d   Thumb Code   206  codec.o(.text)
    codec_ctrl_init                          0x0800125b   Thumb Code   346  codec.o(.text)
    vListInitialise                          0x080013e9   Thumb Code    26  list.o(.text)
    vListInitialiseItem                      0x08001403   Thumb Code     6  list.o(.text)
    vListInsertEnd                           0x08001409   Thumb Code    24  list.o(.text)
    vListInsert                              0x08001421   Thumb Code    52  list.o(.text)
    uxListRemove                             0x08001455   Thumb Code    40  list.o(.text)
    xQueueGenericReset                       0x0800147d   Thumb Code   146  queue.o(.text)
    xQueueGenericCreate                      0x08001539   Thumb Code    88  queue.o(.text)
    xQueueGenericSend                        0x080016a9   Thumb Code   420  queue.o(.text)
    xQueueCreateMutex                        0x08001869   Thumb Code    34  queue.o(.text)
    xQueueGiveMutexRecursive                 0x0800188b   Thumb Code    76  queue.o(.text)
    xQueueSemaphoreTake                      0x08001905   Thumb Code   434  queue.o(.text)
    xQueueTakeMutexRecursive                 0x08001ab7   Thumb Code    78  queue.o(.text)
    xQueueCreateCountingSemaphore            0x08001b05   Thumb Code    92  queue.o(.text)
    xQueueGenericSendFromISR                 0x08001b61   Thumb Code   248  queue.o(.text)
    xQueueGiveFromISR                        0x08001c59   Thumb Code   224  queue.o(.text)
    xQueueReceive                            0x08001d63   Thumb Code   362  queue.o(.text)
    xQueuePeek                               0x08001ecd   Thumb Code   362  queue.o(.text)
    xQueueReceiveFromISR                     0x08002037   Thumb Code   202  queue.o(.text)
    xQueuePeekFromISR                        0x08002101   Thumb Code   176  queue.o(.text)
    uxQueueMessagesWaiting                   0x080021b1   Thumb Code    42  queue.o(.text)
    uxQueueSpacesAvailable                   0x080021db   Thumb Code    52  queue.o(.text)
    uxQueueMessagesWaitingFromISR            0x0800220f   Thumb Code    30  queue.o(.text)
    vQueueUnregisterQueue                    0x0800222d   Thumb Code    44  queue.o(.text)
    vQueueDelete                             0x08002259   Thumb Code    44  queue.o(.text)
    uxQueueGetQueueNumber                    0x08002285   Thumb Code     6  queue.o(.text)
    vQueueSetQueueNumber                     0x0800228b   Thumb Code     4  queue.o(.text)
    ucQueueGetQueueType                      0x0800228f   Thumb Code     8  queue.o(.text)
    xQueueIsQueueEmptyFromISR                0x08002297   Thumb Code    38  queue.o(.text)
    xQueueIsQueueFullFromISR                 0x080022bd   Thumb Code    42  queue.o(.text)
    vQueueAddToRegistry                      0x080022e7   Thumb Code    38  queue.o(.text)
    pcQueueGetName                           0x0800230d   Thumb Code    38  queue.o(.text)
    vQueueWaitForMessageRestricted           0x08002333   Thumb Code    74  queue.o(.text)
    xTaskCreate                              0x08002517   Thumb Code    96  tasks.o(.text)
    vTaskDelete                              0x080025b3   Thumb Code   202  tasks.o(.text)
    xTaskIncrementTick                       0x0800267d   Thumb Code   358  tasks.o(.text)
    xTaskResumeAll                           0x080027e3   Thumb Code   224  tasks.o(.text)
    vTaskSuspendAll                          0x0800293f   Thumb Code    12  tasks.o(.text)
    vTaskDelayUntil                          0x0800294b   Thumb Code   200  tasks.o(.text)
    vTaskDelay                               0x08002a13   Thumb Code    82  tasks.o(.text)
    eTaskGetState                            0x08002a65   Thumb Code   112  tasks.o(.text)
    uxTaskPriorityGet                        0x08002ad5   Thumb Code    30  tasks.o(.text)
    uxTaskPriorityGetFromISR                 0x08002af3   Thumb Code    62  tasks.o(.text)
    vTaskPrioritySet                         0x08002b31   Thumb Code   322  tasks.o(.text)
    vTaskSwitchContext                       0x08002c73   Thumb Code   118  tasks.o(.text)
    vTaskSuspend                             0x08002ce9   Thumb Code   210  tasks.o(.text)
    vTaskResume                              0x08002e0b   Thumb Code   128  tasks.o(.text)
    xTaskResumeFromISR                       0x08002e8b   Thumb Code   158  tasks.o(.text)
    vTaskStartScheduler                      0x08002f85   Thumb Code   192  tasks.o(.text)
    vTaskEndScheduler                        0x08003045   Thumb Code    32  tasks.o(.text)
    xTaskGetTickCount                        0x08003065   Thumb Code     6  tasks.o(.text)
    xTaskGetTickCountFromISR                 0x0800306b   Thumb Code    16  tasks.o(.text)
    uxTaskGetNumberOfTasks                   0x0800307b   Thumb Code     6  tasks.o(.text)
    pcTaskGetName                            0x08003081   Thumb Code    44  tasks.o(.text)
    vTaskGetInfo                             0x080030c3   Thumb Code   126  tasks.o(.text)
    uxTaskGetSystemState                     0x080031ab   Thumb Code   152  tasks.o(.text)
    vTaskPlaceOnEventList                    0x08003243   Thumb Code    52  tasks.o(.text)
    vTaskPlaceOnUnorderedEventList           0x08003277   Thumb Code   100  tasks.o(.text)
    vTaskPlaceOnEventListRestricted          0x080032db   Thumb Code    60  tasks.o(.text)
    xTaskRemoveFromEventList                 0x08003317   Thumb Code   128  tasks.o(.text)
    vTaskRemoveFromUnorderedEventList        0x08003397   Thumb Code   142  tasks.o(.text)
    vTaskSetTimeOutState                     0x08003425   Thumb Code   102  tasks.o(.text)
    vTaskInternalSetTimeOutState             0x0800348b   Thumb Code    14  tasks.o(.text)
    xTaskCheckForTimeOut                     0x08003499   Thumb Code   132  tasks.o(.text)
    vTaskMissedYield                         0x0800351d   Thumb Code     8  tasks.o(.text)
    uxTaskGetTaskNumber                      0x08003525   Thumb Code    14  tasks.o(.text)
    vTaskSetTaskNumber                       0x08003533   Thumb Code     8  tasks.o(.text)
    xTaskGetCurrentTaskHandle                0x0800353b   Thumb Code     6  tasks.o(.text)
    xTaskGetSchedulerState                   0x08003541   Thumb Code    24  tasks.o(.text)
    xTaskPriorityInherit                     0x08003559   Thumb Code   186  tasks.o(.text)
    xTaskPriorityDisinherit                  0x08003613   Thumb Code   188  tasks.o(.text)
    vTaskPriorityDisinheritAfterTimeout      0x080036cf   Thumb Code   230  tasks.o(.text)
    uxTaskResetEventItemValue                0x080037b5   Thumb Code    24  tasks.o(.text)
    pvTaskIncrementMutexHeldCount            0x080037cd   Thumb Code    26  tasks.o(.text)
    ulTaskNotifyTake                         0x080037e7   Thumb Code   108  tasks.o(.text)
    xTaskNotifyWait                          0x08003853   Thumb Code   188  tasks.o(.text)
    xTaskGenericNotify                       0x0800390f   Thumb Code   242  tasks.o(.text)
    xTaskGenericNotifyFromISR                0x08003a01   Thumb Code   298  tasks.o(.text)
    vTaskNotifyGiveFromISR                   0x08003b2b   Thumb Code   216  tasks.o(.text)
    xTaskNotifyStateClear                    0x08003c03   Thumb Code    48  tasks.o(.text)
    xTimerGenericCommand                     0x08003ca1   Thumb Code   126  timers.o(.text)
    xTimerCreateTimerTask                    0x08004017   Thumb Code   118  timers.o(.text)
    xTimerCreate                             0x080040db   Thumb Code    48  timers.o(.text)
    xTimerGetTimerDaemonTaskHandle           0x0800410b   Thumb Code    42  timers.o(.text)
    xTimerGetPeriod                          0x08004135   Thumb Code    32  timers.o(.text)
    xTimerGetExpiryTime                      0x08004155   Thumb Code    34  timers.o(.text)
    pcTimerGetName                           0x08004177   Thumb Code    32  timers.o(.text)
    xTimerIsTimerActive                      0x08004197   Thumb Code    56  timers.o(.text)
    pvTimerGetTimerID                        0x080041cf   Thumb Code    44  timers.o(.text)
    vTimerSetTimerID                         0x080041fb   Thumb Code    44  timers.o(.text)
    uxTimerGetTimerNumber                    0x08004227   Thumb Code     6  timers.o(.text)
    vTimerSetTimerNumber                     0x0800422d   Thumb Code     4  timers.o(.text)
    pxPortInitialiseStack                    0x08004271   Thumb Code    38  port.o(.text)
    vPortSetupTimerInterrupt                 0x08004297   Thumb Code    36  port.o(.text)
    xPortStartScheduler                      0x080042bb   Thumb Code   372  port.o(.text)
    vPortEndScheduler                        0x0800442f   Thumb Code    42  port.o(.text)
    vPortEnterCritical                       0x08004459   Thumb Code    78  port.o(.text)
    vPortExitCritical                        0x080044a7   Thumb Code    56  port.o(.text)
    SysTick_Handler                          0x080044df   Thumb Code    48  port.o(.text)
    vPortValidateInterruptPriority           0x0800450f   Thumb Code   108  port.o(.text)
    pvPortMalloc                             0x080045c7   Thumb Code   164  heap_2.o(.text)
    vPortFree                                0x0800466b   Thumb Code    56  heap_2.o(.text)
    xPortGetFreeHeapSize                     0x080046a3   Thumb Code     6  heap_2.o(.text)
    vPortInitialiseBlocks                    0x080046a9   Thumb Code     2  heap_2.o(.text)
    NVIC_PriorityGroupConfig                 0x080046c5   Thumb Code    10  misc.o(.text)
    NVIC_Init                                0x080046cf   Thumb Code   106  misc.o(.text)
    NVIC_SetVectorTable                      0x08004739   Thumb Code    14  misc.o(.text)
    NVIC_SystemLPConfig                      0x08004747   Thumb Code    34  misc.o(.text)
    SysTick_CLKSourceConfig                  0x08004769   Thumb Code    40  misc.o(.text)
    GPIO_DeInit                              0x080047a5   Thumb Code   268  stm32f4xx_gpio.o(.text)
    GPIO_Init                                0x080048b1   Thumb Code   144  stm32f4xx_gpio.o(.text)
    GPIO_StructInit                          0x08004941   Thumb Code    18  stm32f4xx_gpio.o(.text)
    GPIO_PinLockConfig                       0x08004953   Thumb Code    34  stm32f4xx_gpio.o(.text)
    GPIO_ReadInputDataBit                    0x08004975   Thumb Code    18  stm32f4xx_gpio.o(.text)
    GPIO_ReadInputData                       0x08004987   Thumb Code     8  stm32f4xx_gpio.o(.text)
    GPIO_ReadOutputDataBit                   0x0800498f   Thumb Code    18  stm32f4xx_gpio.o(.text)
    GPIO_ReadOutputData                      0x080049a1   Thumb Code     8  stm32f4xx_gpio.o(.text)
    GPIO_SetBits                             0x080049a9   Thumb Code     4  stm32f4xx_gpio.o(.text)
    GPIO_ResetBits                           0x080049ad   Thumb Code     4  stm32f4xx_gpio.o(.text)
    GPIO_WriteBit                            0x080049b1   Thumb Code    10  stm32f4xx_gpio.o(.text)
    GPIO_Write                               0x080049bb   Thumb Code     4  stm32f4xx_gpio.o(.text)
    GPIO_ToggleBits                          0x080049bf   Thumb Code     8  stm32f4xx_gpio.o(.text)
    GPIO_PinAFConfig                         0x080049c7   Thumb Code    70  stm32f4xx_gpio.o(.text)
    I2C_DeInit                               0x08004a39   Thumb Code    82  stm32f4xx_i2c.o(.text)
    I2C_Init                                 0x08004a8b   Thumb Code   218  stm32f4xx_i2c.o(.text)
    I2C_StructInit                           0x08004b65   Thumb Code    30  stm32f4xx_i2c.o(.text)
    I2C_Cmd                                  0x08004b83   Thumb Code    24  stm32f4xx_i2c.o(.text)
    I2C_AnalogFilterCmd                      0x08004b9b   Thumb Code    24  stm32f4xx_i2c.o(.text)
    I2C_DigitalFilterConfig                  0x08004bb3   Thumb Code    22  stm32f4xx_i2c.o(.text)
    I2C_GenerateSTART                        0x08004bc9   Thumb Code    24  stm32f4xx_i2c.o(.text)
    I2C_GenerateSTOP                         0x08004be1   Thumb Code    24  stm32f4xx_i2c.o(.text)
    I2C_Send7bitAddress                      0x08004bf9   Thumb Code    16  stm32f4xx_i2c.o(.text)
    I2C_AcknowledgeConfig                    0x08004c09   Thumb Code    24  stm32f4xx_i2c.o(.text)
    I2C_OwnAddress2Config                    0x08004c21   Thumb Code    22  stm32f4xx_i2c.o(.text)
    I2C_DualAddressCmd                       0x08004c37   Thumb Code    24  stm32f4xx_i2c.o(.text)
    I2C_GeneralCallCmd                       0x08004c4f   Thumb Code    24  stm32f4xx_i2c.o(.text)
    I2C_SoftwareResetCmd                     0x08004c67   Thumb Code    22  stm32f4xx_i2c.o(.text)
    I2C_StretchClockCmd                      0x08004c7d   Thumb Code    24  stm32f4xx_i2c.o(.text)
    I2C_FastModeDutyCycleConfig              0x08004c95   Thumb Code    28  stm32f4xx_i2c.o(.text)
    I2C_NACKPositionConfig                   0x08004cb1   Thumb Code    28  stm32f4xx_i2c.o(.text)
    I2C_SMBusAlertConfig                     0x08004ccd   Thumb Code    28  stm32f4xx_i2c.o(.text)
    I2C_ARPCmd                               0x08004ce9   Thumb Code    24  stm32f4xx_i2c.o(.text)
    I2C_SendData                             0x08004d01   Thumb Code     4  stm32f4xx_i2c.o(.text)
    I2C_ReceiveData                          0x08004d05   Thumb Code     8  stm32f4xx_i2c.o(.text)
    I2C_TransmitPEC                          0x08004d0d   Thumb Code    24  stm32f4xx_i2c.o(.text)
    I2C_PECPositionConfig                    0x08004d25   Thumb Code    28  stm32f4xx_i2c.o(.text)
    I2C_CalculatePEC                         0x08004d41   Thumb Code    24  stm32f4xx_i2c.o(.text)
    I2C_GetPEC                               0x08004d59   Thumb Code     8  stm32f4xx_i2c.o(.text)
    I2C_DMACmd                               0x08004d61   Thumb Code    24  stm32f4xx_i2c.o(.text)
    I2C_DMALastTransferCmd                   0x08004d79   Thumb Code    24  stm32f4xx_i2c.o(.text)
    I2C_ReadRegister                         0x08004d91   Thumb Code    22  stm32f4xx_i2c.o(.text)
    I2C_ITConfig                             0x08004da7   Thumb Code    18  stm32f4xx_i2c.o(.text)
    I2C_CheckEvent                           0x08004db9   Thumb Code    42  stm32f4xx_i2c.o(.text)
    I2C_GetLastEvent                         0x08004de3   Thumb Code    26  stm32f4xx_i2c.o(.text)
    I2C_GetFlagStatus                        0x08004dfd   Thumb Code    84  stm32f4xx_i2c.o(.text)
    I2C_ClearFlag                            0x08004e51   Thumb Code    12  stm32f4xx_i2c.o(.text)
    I2C_GetITStatus                          0x08004e5d   Thumb Code    38  stm32f4xx_i2c.o(.text)
    I2C_ClearITPendingBit                    0x08004e83   Thumb Code    12  stm32f4xx_i2c.o(.text)
    RCC_DeInit                               0x08004e91   Thumb Code    82  stm32f4xx_rcc.o(.text)
    RCC_HSEConfig                            0x08004ee3   Thumb Code    14  stm32f4xx_rcc.o(.text)
    RCC_GetFlagStatus                        0x08004ef1   Thumb Code    60  stm32f4xx_rcc.o(.text)
    RCC_WaitForHSEStartUp                    0x08004f2d   Thumb Code    56  stm32f4xx_rcc.o(.text)
    RCC_AdjustHSICalibrationValue            0x08004f65   Thumb Code    20  stm32f4xx_rcc.o(.text)
    RCC_HSICmd                               0x08004f79   Thumb Code     6  stm32f4xx_rcc.o(.text)
    RCC_LSEConfig                            0x08004f7f   Thumb Code    46  stm32f4xx_rcc.o(.text)
    RCC_LSICmd                               0x08004fad   Thumb Code     6  stm32f4xx_rcc.o(.text)
    RCC_PLLConfig                            0x08004fb3   Thumb Code    32  stm32f4xx_rcc.o(.text)
    RCC_PLLCmd                               0x08004fd3   Thumb Code     6  stm32f4xx_rcc.o(.text)
    RCC_PLLI2SConfig                         0x08004fd9   Thumb Code    14  stm32f4xx_rcc.o(.text)
    RCC_PLLI2SCmd                            0x08004fe7   Thumb Code     6  stm32f4xx_rcc.o(.text)
    RCC_PLLSAIConfig                         0x08004fed   Thumb Code    20  stm32f4xx_rcc.o(.text)
    RCC_PLLSAICmd                            0x08005001   Thumb Code     6  stm32f4xx_rcc.o(.text)
    RCC_ClockSecuritySystemCmd               0x08005007   Thumb Code     6  stm32f4xx_rcc.o(.text)
    RCC_MCO1Config                           0x0800500d   Thumb Code    28  stm32f4xx_rcc.o(.text)
    RCC_MCO2Config                           0x08005029   Thumb Code    28  stm32f4xx_rcc.o(.text)
    RCC_SYSCLKConfig                         0x08005045   Thumb Code    20  stm32f4xx_rcc.o(.text)
    RCC_GetSYSCLKSource                      0x08005059   Thumb Code    12  stm32f4xx_rcc.o(.text)
    RCC_HCLKConfig                           0x08005065   Thumb Code    20  stm32f4xx_rcc.o(.text)
    RCC_PCLK1Config                          0x08005079   Thumb Code    20  stm32f4xx_rcc.o(.text)
    RCC_PCLK2Config                          0x0800508d   Thumb Code    22  stm32f4xx_rcc.o(.text)
    RCC_GetClocksFreq                        0x080050a3   Thumb Code   222  stm32f4xx_rcc.o(.text)
    RCC_RTCCLKConfig                         0x08005181   Thumb Code    54  stm32f4xx_rcc.o(.text)
    RCC_RTCCLKCmd                            0x080051b7   Thumb Code     8  stm32f4xx_rcc.o(.text)
    RCC_BackupResetCmd                       0x080051bf   Thumb Code     8  stm32f4xx_rcc.o(.text)
    RCC_I2SCLKConfig                         0x080051c7   Thumb Code     6  stm32f4xx_rcc.o(.text)
    RCC_SAIPLLI2SClkDivConfig                0x080051cd   Thumb Code    26  stm32f4xx_rcc.o(.text)
    RCC_SAIPLLSAIClkDivConfig                0x080051e7   Thumb Code    28  stm32f4xx_rcc.o(.text)
    RCC_SAIBlockACLKConfig                   0x08005203   Thumb Code    20  stm32f4xx_rcc.o(.text)
    RCC_SAIBlockBCLKConfig                   0x08005217   Thumb Code    20  stm32f4xx_rcc.o(.text)
    RCC_LTDCCLKDivConfig                     0x0800522b   Thumb Code    20  stm32f4xx_rcc.o(.text)
    RCC_TIMCLKPresConfig                     0x0800523f   Thumb Code     6  stm32f4xx_rcc.o(.text)
    RCC_AHB1PeriphClockCmd                   0x08005245   Thumb Code    34  stm32f4xx_rcc.o(.text)
    RCC_AHB2PeriphClockCmd                   0x08005267   Thumb Code    78  stm32f4xx_rcc.o(.text)
    RCC_AHB3PeriphClockCmd                   0x080052b5   Thumb Code    34  stm32f4xx_rcc.o(.text)
    RCC_APB1PeriphClockCmd                   0x080052d7   Thumb Code    34  stm32f4xx_rcc.o(.text)
    RCC_APB2PeriphClockCmd                   0x080052f9   Thumb Code    34  stm32f4xx_rcc.o(.text)
    RCC_AHB1PeriphResetCmd                   0x0800531b   Thumb Code    34  stm32f4xx_rcc.o(.text)
    RCC_AHB2PeriphResetCmd                   0x0800533d   Thumb Code    34  stm32f4xx_rcc.o(.text)
    RCC_AHB3PeriphResetCmd                   0x0800535f   Thumb Code    34  stm32f4xx_rcc.o(.text)
    RCC_APB1PeriphResetCmd                   0x08005381   Thumb Code    34  stm32f4xx_rcc.o(.text)
    RCC_APB2PeriphResetCmd                   0x080053a3   Thumb Code    34  stm32f4xx_rcc.o(.text)
    RCC_AHB1PeriphClockLPModeCmd             0x080053c5   Thumb Code    34  stm32f4xx_rcc.o(.text)
    RCC_AHB2PeriphClockLPModeCmd             0x080053e7   Thumb Code    34  stm32f4xx_rcc.o(.text)
    RCC_AHB3PeriphClockLPModeCmd             0x08005409   Thumb Code    34  stm32f4xx_rcc.o(.text)
    RCC_APB1PeriphClockLPModeCmd             0x0800542b   Thumb Code    34  stm32f4xx_rcc.o(.text)
    RCC_APB2PeriphClockLPModeCmd             0x0800544d   Thumb Code    34  stm32f4xx_rcc.o(.text)
    RCC_ITConfig                             0x0800546f   Thumb Code    34  stm32f4xx_rcc.o(.text)
    RCC_ClearFlag                            0x08005491   Thumb Code    18  stm32f4xx_rcc.o(.text)
    RCC_GetITStatus                          0x080054a3   Thumb Code    22  stm32f4xx_rcc.o(.text)
    RCC_ClearITPendingBit                    0x080054b9   Thumb Code     8  stm32f4xx_rcc.o(.text)
    SPI_I2S_DeInit                           0x080054c5   Thumb Code   152  stm32f4xx_spi.o(.text)
    SPI_Init                                 0x0800555d   Thumb Code    60  stm32f4xx_spi.o(.text)
    I2S_Init                                 0x08005599   Thumb Code   350  stm32f4xx_spi.o(.text)
    SPI_StructInit                           0x080056f7   Thumb Code    24  stm32f4xx_spi.o(.text)
    I2S_StructInit                           0x0800570f   Thumb Code    20  stm32f4xx_spi.o(.text)
    SPI_Cmd                                  0x08005723   Thumb Code    24  stm32f4xx_spi.o(.text)
    I2S_Cmd                                  0x0800573b   Thumb Code    24  stm32f4xx_spi.o(.text)
    SPI_DataSizeConfig                       0x08005753   Thumb Code    18  stm32f4xx_spi.o(.text)
    SPI_BiDirectionalLineConfig              0x08005765   Thumb Code    28  stm32f4xx_spi.o(.text)
    SPI_NSSInternalSoftwareConfig            0x08005781   Thumb Code    30  stm32f4xx_spi.o(.text)
    SPI_SSOutputCmd                          0x0800579f   Thumb Code    24  stm32f4xx_spi.o(.text)
    SPI_TIModeCmd                            0x080057b7   Thumb Code    24  stm32f4xx_spi.o(.text)
    I2S_FullDuplexConfig                     0x080057cf   Thumb Code    80  stm32f4xx_spi.o(.text)
    SPI_I2S_ReceiveData                      0x0800581f   Thumb Code     6  stm32f4xx_spi.o(.text)
    SPI_I2S_SendData                         0x08005825   Thumb Code     4  stm32f4xx_spi.o(.text)
    SPI_CalculateCRC                         0x08005829   Thumb Code    24  stm32f4xx_spi.o(.text)
    SPI_TransmitCRC                          0x08005841   Thumb Code    10  stm32f4xx_spi.o(.text)
    SPI_GetCRC                               0x0800584b   Thumb Code    16  stm32f4xx_spi.o(.text)
    SPI_GetCRCPolynomial                     0x0800585b   Thumb Code     6  stm32f4xx_spi.o(.text)
    SPI_I2S_DMACmd                           0x08005861   Thumb Code    18  stm32f4xx_spi.o(.text)
    SPI_I2S_ITConfig                         0x08005873   Thumb Code    32  stm32f4xx_spi.o(.text)
    SPI_I2S_GetFlagStatus                    0x08005893   Thumb Code    50  stm32f4xx_spi.o(.text)
    SPI_I2S_ClearFlag                        0x080058c5   Thumb Code     6  stm32f4xx_spi.o(.text)
    SPI_I2S_GetITStatus                      0x080058cb   Thumb Code    52  stm32f4xx_spi.o(.text)
    SPI_I2S_ClearITPendingBit                0x080058ff   Thumb Code    20  stm32f4xx_spi.o(.text)
    __aeabi_memcpy                           0x08005913   Thumb Code     0  rt_memcpy_v6.o(.text)
    __rt_memcpy                              0x08005913   Thumb Code   138  rt_memcpy_v6.o(.text)
    _memcpy_lastbytes                        0x08005979   Thumb Code     0  rt_memcpy_v6.o(.text)
    __aeabi_memset                           0x0800599d   Thumb Code    16  aeabi_memset.o(.text)
    __use_two_region_memory                  0x080059ad   Thumb Code     2  heapauxi.o(.text)
    __rt_heap_escrow$2region                 0x080059af   Thumb Code     2  heapauxi.o(.text)
    __rt_heap_expand$2region                 0x080059b1   Thumb Code     2  heapauxi.o(.text)
    __aeabi_memcpy4                          0x080059b3   Thumb Code     0  rt_memcpy_w.o(.text)
    __aeabi_memcpy8                          0x080059b3   Thumb Code     0  rt_memcpy_w.o(.text)
    __rt_memcpy_w                            0x080059b3   Thumb Code   100  rt_memcpy_w.o(.text)
    _memcpy_lastbytes_aligned                0x080059fb   Thumb Code     0  rt_memcpy_w.o(.text)
    __aeabi_memclr                           0x08005a17   Thumb Code     0  rt_memclr.o(.text)
    __rt_memclr                              0x08005a17   Thumb Code    68  rt_memclr.o(.text)
    _memset                                  0x08005a1b   Thumb Code     0  rt_memclr.o(.text)
    __aeabi_memclr4                          0x08005a5b   Thumb Code     0  rt_memclr_w.o(.text)
    __aeabi_memclr8                          0x08005a5b   Thumb Code     0  rt_memclr_w.o(.text)
    __rt_memclr_w                            0x08005a5b   Thumb Code    78  rt_memclr_w.o(.text)
    _memset_w                                0x08005a5f   Thumb Code     0  rt_memclr_w.o(.text)
    __user_setup_stackheap                   0x08005aa9   Thumb Code    74  sys_stackheap_outer.o(.text)
    exit                                     0x08005af3   Thumb Code    18  exit.o(.text)
    __user_libspace                          0x08005b05   Thumb Code     8  libspace.o(.text)
    __user_perproc_libspace                  0x08005b05   Thumb Code     0  libspace.o(.text)
    __user_perthread_libspace                0x08005b05   Thumb Code     0  libspace.o(.text)
    _sys_exit                                0x08005b0d   Thumb Code     8  sys_exit.o(.text)
    __I$use$semihosting                      0x08005b19   Thumb Code     0  use_no_semi.o(.text)
    __use_no_semihosting_swi                 0x08005b19   Thumb Code     2  use_no_semi.o(.text)
    __semihosting_library_function           0x08005b1b   Thumb Code     0  indicate_semi.o(.text)
    __aeabi_d2f                              0x08005b1d   Thumb Code     0  d2f.o(x$fpl$d2f)
    _d2f                                     0x08005b1d   Thumb Code    98  d2f.o(x$fpl$d2f)
    __aeabi_dadd                             0x08005b81   Thumb Code     0  daddsub_clz.o(x$fpl$dadd)
    _dadd                                    0x08005b81   Thumb Code   332  daddsub_clz.o(x$fpl$dadd)
    __fpl_dcmp_Inf                           0x08005cd1   Thumb Code    24  dcmpi.o(x$fpl$dcmpinf)
    __aeabi_d2iz                             0x08005ce9   Thumb Code     0  dfix.o(x$fpl$dfix)
    _dfix                                    0x08005ce9   Thumb Code    94  dfix.o(x$fpl$dfix)
    __aeabi_cdcmple                          0x08005d49   Thumb Code     0  dleqf.o(x$fpl$dleqf)
    _dcmple                                  0x08005d49   Thumb Code   120  dleqf.o(x$fpl$dleqf)
    __fpl_dcmple_InfNaN                      0x08005dab   Thumb Code     0  dleqf.o(x$fpl$dleqf)
    __aeabi_dmul                             0x08005dc1   Thumb Code     0  dmul.o(x$fpl$dmul)
    _dmul                                    0x08005dc1   Thumb Code   332  dmul.o(x$fpl$dmul)
    __fpl_dnaninf                            0x08005f15   Thumb Code   156  dnaninf.o(x$fpl$dnaninf)
    __fpl_dretinf                            0x08005fb1   Thumb Code    12  dretinf.o(x$fpl$dretinf)
    __aeabi_cdrcmple                         0x08005fbd   Thumb Code     0  drleqf.o(x$fpl$drleqf)
    _drcmple                                 0x08005fbd   Thumb Code   108  drleqf.o(x$fpl$drleqf)
    __aeabi_dsub                             0x08006029   Thumb Code     0  daddsub_clz.o(x$fpl$dsub)
    _dsub                                    0x08006029   Thumb Code   464  daddsub_clz.o(x$fpl$dsub)
    __aeabi_f2d                              0x080061fd   Thumb Code     0  f2d.o(x$fpl$f2d)
    _f2d                                     0x080061fd   Thumb Code    86  f2d.o(x$fpl$f2d)
    __fpl_fnaninf                            0x08006253   Thumb Code   140  fnaninf.o(x$fpl$fnaninf)
    _fp_init                                 0x080062df   Thumb Code    10  fpinit.o(x$fpl$fpinit)
    __fplib_config_fpu_vfp                   0x080062e7   Thumb Code     0  fpinit.o(x$fpl$fpinit)
    __fplib_config_pureend_doubles           0x080062e7   Thumb Code     0  fpinit.o(x$fpl$fpinit)
    __fpl_fretinf                            0x080062e9   Thumb Code    10  fretinf.o(x$fpl$fretinf)
    __I$use$fp                               0x080062f2   Number         0  usenofp.o(x$fpl$usenofp)
    Region$$Table$$Base                      0x08006324   Number         0  anon$$obj.o(Region$$Table)
    Region$$Table$$Limit                     0x08006344   Number         0  anon$$obj.o(Region$$Table)
    SystemCoreClock                          0x20000000   Data           4  system_stm32f4xx.o(.data)
    AHBPrescTable                            0x20000004   Data          16  system_stm32f4xx.o(.data)
    GPIO_InitStructure                       0x20000018   Data           8  main.o(.data)
    sampleCounter                            0x20000020   Data           4  main.o(.data)
    sample                                   0x20000024   Data           2  main.o(.data)
    sawWave                                  0x20000028   Data           8  main.o(.data)
    filteredSaw                              0x20000030   Data           4  main.o(.data)
    pizzas                                   0x20000034   Data         112  main.o(.data)
    schedulingAlgorithms                     0x200000a4   Data          12  main.o(.data)
    pizzaTasks                               0x200000b0   Data          80  main.o(.data)
    isDoublePress                            0x20000100   Data           1  main.o(.data)
    isCooking                                0x20000101   Data           1  main.o(.data)
    timeElapsed                              0x20000104   Data           4  main.o(.data)
    audioSemaphore                           0x20000108   Data           4  main.o(.data)
    missedDeadlineSemaphore                  0x2000010c   Data           4  main.o(.data)
    xButtonTimer                             0x20000110   Data           4  main.o(.data)
    xDoublePressTimer                        0x20000114   Data           4  main.o(.data)
    scheduledPizza                           0x20000118   Data           1  main.o(.data)
    schedulingDisciplineCompare              0x2000011c   Data           4  main.o(.data)
    soundQueue                               0x20000120   Data           4  main.o(.data)
    selectedAlgorithm                        0x20000124   Data           4  main.o(.data)
    pxCurrentTCB                             0x20000128   Data           4  tasks.o(.data)
    filt                                     0x200001ac   Data          68  main.o(.bss)
    missedDeadlines                          0x200001f0   Data          16  main.o(.bss)
    I2S_InitType                             0x20000200   Data          16  codec.o(.bss)
    I2C_InitType                             0x20000210   Data          16  codec.o(.bss)
    xQueueRegistry                           0x20000220   Data          64  queue.o(.bss)
    __libspace_start                         0x20012f50   Data          96  libspace.o(.bss)
    __temporary_stack_top$libspace           0x20012fb0   Data           0  libspace.o(.bss)



==============================================================================

Memory Map of the image

  Image Entry point : 0x08000189

  Load Region LR_IROM1 (Base: 0x08000000, Size: 0x000064f0, Max: 0x00100000, ABSOLUTE, COMPRESSED[0x000063c4])

    Execution Region ER_IROM1 (Exec base: 0x08000000, Load base: 0x08000000, Size: 0x00006344, Max: 0x00100000, ABSOLUTE)

    Exec Addr    Load Addr    Size         Type   Attr      Idx    E Section Name        Object

    0x08000000   0x08000000   0x00000188   Data   RO            3    RESET               startup_stm32f4xx.o
    0x08000188   0x08000188   0x00000008   Code   RO         1217  * !!!main             c_w.l(__main.o)
    0x08000190   0x08000190   0x00000034   Code   RO         1413    !!!scatter          c_w.l(__scatter.o)
    0x080001c4   0x080001c4   0x0000005a   Code   RO         1411    !!dczerorl2         c_w.l(__dczerorl2.o)
    0x0800021e   0x0800021e   0x00000002   PAD
    0x08000220   0x08000220   0x0000001c   Code   RO         1415    !!handler_zi        c_w.l(__scatter_zi.o)
    0x0800023c   0x0800023c   0x00000002   Code   RO         1281    .ARM.Collect$$libinit$$00000000  c_w.l(libinit.o)
    0x0800023e   0x0800023e   0x00000004   Code   RO         1287    .ARM.Collect$$libinit$$00000001  c_w.l(libinit2.o)
    0x08000242   0x08000242   0x00000000   Code   RO         1290    .ARM.Collect$$libinit$$00000004  c_w.l(libinit2.o)
    0x08000242   0x08000242   0x00000000   Code   RO         1293    .ARM.Collect$$libinit$$0000000A  c_w.l(libinit2.o)
    0x08000242   0x08000242   0x00000000   Code   RO         1295    .ARM.Collect$$libinit$$0000000C  c_w.l(libinit2.o)
    0x08000242   0x08000242   0x00000000   Code   RO         1297    .ARM.Collect$$libinit$$0000000E  c_w.l(libinit2.o)
    0x08000242   0x08000242   0x00000000   Code   RO         1300    .ARM.Collect$$libinit$$00000011  c_w.l(libinit2.o)
    0x08000242   0x08000242   0x00000000   Code   RO         1302    .ARM.Collect$$libinit$$00000013  c_w.l(libinit2.o)
    0x08000242   0x08000242   0x00000000   Code   RO         1304    .ARM.Collect$$libinit$$00000015  c_w.l(libinit2.o)
    0x08000242   0x08000242   0x00000000   Code   RO         1306    .ARM.Collect$$libinit$$00000017  c_w.l(libinit2.o)
    0x08000242   0x08000242   0x00000000   Code   RO         1308    .ARM.Collect$$libinit$$00000019  c_w.l(libinit2.o)
    0x08000242   0x08000242   0x00000000   Code   RO         1310    .ARM.Collect$$libinit$$0000001B  c_w.l(libinit2.o)
    0x08000242   0x08000242   0x00000000   Code   RO         1312    .ARM.Collect$$libinit$$0000001D  c_w.l(libinit2.o)
    0x08000242   0x08000242   0x00000000   Code   RO         1314    .ARM.Collect$$libinit$$0000001F  c_w.l(libinit2.o)
    0x08000242   0x08000242   0x00000000   Code   RO         1316    .ARM.Collect$$libinit$$00000021  c_w.l(libinit2.o)
    0x08000242   0x08000242   0x00000000   Code   RO         1318    .ARM.Collect$$libinit$$00000023  c_w.l(libinit2.o)
    0x08000242   0x08000242   0x00000000   Code   RO         1320    .ARM.Collect$$libinit$$00000025  c_w.l(libinit2.o)
    0x08000242   0x08000242   0x00000000   Code   RO         1324    .ARM.Collect$$libinit$$0000002C  c_w.l(libinit2.o)
    0x08000242   0x08000242   0x00000000   Code   RO         1326    .ARM.Collect$$libinit$$0000002E  c_w.l(libinit2.o)
    0x08000242   0x08000242   0x00000000   Code   RO         1328    .ARM.Collect$$libinit$$00000030  c_w.l(libinit2.o)
    0x08000242   0x08000242   0x00000000   Code   RO         1330    .ARM.Collect$$libinit$$00000032  c_w.l(libinit2.o)
    0x08000242   0x08000242   0x00000002   Code   RO         1331    .ARM.Collect$$libinit$$00000033  c_w.l(libinit2.o)
    0x08000244   0x08000244   0x00000002   Code   RO         1351    .ARM.Collect$$libshutdown$$00000000  c_w.l(libshutdown.o)
    0x08000246   0x08000246   0x00000000   Code   RO         1364    .ARM.Collect$$libshutdown$$00000002  c_w.l(libshutdown2.o)
    0x08000246   0x08000246   0x00000000   Code   RO         1366    .ARM.Collect$$libshutdown$$00000004  c_w.l(libshutdown2.o)
    0x08000246   0x08000246   0x00000000   Code   RO         1369    .ARM.Collect$$libshutdown$$00000007  c_w.l(libshutdown2.o)
    0x08000246   0x08000246   0x00000000   Code   RO         1372    .ARM.Collect$$libshutdown$$0000000A  c_w.l(libshutdown2.o)
    0x08000246   0x08000246   0x00000000   Code   RO         1374    .ARM.Collect$$libshutdown$$0000000C  c_w.l(libshutdown2.o)
    0x08000246   0x08000246   0x00000000   Code   RO         1377    .ARM.Collect$$libshutdown$$0000000F  c_w.l(libshutdown2.o)
    0x08000246   0x08000246   0x00000002   Code   RO         1378    .ARM.Collect$$libshutdown$$00000010  c_w.l(libshutdown2.o)
    0x08000248   0x08000248   0x00000000   Code   RO         1237    .ARM.Collect$$rtentry$$00000000  c_w.l(__rtentry.o)
    0x08000248   0x08000248   0x00000000   Code   RO         1254    .ARM.Collect$$rtentry$$00000002  c_w.l(__rtentry2.o)
    0x08000248   0x08000248   0x00000006   Code   RO         1266    .ARM.Collect$$rtentry$$00000004  c_w.l(__rtentry4.o)
    0x0800024e   0x0800024e   0x00000000   Code   RO         1256    .ARM.Collect$$rtentry$$00000009  c_w.l(__rtentry2.o)
    0x0800024e   0x0800024e   0x00000004   Code   RO         1257    .ARM.Collect$$rtentry$$0000000A  c_w.l(__rtentry2.o)
    0x08000252   0x08000252   0x00000000   Code   RO         1259    .ARM.Collect$$rtentry$$0000000C  c_w.l(__rtentry2.o)
    0x08000252   0x08000252   0x00000008   Code   RO         1260    .ARM.Collect$$rtentry$$0000000D  c_w.l(__rtentry2.o)
    0x0800025a   0x0800025a   0x00000002   Code   RO         1285    .ARM.Collect$$rtexit$$00000000  c_w.l(rtexit.o)
    0x0800025c   0x0800025c   0x00000000   Code   RO         1333    .ARM.Collect$$rtexit$$00000002  c_w.l(rtexit2.o)
    0x0800025c   0x0800025c   0x00000004   Code   RO         1334    .ARM.Collect$$rtexit$$00000003  c_w.l(rtexit2.o)
    0x08000260   0x08000260   0x00000006   Code   RO         1335    .ARM.Collect$$rtexit$$00000004  c_w.l(rtexit2.o)
    0x08000266   0x08000266   0x00000002   PAD
    0x08000268   0x08000268   0x000000be   Code   RO          459    .emb_text           port.o
    0x08000326   0x08000326   0x00000002   PAD
    0x08000328   0x08000328   0x00000040   Code   RO            4    .text               startup_stm32f4xx.o
    0x08000368   0x08000368   0x00000210   Code   RO           12    .text               system_stm32f4xx.o
    0x08000578   0x08000578   0x00000a44   Code   RO          139    .text               main.o
    0x08000fbc   0x08000fbc   0x00000014   Code   RO          244    .text               stm32f4xx_it.o
    0x08000fd0   0x08000fd0   0x00000418   Code   RO          267    .text               codec.o
    0x080013e8   0x080013e8   0x00000094   Code   RO          348    .text               list.o
    0x0800147c   0x0800147c   0x00000f04   Code   RO          371    .text               queue.o
    0x08002380   0x08002380   0x000018d0   Code   RO          397    .text               tasks.o
    0x08003c50   0x08003c50   0x000005e4   Code   RO          424    .text               timers.o
    0x08004234   0x08004234   0x0000036c   Code   RO          460    .text               port.o
    0x080045a0   0x080045a0   0x00000124   Code   RO          497    .text               heap_2.o
    0x080046c4   0x080046c4   0x000000e0   Code   RO          520    .text               misc.o
    0x080047a4   0x080047a4   0x00000294   Code   RO          843    .text               stm32f4xx_gpio.o
    0x08004a38   0x08004a38   0x00000456   Code   RO          923    .text               stm32f4xx_i2c.o
    0x08004e8e   0x08004e8e   0x00000002   PAD
    0x08004e90   0x08004e90   0x00000634   Code   RO         1006    .text               stm32f4xx_rcc.o
    0x080054c4   0x080054c4   0x0000044e   Code   RO         1111    .text               stm32f4xx_spi.o
    0x08005912   0x08005912   0x0000008a   Code   RO         1211    .text               c_w.l(rt_memcpy_v6.o)
    0x0800599c   0x0800599c   0x00000010   Code   RO         1213    .text               c_w.l(aeabi_memset.o)
    0x080059ac   0x080059ac   0x00000006   Code   RO         1215    .text               c_w.l(heapauxi.o)
    0x080059b2   0x080059b2   0x00000064   Code   RO         1238    .text               c_w.l(rt_memcpy_w.o)
    0x08005a16   0x08005a16   0x00000044   Code   RO         1240    .text               c_w.l(rt_memclr.o)
    0x08005a5a   0x08005a5a   0x0000004e   Code   RO         1268    .text               c_w.l(rt_memclr_w.o)
    0x08005aa8   0x08005aa8   0x0000004a   Code   RO         1272    .text               c_w.l(sys_stackheap_outer.o)
    0x08005af2   0x08005af2   0x00000012   Code   RO         1274    .text               c_w.l(exit.o)
    0x08005b04   0x08005b04   0x00000008   Code   RO         1282    .text               c_w.l(libspace.o)
    0x08005b0c   0x08005b0c   0x0000000c   Code   RO         1343    .text               c_w.l(sys_exit.o)
    0x08005b18   0x08005b18   0x00000002   Code   RO         1354    .text               c_w.l(use_no_semi.o)
    0x08005b1a   0x08005b1a   0x00000000   Code   RO         1356    .text               c_w.l(indicate_semi.o)
    0x08005b1a   0x08005b1a   0x00000002   PAD
    0x08005b1c   0x08005b1c   0x00000062   Code   RO         1219    x$fpl$d2f           fz_wm.l(d2f.o)
    0x08005b7e   0x08005b7e   0x00000002   PAD
    0x08005b80   0x08005b80   0x00000150   Code   RO         1221    x$fpl$dadd          fz_wm.l(daddsub_clz.o)
    0x08005cd0   0x08005cd0   0x00000018   Code   RO         1270    x$fpl$dcmpinf       fz_wm.l(dcmpi.o)
    0x08005ce8   0x08005ce8   0x0000005e   Code   RO         1227    x$fpl$dfix          fz_wm.l(dfix.o)
    0x08005d46   0x08005d46   0x00000002   PAD
    0x08005d48   0x08005d48   0x00000078   Code   RO         1242    x$fpl$dleqf         fz_wm.l(dleqf.o)
    0x08005dc0   0x08005dc0   0x00000154   Code   RO         1231    x$fpl$dmul          fz_wm.l(dmul.o)
    0x08005f14   0x08005f14   0x0000009c   Code   RO         1244    x$fpl$dnaninf       fz_wm.l(dnaninf.o)
    0x08005fb0   0x08005fb0   0x0000000c   Code   RO         1246    x$fpl$dretinf       fz_wm.l(dretinf.o)
    0x08005fbc   0x08005fbc   0x0000006c   Code   RO         1233    x$fpl$drleqf        fz_wm.l(drleqf.o)
    0x08006028   0x08006028   0x000001d4   Code   RO         1223    x$fpl$dsub          fz_wm.l(daddsub_clz.o)
    0x080061fc   0x080061fc   0x00000056   Code   RO         1235    x$fpl$f2d           fz_wm.l(f2d.o)
    0x08006252   0x08006252   0x0000008c   Code   RO         1248    x$fpl$fnaninf       fz_wm.l(fnaninf.o)
    0x080062de   0x080062de   0x0000000a   Code   RO         1341    x$fpl$fpinit        fz_wm.l(fpinit.o)
    0x080062e8   0x080062e8   0x0000000a   Code   RO         1250    x$fpl$fretinf       fz_wm.l(fretinf.o)
    0x080062f2   0x080062f2   0x00000000   Code   RO         1252    x$fpl$usenofp       fz_wm.l(usenofp.o)
    0x080062f2   0x080062f2   0x00000002   PAD
    0x080062f4   0x080062f4   0x00000006   Data   RO          141    .constdata          main.o
    0x080062fa   0x080062fa   0x00000002   PAD
    0x080062fc   0x080062fc   0x00000025   Data   RO          142    .conststring        main.o
    0x08006321   0x08006321   0x00000003   PAD
    0x08006324   0x08006324   0x00000020   Data   RO         1409    Region$$Table       anon$$obj.o


    Execution Region RW_IRAM1 (Exec base: 0x20000000, Load base: 0x08006344, Size: 0x000135b0, Max: 0x00020000, ABSOLUTE, COMPRESSED[0x00000080])

    Exec Addr    Load Addr    Size         Type   Attr      Idx    E Section Name        Object

    0x20000000   COMPRESSED   0x00000014   Data   RW           13    .data               system_stm32f4xx.o
    0x20000014   COMPRESSED   0x00000004   PAD
    0x20000018   COMPRESSED   0x00000110   Data   RW          143    .data               main.o
    0x20000128   COMPRESSED   0x0000003c   Data   RW          399    .data               tasks.o
    0x20000164   COMPRESSED   0x00000014   Data   RW          426    .data               timers.o
    0x20000178   COMPRESSED   0x0000000c   Data   RW          461    .data               port.o
    0x20000184   COMPRESSED   0x00000018   Data   RW          499    .data               heap_2.o
    0x2000019c   COMPRESSED   0x00000010   Data   RW         1007    .data               stm32f4xx_rcc.o
    0x200001ac        -       0x00000054   Zero   RW          140    .bss                main.o
    0x20000200        -       0x00000020   Zero   RW          268    .bss                codec.o
    0x20000220        -       0x00000040   Zero   RW          372    .bss                queue.o
    0x20000260        -       0x000000c8   Zero   RW          398    .bss                tasks.o
    0x20000328        -       0x00000028   Zero   RW          425    .bss                timers.o
    0x20000350        -       0x00012c00   Zero   RW          498    .bss                heap_2.o
    0x20012f50        -       0x00000060   Zero   RW         1283    .bss                c_w.l(libspace.o)
    0x20012fb0        -       0x00000200   Zero   RW            2    HEAP                startup_stm32f4xx.o
    0x200131b0        -       0x00000400   Zero   RW            1    STACK               startup_stm32f4xx.o


==============================================================================

Image component sizes


      Code (inc. data)   RO Data    RW Data    ZI Data      Debug   Object Name

      1048         52          0          0         32       2305   codec.o
         0          0          0          0          0       9404   event_groups.o
       292         26          0         24      76800       3292   heap_2.o
       148          0          0          0          0       1962   list.o
      2628        278         43        272         84      28623   main.o
       224         20          0          0          0       1993   misc.o
      1066         54          0         12          0       9051   port.o
      3844         18          0          0         64      18692   queue.o
        64         26        392          0       1536        876   startup_stm32f4xx.o
       660         44          0          0          0       4329   stm32f4xx_gpio.o
      1110         26          0          0          0       8851   stm32f4xx_i2c.o
        20          0          0          0          0        975   stm32f4xx_it.o
      1588         52          0         16          0      13102   stm32f4xx_rcc.o
      1102         32          0          0          0       7101   stm32f4xx_spi.o
       528         46          0         20          0     273655   system_stm32f4xx.o
      6352        338          0         60        200      26931   tasks.o
      1508         66          0         20         40      17238   timers.o

    ----------------------------------------------------------------------
     22186       1078        472        428      78756     428380   Object Totals
         0          0         32          0          0          0   (incl. Generated)
         4          0          5          4          0          0   (incl. Padding)

    ----------------------------------------------------------------------

      Code (inc. data)   RO Data    RW Data    ZI Data      Debug   Library Member Name

        90          0          0          0          0          0   __dczerorl2.o
         8          0          0          0          0         68   __main.o
         0          0          0          0          0          0   __rtentry.o
        12          0          0          0          0          0   __rtentry2.o
         6          0          0          0          0          0   __rtentry4.o
        52          8          0          0          0          0   __scatter.o
        28          0          0          0          0          0   __scatter_zi.o
        16          0          0          0          0         68   aeabi_memset.o
        18          0          0          0          0         80   exit.o
         6          0          0          0          0        152   heapauxi.o
         0          0          0          0          0          0   indicate_semi.o
         2          0          0          0          0          0   libinit.o
         6          0          0          0          0          0   libinit2.o
         2          0          0          0          0          0   libshutdown.o
         2          0          0          0          0          0   libshutdown2.o
         8          4          0          0         96         68   libspace.o
        68          0          0          0          0         68   rt_memclr.o
        78          0          0          0          0         80   rt_memclr_w.o
       138          0          0          0          0         68   rt_memcpy_v6.o
       100          0          0          0          0         80   rt_memcpy_w.o
         2          0          0          0          0          0   rtexit.o
        10          0          0          0          0          0   rtexit2.o
        12          4          0          0          0         68   sys_exit.o
        74          0          0          0          0         80   sys_stackheap_outer.o
         2          0          0          0          0         68   use_no_semi.o
        98          4          0          0          0        140   d2f.o
       804         16          0          0          0        368   daddsub_clz.o
        24          0          0          0          0        116   dcmpi.o
        94          4          0          0          0        140   dfix.o
       120          4          0          0          0        140   dleqf.o
       340         12          0          0          0        152   dmul.o
       156          4          0          0          0        140   dnaninf.o
        12          0          0          0          0        116   dretinf.o
       108          0          0          0          0        128   drleqf.o
        86          4          0          0          0        132   f2d.o
       140          4          0          0          0        132   fnaninf.o
        10          0          0          0          0        116   fpinit.o
        10          0          0          0          0        116   fretinf.o
         0          0          0          0          0          0   usenofp.o

    ----------------------------------------------------------------------
      2754         68          0          0         96       2884   Library Totals
        12          0          0          0          0          0   (incl. Padding)

    ----------------------------------------------------------------------

      Code (inc. data)   RO Data    RW Data    ZI Data      Debug   Library Name

       740         16          0          0         96        948   c_w.l
      2002         52          0          0          0       1936   fz_wm.l

    ----------------------------------------------------------------------
      2754         68          0          0         96       2884   Library Totals

    ----------------------------------------------------------------------

==============================================================================


      Code (inc. data)   RO Data    RW Data    ZI Data      Debug   

     24940       1146        472        428      78852     425348   Grand Totals
     24940       1146        472        128      78852     425348   ELF Image Totals (compressed)
     24940       1146        472        128          0          0   ROM Totals

==============================================================================

    Total RO  Size (Code + RO Data)                25412 (  24.82kB)
    Total RW  Size (RW Data + ZI Data)             79280 (  77.42kB)
    Total ROM Size (Code + RO Data + RW Data)      25540 (  24.94kB)

==============================================================================

