Component: ARM Compiler 5.06 update 5 (build 528) Tool: armlink [4d35e2]

==============================================================================

Section Cross References

    startup_stm32f4xx.o(STACK) refers (Special) to heapauxi.o(.text) for __use_two_region_memory
    startup_stm32f4xx.o(HEAP) refers (Special) to heapauxi.o(.text) for __use_two_region_memory
    startup_stm32f4xx.o(RESET) refers (Special) to heapauxi.o(.text) for __use_two_region_memory
    startup_stm32f4xx.o(RESET) refers to startup_stm32f4xx.o(STACK) for __initial_sp
    startup_stm32f4xx.o(RESET) refers to startup_stm32f4xx.o(.text) for Reset_Handler
    startup_stm32f4xx.o(RESET) refers to stm32f4xx_it.o(.text) for NMI_Handler
    startup_stm32f4xx.o(RESET) refers to port.o(.emb_text) for SVC_Handler
    startup_stm32f4xx.o(RESET) refers to port.o(.text) for SysTick_Handler
    startup_stm32f4xx.o(.text) refers (Special) to heapauxi.o(.text) for __use_two_region_memory
    startup_stm32f4xx.o(.text) refers to system_stm32f4xx.o(.text) for SystemInit
    startup_stm32f4xx.o(.text) refers to __main.o(!!!main) for __main
    startup_stm32f4xx.o(.text) refers to startup_stm32f4xx.o(HEAP) for Heap_Mem
    startup_stm32f4xx.o(.text) refers to startup_stm32f4xx.o(STACK) for Stack_Mem
    system_stm32f4xx.o(.text) refers to system_stm32f4xx.o(.data) for SystemCoreClock
    main.o(.text) refers to discoveryf4utils.o(.text) for STM_EVAL_LEDToggle
    main.o(.text) refers to tasks.o(.text) for vTaskDelay
    main.o(.text) refers to timers.o(.text) for pvTimerGetTimerID
    main.o(.text) refers to misc.o(.text) for NVIC_PriorityGroupConfig
    main.o(.text) refers to main.o(.bss) for xTasks
    discoveryf4utils.o(.text) refers to stm32f4xx_rcc.o(.text) for RCC_AHB1PeriphClockCmd
    discoveryf4utils.o(.text) refers to stm32f4xx_gpio.o(.text) for GPIO_Init
    discoveryf4utils.o(.text) refers to stm32f4xx_syscfg.o(.text) for SYSCFG_EXTILineConfig
    discoveryf4utils.o(.text) refers to stm32f4xx_exti.o(.text) for EXTI_Init
    discoveryf4utils.o(.text) refers to misc.o(.text) for NVIC_Init
    discoveryf4utils.o(.text) refers to stm32f4xx_usart.o(.text) for USART_Init
    discoveryf4utils.o(.text) refers to discoveryf4utils.o(.constdata) for GPIO_CLK
    discoveryf4utils.o(.text) refers to discoveryf4utils.o(.data) for GPIO_PORT
    event_groups.o(.text) refers to heap_2.o(.text) for pvPortMalloc
    event_groups.o(.text) refers to list.o(.text) for vListInitialise
    event_groups.o(.text) refers to tasks.o(.text) for vTaskSuspendAll
    event_groups.o(.text) refers to port.o(.text) for vPortEnterCritical
    queue.o(.text) refers to port.o(.text) for vPortEnterCritical
    queue.o(.text) refers to tasks.o(.text) for xTaskRemoveFromEventList
    queue.o(.text) refers to list.o(.text) for vListInitialise
    queue.o(.text) refers to heap_2.o(.text) for pvPortMalloc
    queue.o(.text) refers to rt_memcpy_v6.o(.text) for __aeabi_memcpy
    queue.o(.text) refers to queue.o(.bss) for xQueueRegistry
    tasks.o(.text) refers to list.o(.text) for vListInitialise
    tasks.o(.text) refers to port.o(.text) for vPortEnterCritical
    tasks.o(.text) refers to aeabi_memset.o(.text) for __aeabi_memset
    tasks.o(.text) refers to heap_2.o(.text) for pvPortMalloc
    tasks.o(.text) refers to tasks.o(.bss) for pxReadyTasksLists
    tasks.o(.text) refers to tasks.o(.data) for pxDelayedTaskList
    tasks.o(.text) refers to timers.o(.text) for xTimerCreateTimerTask
    timers.o(.text) refers to list.o(.text) for vListInsert
    timers.o(.text) refers to tasks.o(.text) for xTaskGetSchedulerState
    timers.o(.text) refers to queue.o(.text) for xQueueGenericSend
    timers.o(.text) refers to heap_2.o(.text) for vPortFree
    timers.o(.text) refers to port.o(.text) for vPortEnterCritical
    timers.o(.text) refers to timers.o(.data) for pxOverflowTimerList
    timers.o(.text) refers to timers.o(.bss) for xActiveTimerList1
    port.o(.emb_text) refers to tasks.o(.text) for vTaskSwitchContext
    port.o(.emb_text) refers to tasks.o(.data) for pxCurrentTCB
    port.o(.text) refers to port.o(.emb_text) for __asm___6_port_c_39a90d8d__prvEnableVFP
    port.o(.text) refers to tasks.o(.text) for xTaskIncrementTick
    port.o(.text) refers to port.o(.data) for uxCriticalNesting
    port.o(.text) refers to system_stm32f4xx.o(.data) for SystemCoreClock
    heap_2.o(.text) refers to tasks.o(.text) for vTaskSuspendAll
    heap_2.o(.text) refers to heap_2.o(.bss) for ucHeap
    heap_2.o(.text) refers to heap_2.o(.data) for xStart
    stm32f4xx_adc.o(.text) refers to stm32f4xx_rcc.o(.text) for RCC_APB2PeriphResetCmd
    stm32f4xx_can.o(.text) refers to stm32f4xx_rcc.o(.text) for RCC_APB1PeriphResetCmd
    stm32f4xx_cryp.o(.text) refers to stm32f4xx_rcc.o(.text) for RCC_AHB2PeriphResetCmd
    stm32f4xx_cryp_aes.o(.text) refers to stm32f4xx_cryp.o(.text) for CRYP_KeyStructInit
    stm32f4xx_cryp_des.o(.text) refers to stm32f4xx_cryp.o(.text) for CRYP_KeyStructInit
[...]
    ../clib/armsys.c                         0x00000000   Number         0  argv_veneer.o ABSOLUTE
    ../clib/armsys.c                         0x00000000   Number         0  _get_argv_nomalloc.o ABSOLUTE
    ../clib/armsys.c                         0x00000000   Number         0  no_argv.o ABSOLUTE
    ../clib/heapalloc.c                      0x00000000   Number         0  hrguard.o ABSOLUTE
    ../clib/heapaux.c                        0x00000000   Number         0  heapauxi.o ABSOLUTE
    ../clib/libinit.s                        0x00000000   Number         0  libinit.o ABSOLUTE
    ../clib/libinit.s                        0x00000000   Number         0  libinit2.o ABSOLUTE
    ../clib/libinit.s                        0x00000000   Number         0  libshutdown2.o ABSOLUTE
    ../clib/libinit.s                        0x00000000   Number         0  libshutdown.o ABSOLUTE
    ../clib/memcpset.s                       0x00000000   Number         0  aeabi_memset.o ABSOLUTE
    ../clib/memcpset.s                       0x00000000   Number         0  rt_memcpy_v6.o ABSOLUTE
    ../clib/memcpset.s                       0x00000000   Number         0  rt_memcpy_w.o ABSOLUTE
    ../clib/memcpset.s                       0x00000000   Number         0  rt_memclr_w.o ABSOLUTE
    ../clib/memcpset.s                       0x00000000   Number         0  rt_memclr.o ABSOLUTE
    ../clib/signal.c                         0x00000000   Number         0  defsig_abrt_inner.o ABSOLUTE
    ../clib/signal.c                         0x00000000   Number         0  defsig_general.o ABSOLUTE
    ../clib/signal.c                         0x00000000   Number         0  __raise.o ABSOLUTE
    ../clib/signal.c                         0x00000000   Number         0  defsig_rtmem_inner.o ABSOLUTE
    ../clib/signal.c                         0x00000000   Number         0  defsig_exit.o ABSOLUTE
    ../clib/signal.c                         0x00000000   Number         0  defsig_rtmem_formal.o ABSOLUTE
    ../clib/signal.c                         0x00000000   Number         0  defsig_rtmem_outer.o ABSOLUTE
    ../clib/signal.c                         0x00000000   Number         0  defsig_other.o ABSOLUTE
    ../clib/signal.c                         0x00000000   Number         0  defsig_segv_inner.o ABSOLUTE
    ../clib/signal.c                         0x00000000   Number         0  defsig_cppl_inner.o ABSOLUTE
    ../clib/signal.c                         0x00000000   Number         0  defsig_pvfn_inner.o ABSOLUTE
    ../clib/signal.c                         0x00000000   Number         0  defsig_stak_inner.o ABSOLUTE
    ../clib/signal.c                         0x00000000   Number         0  defsig_rtred_inner.o ABSOLUTE
    ../clib/signal.c                         0x00000000   Number         0  defsig_fpe_inner.o ABSOLUTE
    ../clib/signal.s                         0x00000000   Number         0  defsig.o ABSOLUTE
    ../clib/stdlib.c                         0x00000000   Number         0  exit.o ABSOLUTE
    ../fplib/fpinit.s                        0x00000000   Number         0  fpinit.o ABSOLUTE
    FreeRTOS\\croutine.c                     0x00000000   Number         0  croutine.o ABSOLUTE
    FreeRTOS\\event_groups.c                 0x00000000   Number         0  event_groups.o ABSOLUTE
    FreeRTOS\\list.c                         0x00000000   Number         0  list.o ABSOLUTE
    FreeRTOS\\portable\\MemMang\\heap_2.c    0x00000000   Number         0  heap_2.o ABSOLUTE
    FreeRTOS\\portable\\RVDS\\ARM_CM4F\\port.c 0x00000000   Number         0  port.o ABSOLUTE
    FreeRTOS\\queue.c                        0x00000000   Number         0  queue.o ABSOLUTE
    FreeRTOS\\tasks.c                        0x00000000   Number         0  tasks.o ABSOLUTE
    FreeRTOS\\timers.c                       0x00000000   Number         0  timers.o ABSOLUTE
    FreeRTOS\croutine.c                      0x00000000   Number         0  croutine.o ABSOLUTE
    FreeRTOS\event_groups.c                  0x00000000   Number         0  event_groups.o ABSOLUTE
    FreeRTOS\list.c                          0x00000000   Number         0  list.o ABSOLUTE
    FreeRTOS\portable\MemMang\heap_2.c       0x00000000   Number         0  heap_2.o ABSOLUTE
    FreeRTOS\portable\RVDS\ARM_CM4F\port.c   0x00000000   Number         0  port.o ABSOLUTE
    FreeRTOS\queue.c                         0x00000000   Number         0  queue.o ABSOLUTE
    FreeRTOS\tasks.c                         0x00000000   Number         0  tasks.o ABSOLUTE
    FreeRTOS\timers.c                        0x00000000   Number         0  timers.o ABSOLUTE
    Libraries\STM32F4xx_StdPeriph_Driver\src\misc.c 0x00000000   Number         0  misc.o ABSOLUTE
    Libraries\STM32F4xx_StdPeriph_Driver\src\stm32f4xx_adc.c 0x00000000   Number         0  stm32f4xx_adc.o ABSOLUTE
    Libraries\STM32F4xx_StdPeriph_Driver\src\stm32f4xx_can.c 0x00000000   Number         0  stm32f4xx_can.o ABSOLUTE
    Libraries\STM32F4xx_StdPeriph_Driver\src\stm32f4xx_crc.c 0x00000000   Number         0  stm32f4xx_crc.o ABSOLUTE
    Libraries\STM32F4xx_StdPeriph_Driver\src\stm32f4xx_cryp.c 0x00000000   Number         0  stm32f4xx_cryp.o ABSOLUTE
    Libraries\STM32F4xx_StdPeriph_Driver\src\stm32f4xx_cryp_aes.c 0x00000000   Number         0  stm32f4xx_cryp_aes.o ABSOLUTE
    Libraries\STM32F4xx_StdPeriph_Driver\src\stm32f4xx_cryp_des.c 0x00000000   Number         0  stm32f4xx_cryp_des.o ABSOLUTE
    Libraries\STM32F4xx_StdPeriph_Driver\src\stm32f4xx_cryp_tdes.c 0x00000000   Number         0  stm32f4xx_cryp_tdes.o ABSOLUTE
    Libraries\STM32F4xx_StdPeriph_Driver\src\stm32f4xx_dac.c 0x00000000   Number         0  stm32f4xx_dac.o ABSOLUTE
    Libraries\STM32F4xx_StdPeriph_Driver\src\stm32f4xx_dbgmcu.c 0x00000000   Number         0  stm32f4xx_dbgmcu.o ABSOLUTE
    Libraries\STM32F4xx_StdPeriph_Driver\src\stm32f4xx_dcmi.c 0x00000000   Number         0  stm32f4xx_dcmi.o ABSOLUTE
    Libraries\STM32F4xx_StdPeriph_Driver\src\stm32f4xx_dma.c 0x00000000   Number         0  stm32f4xx_dma.o ABSOLUTE
    Libraries\STM32F4xx_StdPeriph_Driver\src\stm32f4xx_dma2d.c 0x00000000   Number         0  stm32f4xx_dma2d.o ABSOLUTE
    Libraries\STM32F4xx_StdPeriph_Driver\src\stm32f4xx_exti.c 0x00000000   Number         0  stm32f4xx_exti.o ABSOLUTE
    Libraries\STM32F4xx_StdPeriph_Driver\src\stm32f4xx_flash.c 0x00000000   Number         0  stm32f4xx_flash.o ABSOLUTE
    Libraries\STM32F4xx_StdPeriph_Driver\src\stm32f4xx_fsmc.c 0x00000000   Number         0  stm32f4xx_fsmc.o ABSOLUTE
    Libraries\STM32F4xx_StdPeriph_Driver\src\stm32f4xx_gpio.c 0x00000000   Number         0  stm32f4xx_gpio.o ABSOLUTE
    Libraries\STM32F4xx_StdPeriph_Driver\src\stm32f4xx_hash.c 0x00000000   Number         0  stm32f4xx_hash.o ABSOLUTE
    Libraries\STM32F4xx_StdPeriph_Driver\src\stm32f4xx_hash_md5.c 0x00000000   Number         0  stm32f4xx_hash_md5.o ABSOLUTE
    Libraries\STM32F4xx_StdPeriph_Driver\src\stm32f4xx_hash_sha1.c 0x00000000   Number         0  stm32f4xx_hash_sha1.o ABSOLUTE
    Libraries\STM32F4xx_StdPeriph_Driver\src\stm32f4xx_i2c.c 0x00000000   Number         0  stm32f4xx_i2c.o ABSOLUTE
    Libraries\STM32F4xx_StdPeriph_Driver\src\stm32f4xx_iwdg.c 0x00000000   Number         0  stm32f4xx_iwdg.o ABSOLUTE
    Libraries\STM32F4xx_StdPeriph_Driver\src\stm32f4xx_ltdc.c 0x00000000   Number         0  stm32f4xx_ltdc.o ABSOLUTE
    Libraries\STM32F4xx_StdPeriph_Driver\src\stm32f4xx_pwr.c 0x00000000   Number         0  stm32f4xx_pwr.o ABSOLUTE
    Libraries\STM32F4xx_StdPeriph_Driver\src\stm32f4xx_rcc.c 0x00000000   Number         0  stm32f4xx_rcc.o ABSOLUTE
    Libraries\STM32F4xx_StdPeriph_Driver\src\stm32f4xx_rng.c 0x00000000   Number         0  stm32f4xx_rng.o ABSOLUTE
    Libraries\STM32F4xx_StdPeriph_Driver\src\stm32f4xx_rtc.c 0x00000000   Number         0  stm32f4xx_rtc.o ABSOLUTE
    Libraries\STM32F4xx_StdPeriph_Driver\src\stm32f4xx_sai.c 0x00000000   Number         0  stm32f4xx_sai.o ABSOLUTE
    Libraries\STM32F4xx_StdPeriph_Driver\src\stm32f4xx_sdio.c 0x00000000   Number         0  stm32f4xx_sdio.o ABSOLUTE
    Libraries\STM32F4xx_StdPeriph_Driver\src\stm32f4xx_spi.c 0x00000000   Number         0  stm32f4xx_spi.o ABSOLUTE
    Libraries\STM32F4xx_StdPeriph_Driver\src\stm32f4xx_syscfg.c 0x00000000   Number         0  stm32f4xx_syscfg.o ABSOLUTE
    Libraries\STM32F4xx_StdPeriph_Driver\src\stm32f4xx_tim.c 0x00000000   Number         0  stm32f4xx_tim.o ABSOLUTE
    Libraries\STM32F4xx_StdPeriph_Driver\src\stm32f4xx_usart.c 0x00000000   Number         0  stm32f4xx_usart.o ABSOLUTE
    Libraries\STM32F4xx_StdPeriph_Driver\src\stm32f4xx_wwdg.c 0x00000000   Number         0  stm32f4xx_wwdg.o ABSOLUTE
    Libraries\\STM32F4xx_StdPeriph_Driver\\src\\misc.c 0x00000000   Number         0  misc.o ABSOLUTE
    Libraries\\STM32F4xx_StdPeriph_Driver\\src\\stm32f4xx_adc.c 0x00000000   Number         0  stm32f4xx_adc.o ABSOLUTE
    Libraries\\STM32F4xx_StdPeriph_Driver\\src\\stm32f4xx_can.c 0x00000000   Number         0  stm32f4xx_can.o ABSOLUTE
    Libraries\\STM32F4xx_StdPeriph_Driver\\src\\stm32f4xx_crc.c 0x00000000   Number         0  stm32f4xx_crc.o ABSOLUTE
    Libraries\\STM32F4xx_StdPeriph_Driver\\src\\stm32f4xx_cryp.c 0x00000000   Number         0  stm32f4xx_cryp.o ABSOLUTE
    Libraries\\STM32F4xx_StdPeriph_Driver\\src\\stm32f4xx_cryp_aes.c 0x00000000   Number         0  stm32f4xx_cryp_aes.o ABSOLUTE
    Libraries\\STM32F4xx_StdPeriph_Driver\\src\\stm32f4xx_cryp_des.c 0x00000000   Number         0  stm32f4xx_cryp_des.o ABSOLUTE
    Libraries\\STM32F4xx_StdPeriph_Driver\\src\\stm32f4xx_cryp_tdes.c 0x00000000   Number         0  stm32f4xx_cryp_tdes.o ABSOLUTE
    Libraries\\STM32F4xx_StdPeriph_Driver\\src\\stm32f4xx_dac.c 0x00000000   Number         0  stm32f4xx_dac.o ABSOLUTE
    Libraries\\STM32F4xx_StdPeriph_Driver\\src\\stm32f4xx_dbgmcu.c 0x00000000   Number         0  stm32f4xx_dbgmcu.o ABSOLUTE
    Libraries\\STM32F4xx_StdPeriph_Driver\\src\\stm32f4xx_dcmi.c 0x00000000   Number         0  stm32f4xx_dcmi.o ABSOLUTE
    Libraries\\STM32F4xx_StdPeriph_Driver\\src\\stm32f4xx_dma.c 0x00000000   Number         0  stm32f4xx_dma.o ABSOLUTE
    Libraries\\STM32F4xx_StdPeriph_Driver\\src\\stm32f4xx_dma2d.c 0x00000000   Number         0  stm32f4xx_dma2d.o ABSOLUTE
    Libraries\\STM32F4xx_StdPeriph_Driver\\src\\stm32f4xx_exti.c 0x00000000   Number         0  stm32f4xx_exti.o ABSOLUTE
    Libraries\\STM32F4xx_StdPeriph_Driver\\src\\stm32f4xx_flash.c 0x00000000   Number         0  stm32f4xx_flash.o ABSOLUTE
    Libraries\\STM32F4xx_StdPeriph_Driver\\src\\stm32f4xx_fsmc.c 0x00000000   Number         0  stm32f4xx_fsmc.o ABSOLUTE
    Libraries\\STM32F4xx_StdPeriph_Driver\\src\\stm32f4xx_gpio.c 0x00000000   Number         0  stm32f4xx_gpio.o ABSOLUTE
    Libraries\\STM32F4xx_StdPeriph_Driver\\src\\stm32f4xx_hash.c 0x00000000   Number         0  stm32f4xx_hash.o ABSOLUTE
    Libraries\\STM32F4xx_StdPeriph_Driver\\src\\stm32f4xx_hash_md5.c 0x00000000   Number         0  stm32f4xx_hash_md5.o ABSOLUTE
    Libraries\\STM32F4xx_StdPeriph_Driver\\src\\stm32f4xx_hash_sha1.c 0x00000000   Number         0  stm32f4xx_hash_sha1.o ABSOLUTE
    Libraries\\STM32F4xx_StdPeriph_Driver\\src\\stm32f4xx_i2c.c 0x00000000   Number         0  stm32f4xx_i2c.o ABSOLUTE
    Libraries\\STM32F4xx_StdPeriph_Driver\\src\\stm32f4xx_iwdg.c 0x00000000   Number         0  stm32f4xx_iwdg.o ABSOLUTE
    Libraries\\STM32F4xx_StdPeriph_Driver\\src\\stm32f4xx_ltdc.c 0x00000000   Number         0  stm32f4xx_ltdc.o ABSOLUTE
    Libraries\\STM32F4xx_StdPeriph_Driver\\src\\stm32f4xx_pwr.c 0x00000000   Number         0  stm32f4xx_pwr.o ABSOLUTE
    Libraries\\STM32F4xx_StdPeriph_Driver\\src\\stm32f4xx_rcc.c 0x00000000   Number         0  stm32f4xx_rcc.o ABSOLUTE
    Libraries\\STM32F4xx_StdPeriph_Driver\\src\\stm32f4xx_rng.c 0x00000000   Number         0  stm32f4xx_rng.o ABSOLUTE
    Libraries\\STM32F4xx_StdPeriph_Driver\\src\\stm32f4xx_rtc.c 0x00000000   Number         0  stm32f4xx_rtc.o ABSOLUTE
    Libraries\\STM32F4xx_StdPeriph_Driver\\src\\stm32f4xx_sai.c 0x00000000   Number         0  stm32f4xx_sai.o ABSOLUTE
    Libraries\\STM32F4xx_StdPeriph_Driver\\src\\stm32f4xx_sdio.c 0x00000000   Number         0  stm32f4xx_sdio.o ABSOLUTE
    Libraries\\STM32F4xx_StdPeriph_Driver\\src\\stm32f4xx_spi.c 0x00000000   Number         0  stm32f4xx_spi.o ABSOLUTE
    Libraries\\STM32F4xx_StdPeriph_Driver\\src\\stm32f4xx_syscfg.c 0x00000000   Number         0  stm32f4xx_syscfg.o ABSOLUTE
    Libraries\\STM32F4xx_StdPeriph_Driver\\src\\stm32f4xx_tim.c 0x00000000   Number         0  stm32f4xx_tim.o ABSOLUTE
    Libraries\\STM32F4xx_StdPeriph_Driver\\src\\stm32f4xx_usart.c 0x00000000   Number         0  stm32f4xx_usart.o ABSOLUTE
    Libraries\\STM32F4xx_StdPeriph_Driver\\src\\stm32f4xx_wwdg.c 0x00000000   Number         0  stm32f4xx_wwdg.o ABSOLUTE
    Source\\discoveryf4utils.c               0x00000000   Number         0  discoveryf4utils.o ABSOLUTE
    Source\\main.c                           0x00000000   Number         0  main.o ABSOLUTE
    Source\\stm32f4xx_it.c                   0x00000000   Number         0  stm32f4xx_it.o ABSOLUTE
    Source\discoveryf4utils.c                0x00000000   Number         0  discoveryf4utils.o ABSOLUTE
    Source\main.c                            0x00000000   Number         0  main.o ABSOLUTE
    Source\stm32f4xx_it.c                    0x00000000   Number         0  stm32f4xx_it.o ABSOLUTE
    Startup\\system_stm32f4xx.c              0x00000000   Number         0  system_stm32f4xx.o ABSOLUTE
    Startup\startup_stm32f4xx.s              0x00000000   Number         0  startup_stm32f4xx.o ABSOLUTE
    Startup\system_stm32f4xx.c               0x00000000   Number         0  system_stm32f4xx.o ABSOLUTE
    dc.s                                     0x00000000   Number         0  dc.o ABSOLUTE
    RESET                                    0x08000000   Section      392  startup_stm32f4xx.o(RESET)
    !!!main                                  0x08000188   Section        8  __main.o(!!!main)
    !!!scatter                               0x08000190   Section       52  __scatter.o(!!!scatter)
    !!handler_copy                           0x080001c4   Section       26  __scatter_copy.o(!!handler_copy)
    !!handler_zi                             0x080001e0   Section       28  __scatter_zi.o(!!handler_zi)
    .ARM.Collect$$libinit$$00000000          0x080001fc   Section        2  libinit.o(.ARM.Collect$$libinit$$00000000)
    .ARM.Collect$$libinit$$00000001          0x080001fe   Section        4  libinit2.o(.ARM.Collect$$libinit$$00000001)
    .ARM.Collect$$libinit$$00000004          0x08000202   Section        0  libinit2.o(.ARM.Collect$$libinit$$00000004)
    .ARM.Collect$$libinit$$0000000A          0x08000202   Section        0  libinit2.o(.ARM.Collect$$libinit$$0000000A)
    .ARM.Collect$$libinit$$0000000C          0x08000202   Section        0  libinit2.o(.ARM.Collect$$libinit$$0000000C)
    .ARM.Collect$$libinit$$0000000E          0x08000202   Section        0  libinit2.o(.ARM.Collect$$libinit$$0000000E)
    .ARM.Collect$$libinit$$00000011          0x08000202   Section        0  libinit2.o(.ARM.Collect$$libinit$$00000011)
    .ARM.Collect$$libinit$$00000013          0x08000202   Section        0  libinit2.o(.ARM.Collect$$libinit$$00000013)
    .ARM.Collect$$libinit$$00000015          0x08000202   Section        0  libinit2.o(.ARM.Collect$$libinit$$00000015)
    .ARM.Collect$$libinit$$00000017          0x08000202   Section        0  libinit2.o(.ARM.Collect$$libinit$$00000017)
    .ARM.Collect$$libinit$$00000019          0x08000202   Section        0  libinit2.o(.ARM.Collect$$libinit$$00000019)
    .ARM.Collect$$libinit$$0000001B          0x08000202   Section        0  libinit2.o(.ARM.Collect$$libinit$$0000001B)
    .ARM.Collect$$libinit$$0000001D          0x08000202   Section        0  libinit2.o(.ARM.Collect$$libinit$$0000001D)
    .ARM.Collect$$libinit$$0000001F          0x08000202   Section        0  libinit2.o(.ARM.Collect$$libinit$$0000001F)
    .ARM.Collect$$libinit$$00000021          0x08000202   Section        0  libinit2.o(.ARM.Collect$$libinit$$00000021)
    .ARM.Collect$$libinit$$00000023          0x08000202   Section        0  libinit2.o(.ARM.Collect$$libinit$$00000023)
    .ARM.Collect$$libinit$$00000025          0x08000202   Section        0  libinit2.o(.ARM.Collect$$libinit$$00000025)
    .ARM.Collect$$libinit$$0000002C          0x08000202   Section        0  libinit2.o(.ARM.Collect$$libinit$$0000002C)
    .ARM.Collect$$libinit$$0000002E          0x08000202   Section        0  libinit2.o(.ARM.Collect$$libinit$$0000002E)
    .ARM.Collect$$libinit$$00000030          0x08000202   Section        0  libinit2.o(.ARM.Collect$$libinit$$00000030)
    .ARM.Collect$$libinit$$00000032          0x08000202   Section        0  libinit2.o(.ARM.Collect$$libinit$$00000032)
    .ARM.Collect$$libinit$$00000033          0x08000202   Section        2  libinit2.o(.ARM.Collect$$libinit$$00000033)
    .ARM.Collect$$libshutdown$$00000000      0x08000204   Section        2  libshutdown.o(.ARM.Collect$$libshutdown$$00000000)
    .ARM.Collect$$libshutdown$$00000002      0x08000206   Section        0  libshutdown2.o(.ARM.Collect$$libshutdown$$00000002)
    .ARM.Collect$$libshutdown$$00000004      0x08000206   Section        0  libshutdown2.o(.ARM.Collect$$libshutdown$$00000004)
    .ARM.Collect$$libshutdown$$00000007      0x08000206   Section        0  libshutdown2.o(.ARM.Collect$$libshutdown$$00000007)
    .ARM.Collect$$libshutdown$$0000000A      0x08000206   Section        0  libshutdown2.o(.ARM.Collect$$libshutdown$$0000000A)
    .ARM.Collect$$libshutdown$$0000000C      0x08000206   Section        0  libshutdown2.o(.ARM.Collect$$libshutdown$$0000000C)
    .ARM.Collect$$libshutdown$$0000000F      0x08000206   Section        0  libshutdown2.o(.ARM.Collect$$libshutdown$$0000000F)
    .ARM.Collect$$libshutdown$$00000010      0x08000206   Section        2  libshutdown2.o(.ARM.Collect$$libshutdown$$00000010)
    .ARM.Collect$$rtentry$$00000000          0x08000208   Section        0  __rtentry.o(.ARM.Collect$$rtentry$$00000000)
    .ARM.Collect$$rtentry$$00000002          0x08000208   Section        0  __rtentry2.o(.ARM.Collect$$rtentry$$00000002)
    .ARM.Collect$$rtentry$$00000004          0x08000208   Section        6  __rtentry4.o(.ARM.Collect$$rtentry$$00000004)
    .ARM.Collect$$rtentry$$00000009          0x0800020e   Section        0  __rtentry2.o(.ARM.Collect$$rtentry$$00000009)
    .ARM.Collect$$rtentry$$0000000A          0x0800020e   Section        4  __rtentry2.o(.ARM.Collect$$rtentry$$0000000A)
    .ARM.Collect$$rtentry$$0000000C          0x08000212   Section        0  __rtentry2.o(.ARM.Collect$$rtentry$$0000000C)
    .ARM.Collect$$rtentry$$0000000D          0x08000212   Section        8  __rtentry2.o(.ARM.Collect$$rtentry$$0000000D)
    .ARM.Collect$$rtexit$$00000000           0x0800021a   Section        2  rtexit.o(.ARM.Collect$$rtexit$$00000000)
    .ARM.Collect$$rtexit$$00000002           0x0800021c   Section        0  rtexit2.o(.ARM.Collect$$rtexit$$00000002)
    .ARM.Collect$$rtexit$$00000003           0x0800021c   Section        4  rtexit2.o(.ARM.Collect$$rtexit$$00000003)
    .ARM.Collect$$rtexit$$00000004           0x08000220   Section        6  rtexit2.o(.ARM.Collect$$rtexit$$00000004)
    .emb_text                                0x08000228   Section      190  port.o(.emb_text)
    $v0                                      0x08000228   Number         0  port.o(.emb_text)
    .text                                    0x080002e8   Section       64  startup_stm32f4xx.o(.text)
    $v0                                      0x080002e8   Number         0  startup_stm32f4xx.o(.text)
    .text                                    0x08000328   Section        0  system_stm32f4xx.o(.text)
    SetSysClock                              0x08000329   Thumb Code   220  system_stm32f4xx.o(.text)
    .text                                    0x08000538   Section        0  main.o(.text)
    .text                                    0x080007a0   Section        0  discoveryf4utils.o(.text)
    .text                                    0x080009c8   Section        0  stm32f4xx_it.o(.text)
    .text                                    0x080009dc   Section        0  list.o(.text)
    .text                                    0x08000a70   Section        0  queue.o(.text)
    prvInitialiseNewQueue                    0x08000b03   Thumb Code    42  queue.o(.text)
    prvUnlockQueue                           0x08000b85   Thumb Code   126  queue.o(.text)
    prvIsQueueFull                           0x08000c03   Thumb Code    30  queue.o(.text)
    prvCopyDataToQueue                       0x08000c21   Thumb Code   124  queue.o(.text)
    prvInitialiseMutex                       0x08000e41   Thumb Code    28  queue.o(.text)
    prvGetDisinheritPriorityAfterTimeout     0x08000ecb   Thumb Code    20  queue.o(.text)
    prvIsQueueEmpty                          0x08000edf   Thumb Code    26  queue.o(.text)
    prvCopyDataFromQueue                     0x0800132d   Thumb Code    42  queue.o(.text)
    .text                                    0x08001974   Section        0  tasks.o(.text)
    prvInitialiseTaskLists                   0x08001975   Thumb Code    70  tasks.o(.text)
    prvAddNewTaskToReadyList                 0x080019bb   Thumb Code   156  tasks.o(.text)
    prvInitialiseNewTask                     0x08001a57   Thumb Code   180  tasks.o(.text)
    prvResetNextTaskUnblockTime              0x08001b6b   Thumb Code    42  tasks.o(.text)
    prvDeleteTCB                             0x08001b95   Thumb Code    18  tasks.o(.text)
    prvAddCurrentTaskToDelayedList           0x08001eb7   Thumb Code   124  tasks.o(.text)
    prvTaskIsTaskSuspended                   0x080023af   Thumb Code    80  tasks.o(.text)
    prvCheckTasksWaitingTermination          0x0800251d   Thumb Code    60  tasks.o(.text)
    prvIdleTask                              0x08002559   Thumb Code    32  tasks.o(.text)
    prvTaskCheckFreeStackSpace               0x080026a1   Thumb Code    22  tasks.o(.text)
    prvListTasksWithinSingleList             0x08002735   Thumb Code   106  tasks.o(.text)
    .text                                    0x08003244   Section        0  timers.o(.text)
    prvInsertTimerInActiveList               0x08003245   Thumb Code    80  timers.o(.text)
    prvSwitchTimerLists                      0x08003313   Thumb Code   150  timers.o(.text)
    prvSampleTimeNow                         0x080033a9   Thumb Code    40  timers.o(.text)
    prvProcessReceivedCommands               0x080033d1   Thumb Code   240  timers.o(.text)
    prvProcessExpiredTimer                   0x080034c1   Thumb Code    94  timers.o(.text)
    prvProcessTimerOrBlockTask               0x0800351f   Thumb Code   102  timers.o(.text)
    prvGetNextExpireTime                     0x08003585   Thumb Code    36  timers.o(.text)
    prvTimerTask                             0x080035a9   Thumb Code    26  timers.o(.text)
    prvCheckForValidListAndQueue             0x080035c3   Thumb Code    72  timers.o(.text)
    prvInitialiseNewTimer                    0x08003681   Thumb Code    78  timers.o(.text)
    .text                                    0x08003828   Section        0  port.o(.text)
    prvTaskExitError                         0x08003829   Thumb Code    60  port.o(.text)
    .text                                    0x08003b94   Section        0  heap_2.o(.text)
    prvHeapInit                              0x08003b95   Thumb Code    38  heap_2.o(.text)
    .text                                    0x08003cb8   Section        0  misc.o(.text)
    .text                                    0x08003d98   Section        0  stm32f4xx_exti.o(.text)
    .text                                    0x08003ea8   Section        0  stm32f4xx_gpio.o(.text)
    .text                                    0x0800413c   Section        0  stm32f4xx_rcc.o(.text)
    .text                                    0x08004770   Section        0  stm32f4xx_syscfg.o(.text)
    .text                                    0x08004804   Section        0  stm32f4xx_usart.o(.text)
    .text                                    0x08004c58   Section      138  rt_memcpy_v6.o(.text)
    .text                                    0x08004ce2   Section       16  aeabi_memset.o(.text)
    .text                                    0x08004cf2   Section        0  heapauxi.o(.text)
    .text                                    0x08004cf8   Section      100  rt_memcpy_w.o(.text)
    .text                                    0x08004d5c   Section       68  rt_memclr.o(.text)
    .text                                    0x08004da0   Section       78  rt_memclr_w.o(.text)
    .text                                    0x08004dee   Section       74  sys_stackheap_outer.o(.text)
    .text                                    0x08004e38   Section        0  exit.o(.text)
    .text                                    0x08004e4c   Section        8  libspace.o(.text)
    .text                                    0x08004e54   Section        0  sys_exit.o(.text)
    .text                                    0x08004e60   Section        2  use_no_semi.o(.text)
    .text                                    0x08004e62   Section        0  indicate_semi.o(.text)
    x$fpl$fpinit                             0x08004e62   Section       10  fpinit.o(x$fpl$fpinit)
    $v0                                      0x08004e62   Number         0  fpinit.o(x$fpl$fpinit)
    .constdata                               0x08004e6c   Section       64  discoveryf4utils.o(.constdata)
    .data                                    0x20000000   Section       20  system_stm32f4xx.o(.data)
    .data                                    0x20000014   Section       36  discoveryf4utils.o(.data)
    .data                                    0x20000038   Section       60  tasks.o(.data)
    pxDelayedTaskList                        0x2000003c   Data           4  tasks.o(.data)
    pxOverflowDelayedTaskList                0x20000040   Data           4  tasks.o(.data)
    uxDeletedTasksWaitingCleanUp             0x20000044   Data           4  tasks.o(.data)
    uxCurrentNumberOfTasks                   0x20000048   Data           4  tasks.o(.data)
    xTickCount                               0x2000004c   Data           4  tasks.o(.data)
    uxTopReadyPriority                       0x20000050   Data           4  tasks.o(.data)
    xSchedulerRunning                        0x20000054   Data           4  tasks.o(.data)
    uxPendedTicks                            0x20000058   Data           4  tasks.o(.data)
    xYieldPending                            0x2000005c   Data           4  tasks.o(.data)
    xNumOfOverflows                          0x20000060   Data           4  tasks.o(.data)
    uxTaskNumber                             0x20000064   Data           4  tasks.o(.data)
    xNextTaskUnblockTime                     0x20000068   Data           4  tasks.o(.data)
    xIdleTaskHandle                          0x2000006c   Data           4  tasks.o(.data)
    uxSchedulerSuspended                     0x20000070   Data           4  tasks.o(.data)
    .data                                    0x20000074   Section       20  timers.o(.data)
    pxCurrentTimerList                       0x20000074   Data           4  timers.o(.data)
    pxOverflowTimerList                      0x20000078   Data           4  timers.o(.data)
    xTimerQueue                              0x2000007c   Data           4  timers.o(.data)
    xTimerTaskHandle                         0x20000080   Data           4  timers.o(.data)
    xLastTime                                0x20000084   Data           4  timers.o(.data)
    .data                                    0x20000088   Section       12  port.o(.data)
    uxCriticalNesting                        0x20000088   Data           4  port.o(.data)
    ucMaxSysCallPriority                     0x2000008c   Data           1  port.o(.data)
    ulMaxPRIGROUPValue                       0x20000090   Data           4  port.o(.data)
    .data                                    0x20000094   Section       24  heap_2.o(.data)
    xStart                                   0x20000094   Data           8  heap_2.o(.data)
    xEnd                                     0x2000009c   Data           8  heap_2.o(.data)
    xFreeBytesRemaining                      0x200000a4   Data           4  heap_2.o(.data)
    xHeapHasBeenInitialised                  0x200000a8   Data           4  heap_2.o(.data)
    .data                                    0x200000ac   Section       16  stm32f4xx_rcc.o(.data)
    APBAHBPrescTable                         0x200000ac   Data          16  stm32f4xx_rcc.o(.data)
    .bss                                     0x200000bc   Section       32  main.o(.bss)
    .bss                                     0x200000dc   Section       64  queue.o(.bss)
    .bss                                     0x2000011c   Section      200  tasks.o(.bss)
    pxReadyTasksLists                        0x2000011c   Data         100  tasks.o(.bss)
    xDelayedTaskList1                        0x20000180   Data          20  tasks.o(.bss)
    xDelayedTaskList2                        0x20000194   Data          20  tasks.o(.bss)
    xPendingReadyList                        0x200001a8   Data          20  tasks.o(.bss)
    xTasksWaitingTermination                 0x200001bc   Data          20  tasks.o(.bss)
    xSuspendedTaskList                       0x200001d0   Data          20  tasks.o(.bss)
    .bss                                     0x200001e4   Section       40  timers.o(.bss)
    xActiveTimerList1                        0x200001e4   Data          20  timers.o(.bss)
    xActiveTimerList2                        0x200001f8   Data          20  timers.o(.bss)
    .bss                                     0x2000020c   Section    76800  heap_2.o(.bss)
    ucHeap                                   0x2000020c   Data       76800  heap_2.o(.bss)
    .bss                                     0x20012e0c   Section       96  libspace.o(.bss)
    HEAP                                     0x20012e70   Section      512  startup_stm32f4xx.o(HEAP)
    Heap_Mem                                 0x20012e70   Data         512  startup_stm32f4xx.o(HEAP)
    STACK                                    0x20013070   Section     1024  startup_stm32f4xx.o(STACK)
    Stack_Mem                                0x20013070   Data        1024  startup_stm32f4xx.o(STACK)
    __initial_sp                             0x20013470   Data           0  startup_stm32f4xx.o(STACK)

    Global Symbols

    Symbol Name                              Value     Ov Type        Size  Object(Section)

    BuildAttributes$$THM_ISAv4$E$P$D$K$B$S$7EM$VFPi3$EXTD16$VFPS$VFMA$PE$A:L22UL41UL21$X:L11$S22US41US21$IEEE1$IW$USESV6$~STKCKD$USESV7$~SHL$OSPACE$ROPI$EBA8$UX$STANDARDLIB$REQ8$PRES8$EABIv2 0x00000000   Number         0  anon$$obj.o ABSOLUTE
    __ARM_use_no_argv                        0x00000000   Number         0  main.o ABSOLUTE
    __ARM_exceptions_init                     - Undefined Weak Reference
    __alloca_initialize                       - Undefined Weak Reference
    __arm_preinit_                            - Undefined Weak Reference
    __cpp_initialize__aeabi_                  - Undefined Weak Reference
    __cxa_finalize                            - Undefined Weak Reference
    __rt_locale                               - Undefined Weak Reference
    __sigvec_lookup                           - Undefined Weak Reference
    _atexit_init                              - Undefined Weak Reference
    _call_atexit_fns                          - Undefined Weak Reference
    _clock_init                               - Undefined Weak Reference
    _fp_trap_init                             - Undefined Weak Reference
    _fp_trap_shutdown                         - Undefined Weak Reference
    _get_lc_collate                           - Undefined Weak Reference
    _get_lc_ctype                             - Undefined Weak Reference
    _get_lc_monetary                          - Undefined Weak Reference
    _get_lc_numeric                           - Undefined Weak Reference
    _get_lc_time                              - Undefined Weak Reference
    _getenv_init                              - Undefined Weak Reference
    _handle_redirection                       - Undefined Weak Reference
    _init_alloc                               - Undefined Weak Reference
    _init_user_alloc                          - Undefined Weak Reference
    _initio                                   - Undefined Weak Reference
    _rand_init                                - Undefined Weak Reference
    _signal_finish                            - Undefined Weak Reference
    _signal_init                              - Undefined Weak Reference
    _terminate_alloc                          - Undefined Weak Reference
    _terminate_user_alloc                     - Undefined Weak Reference
    _terminateio                              - Undefined Weak Reference
    __Vectors_Size                           0x00000188   Number         0  startup_stm32f4xx.o ABSOLUTE
    __Vectors                                0x08000000   Data           4  startup_stm32f4xx.o(RESET)
    __Vectors_End                            0x08000188   Data           0  startup_stm32f4xx.o(RESET)
    __main                                   0x08000189   Thumb Code     8  __main.o(!!!main)
    __scatterload                            0x08000191   Thumb Code     0  __scatter.o(!!!scatter)
    __scatterload_rt2                        0x08000191   Thumb Code    44  __scatter.o(!!!scatter)
    __scatterload_rt2_thumb_only             0x08000191   Thumb Code     0  __scatter.o(!!!scatter)
    __scatterload_null                       0x0800019f   Thumb Code     0  __scatter.o(!!!scatter)
    __scatterload_copy                       0x080001c5   Thumb Code    26  __scatter_copy.o(!!handler_copy)
    __scatterload_zeroinit                   0x080001e1   Thumb Code    28  __scatter_zi.o(!!handler_zi)
    __rt_lib_init                            0x080001fd   Thumb Code     0  libinit.o(.ARM.Collect$$libinit$$00000000)
    __rt_lib_init_fp_1                       0x080001ff   Thumb Code     0  libinit2.o(.ARM.Collect$$libinit$$00000001)
    __rt_lib_init_alloca_1                   0x08000203   Thumb Code     0  libinit2.o(.ARM.Collect$$libinit$$0000002E)
    __rt_lib_init_argv_1                     0x08000203   Thumb Code     0  libinit2.o(.ARM.Collect$$libinit$$0000002C)
    __rt_lib_init_atexit_1                   0x08000203   Thumb Code     0  libinit2.o(.ARM.Collect$$libinit$$0000001B)
    __rt_lib_init_clock_1                    0x08000203   Thumb Code     0  libinit2.o(.ARM.Collect$$libinit$$00000021)
    __rt_lib_init_cpp_1                      0x08000203   Thumb Code     0  libinit2.o(.ARM.Collect$$libinit$$00000032)
    __rt_lib_init_exceptions_1               0x08000203   Thumb Code     0  libinit2.o(.ARM.Collect$$libinit$$00000030)
    __rt_lib_init_fp_trap_1                  0x08000203   Thumb Code     0  libinit2.o(.ARM.Collect$$libinit$$0000001F)
    __rt_lib_init_getenv_1                   0x08000203   Thumb Code     0  libinit2.o(.ARM.Collect$$libinit$$00000023)
    __rt_lib_init_heap_1                     0x08000203   Thumb Code     0  libinit2.o(.ARM.Collect$$libinit$$0000000A)
    __rt_lib_init_lc_collate_1               0x08000203   Thumb Code     0  libinit2.o(.ARM.Collect$$libinit$$00000011)
    __rt_lib_init_lc_ctype_1                 0x08000203   Thumb Code     0  libinit2.o(.ARM.Collect$$libinit$$00000013)
    __rt_lib_init_lc_monetary_1              0x08000203   Thumb Code     0  libinit2.o(.ARM.Collect$$libinit$$00000015)
    __rt_lib_init_lc_numeric_1               0x08000203   Thumb Code     0  libinit2.o(.ARM.Collect$$libinit$$00000017)
    __rt_lib_init_lc_time_1                  0x08000203   Thumb Code     0  libinit2.o(.ARM.Collect$$libinit$$00000019)
    __rt_lib_init_preinit_1                  0x08000203   Thumb Code     0  libinit2.o(.ARM.Collect$$libinit$$00000004)
    __rt_lib_init_rand_1                     0x08000203   Thumb Code     0  libinit2.o(.ARM.Collect$$libinit$$0000000E)
    __rt_lib_init_return                     0x08000203   Thumb Code     0  libinit2.o(.ARM.Collect$$libinit$$00000033)
    __rt_lib_init_signal_1                   0x08000203   Thumb Code     0  libinit2.o(.ARM.Collect$$libinit$$0000001D)
    __rt_lib_init_stdio_1                    0x08000203   Thumb Code     0  libinit2.o(.ARM.Collect$$libinit$$00000025)
    __rt_lib_init_user_alloc_1               0x08000203   Thumb Code     0  libinit2.o(.ARM.Collect$$libinit$$0000000C)
    __rt_lib_shutdown                        0x08000205   Thumb Code     0  libshutdown.o(.ARM.Collect$$libshutdown$$00000000)
    __rt_lib_shutdown_cpp_1                  0x08000207   Thumb Code     0  libshutdown2.o(.ARM.Collect$$libshutdown$$00000002)
    __rt_lib_shutdown_fp_trap_1              0x08000207   Thumb Code     0  libshutdown2.o(.ARM.Collect$$libshutdown$$00000007)
    __rt_lib_shutdown_heap_1                 0x08000207   Thumb Code     0  libshutdown2.o(.ARM.Collect$$libshutdown$$0000000F)
    __rt_lib_shutdown_return                 0x08000207   Thumb Code     0  libshutdown2.o(.ARM.Collect$$libshutdown$$00000010)
    __rt_lib_shutdown_signal_1               0x08000207   Thumb Code     0  libshutdown2.o(.ARM.Collect$$libshutdown$$0000000A)
    __rt_lib_shutdown_stdio_1                0x08000207   Thumb Code     0  libshutdown2.o(.ARM.Collect$$libshutdown$$00000004)
    __rt_lib_shutdown_user_alloc_1           0x08000207   Thumb Code     0  libshutdown2.o(.ARM.Collect$$libshutdown$$0000000C)
    __rt_entry                               0x08000209   Thumb Code     0  __rtentry.o(.ARM.Collect$$rtentry$$00000000)
    __rt_entry_presh_1                       0x08000209   Thumb Code     0  __rtentry2.o(.ARM.Collect$$rtentry$$00000002)
    __rt_entry_sh                            0x08000209   Thumb Code     0  __rtentry4.o(.ARM.Collect$$rtentry$$00000004)
    __rt_entry_li                            0x0800020f   Thumb Code     0  __rtentry2.o(.ARM.Collect$$rtentry$$0000000A)
    __rt_entry_postsh_1                      0x0800020f   Thumb Code     0  __rtentry2.o(.ARM.Collect$$rtentry$$00000009)
    __rt_entry_main                          0x08000213   Thumb Code     0  __rtentry2.o(.ARM.Collect$$rtentry$$0000000D)
    __rt_entry_postli_1                      0x08000213   Thumb Code     0  __rtentry2.o(.ARM.Collect$$rtentry$$0000000C)
    __rt_exit                                0x0800021b   Thumb Code     0  rtexit.o(.ARM.Collect$$rtexit$$00000000)
    __rt_exit_ls                             0x0800021d   Thumb Code     0  rtexit2.o(.ARM.Collect$$rtexit$$00000003)
    __rt_exit_prels_1                        0x0800021d   Thumb Code     0  rtexit2.o(.ARM.Collect$$rtexit$$00000002)
    __rt_exit_exit                           0x08000221   Thumb Code     0  rtexit2.o(.ARM.Collect$$rtexit$$00000004)
    SVC_Handler                              0x08000229   Thumb Code    28  port.o(.emb_text)
    __asm___6_port_c_39a90d8d__prvStartFirstTask 0x08000249   Thumb Code    36  port.o(.emb_text)
    __asm___6_port_c_39a90d8d__prvEnableVFP  0x08000271   Thumb Code    16  port.o(.emb_text)
    PendSV_Handler                           0x08000285   Thumb Code    88  port.o(.emb_text)
    vPortGetIPSR                             0x080002e1   Thumb Code     6  port.o(.emb_text)
    Reset_Handler                            0x080002e9   Thumb Code     8  startup_stm32f4xx.o(.text)
    ADC_IRQHandler                           0x08000303   Thumb Code     0  startup_stm32f4xx.o(.text)
    CAN1_RX0_IRQHandler                      0x08000303   Thumb Code     0  startup_stm32f4xx.o(.text)
    CAN1_RX1_IRQHandler                      0x08000303   Thumb Code     0  startup_stm32f4xx.o(.text)
    CAN1_SCE_IRQHandler                      0x08000303   Thumb Code     0  startup_stm32f4xx.o(.text)
    CAN1_TX_IRQHandler                       0x08000303   Thumb Code     0  startup_stm32f4xx.o(.text)
    CAN2_RX0_IRQHandler                      0x08000303   Thumb Code     0  startup_stm32f4xx.o(.text)
    CAN2_RX1_IRQHandler                      0x08000303   Thumb Code     0  startup_stm32f4xx.o(.text)
    CAN2_SCE_IRQHandler                      0x08000303   Thumb Code     0  startup_stm32f4xx.o(.text)
    CAN2_TX_IRQHandler                       0x08000303   Thumb Code     0  startup_stm32f4xx.o(.text)
    CRYP_IRQHandler                          0x08000303   Thumb Code     0  startup_stm32f4xx.o(.text)
    DCMI_IRQHandler                          0x08000303   Thumb Code     0  startup_stm32f4xx.o(.text)
    DMA1_Stream0_IRQHandler                  0x08000303   Thumb Code     0  startup_stm32f4xx.o(.text)
    DMA1_Stream1_IRQHandler                  0x08000303   Thumb Code     0  startup_stm32f4xx.o(.text)
    DMA1_Stream2_IRQHandler                  0x08000303   Thumb Code     0  startup_stm32f4xx.o(.text)
    DMA1_Stream3_IRQHandler                  0x08000303   Thumb Code     0  startup_stm32f4xx.o(.text)
    DMA1_Stream4_IRQHandler                  0x08000303   Thumb Code     0  startup_stm32f4xx.o(.text)
    DMA1_Stream5_IRQHandler                  0x08000303   Thumb Code     0  startup_stm32f4xx.o(.text)
    DMA1_Stream6_IRQHandler                  0x08000303   Thumb Code     0  startup_stm32f4xx.o(.text)
    DMA1_Stream7_IRQHandler                  0x08000303   Thumb Code     0  startup_stm32f4xx.o(.text)
    DMA2_Stream0_IRQHandler                  0x08000303   Thumb Code     0  startup_stm32f4xx.o(.text)
    DMA2_Stream1_IRQHandler                  0x08000303   Thumb Code     0  startup_stm32f4xx.o(.text)
    DMA2_Stream2_IRQHandler                  0x08000303   Thumb Code     0  startup_stm32f4xx.o(.text)
    DMA2_Stream3_IRQHandler                  0x08000303   Thumb Code     0  startup_stm32f4xx.o(.text)
    DMA2_Stream4_IRQHandler                  0x08000303   Thumb Code     0  startup_stm32f4xx.o(.text)
    DMA2_Stream5_IRQHandler                  0x08000303   Thumb Code     0  startup_stm32f4xx.o(.text)
    DMA2_Stream6_IRQHandler                  0x08000303   Thumb Code     0  startup_stm32f4xx.o(.text)
    DMA2_Stream7_IRQHandler                  0x08000303   Thumb Code     0  startup_stm32f4xx.o(.text)
    ETH_IRQHandler                           0x08000303   Thumb Code     0  startup_stm32f4xx.o(.text)
    ETH_WKUP_IRQHandler                      0x08000303   Thumb Code     0  startup_stm32f4xx.o(.text)
    EXTI0_IRQHandler                         0x08000303   Thumb Code     0  startup_stm32f4xx.o(.text)
    EXTI15_10_IRQHandler                     0x08000303   Thumb Code     0  startup_stm32f4xx.o(.text)
    EXTI1_IRQHandler                         0x08000303   Thumb Code     0  startup_stm32f4xx.o(.text)
    EXTI2_IRQHandler                         0x08000303   Thumb Code     0  startup_stm32f4xx.o(.text)
    EXTI3_IRQHandler                         0x08000303   Thumb Code     0  startup_stm32f4xx.o(.text)
    EXTI4_IRQHandler                         0x08000303   Thumb Code     0  startup_stm32f4xx.o(.text)
    EXTI9_5_IRQHandler                       0x08000303   Thumb Code     0  startup_stm32f4xx.o(.text)
    FLASH_IRQHandler                         0x08000303   Thumb Code     0  startup_stm32f4xx.o(.text)
    FPU_IRQHandler                           0x08000303   Thumb Code     0  startup_stm32f4xx.o(.text)
    FSMC_IRQHandler                          0x08000303   Thumb Code     0  startup_stm32f4xx.o(.text)
    HASH_RNG_IRQHandler                      0x08000303   Thumb Code     0  startup_stm32f4xx.o(.text)
    I2C1_ER_IRQHandler                       0x08000303   Thumb Code     0  startup_stm32f4xx.o(.text)
    I2C1_EV_IRQHandler                       0x08000303   Thumb Code     0  startup_stm32f4xx.o(.text)
    I2C2_ER_IRQHandler                       0x08000303   Thumb Code     0  startup_stm32f4xx.o(.text)
    I2C2_EV_IRQHandler                       0x08000303   Thumb Code     0  startup_stm32f4xx.o(.text)
    I2C3_ER_IRQHandler                       0x08000303   Thumb Code     0  startup_stm32f4xx.o(.text)
    I2C3_EV_IRQHandler                       0x08000303   Thumb Code     0  startup_stm32f4xx.o(.text)
    OTG_FS_IRQHandler                        0x08000303   Thumb Code     0  startup_stm32f4xx.o(.text)
    OTG_FS_WKUP_IRQHandler                   0x08000303   Thumb Code     0  startup_stm32f4xx.o(.text)
    OTG_HS_EP1_IN_IRQHandler                 0x08000303   Thumb Code     0  startup_stm32f4xx.o(.text)
    OTG_HS_EP1_OUT_IRQHandler                0x08000303   Thumb Code     0  startup_stm32f4xx.o(.text)
    OTG_HS_IRQHandler                        0x08000303   Thumb Code     0  startup_stm32f4xx.o(.text)
    OTG_HS_WKUP_IRQHandler                   0x08000303   Thumb Code     0  startup_stm32f4xx.o(.text)
    PVD_IRQHandler                           0x08000303   Thumb Code     0  startup_stm32f4xx.o(.text)
    RCC_IRQHandler                           0x08000303   Thumb Code     0  startup_stm32f4xx.o(.text)
    RTC_Alarm_IRQHandler                     0x08000303   Thumb Code     0  startup_stm32f4xx.o(.text)
    RTC_WKUP_IRQHandler                      0x08000303   Thumb Code     0  startup_stm32f4xx.o(.text)
    SDIO_IRQHandler                          0x08000303   Thumb Code     0  startup_stm32f4xx.o(.text)
    SPI1_IRQHandler                          0x08000303   Thumb Code     0  startup_stm32f4xx.o(.text)
    SPI2_IRQHandler                          0x08000303   Thumb Code     0  startup_stm32f4xx.o(.text)
    SPI3_IRQHandler                          0x08000303   Thumb Code     0  startup_stm32f4xx.o(.text)
    TAMP_STAMP_IRQHandler                    0x08000303   Thumb Code     0  startup_stm32f4xx.o(.text)
    TIM1_BRK_TIM9_IRQHandler                 0x08000303   Thumb Code     0  startup_stm32f4xx.o(.text)
    TIM1_CC_IRQHandler                       0x08000303   Thumb Code     0  startup_stm32f4xx.o(.text)
    TIM1_TRG_COM_TIM11_IRQHandler            0x08000303   Thumb Code     0  startup_stm32f4xx.o(.text)
    TIM1_UP_TIM10_IRQHandler                 0x08000303   Thumb Code     0  startup_stm32f4xx.o(.text)
    TIM2_IRQHandler                          0x08000303   Thumb Code     0  startup_stm32f4xx.o(.text)
    TIM3_IRQHandler                          0x08000303   Thumb Code     0  startup_stm32f4xx.o(.text)
    TIM4_IRQHandler                          0x08000303   Thumb Code     0  startup_stm32f4xx.o(.text)
    TIM5_IRQHandler                          0x08000303   Thumb Code     0  startup_stm32f4xx.o(.text)
    TIM6_DAC_IRQHandler                      0x08000303   Thumb Code     0  startup_stm32f4xx.o(.text)
    TIM7_IRQHandler                          0x08000303   Thumb Code     0  startup_stm32f4xx.o(.text)
    TIM8_BRK_TIM12_IRQHandler                0x08000303   Thumb Code     0  startup_stm32f4xx.o(.text)
    TIM8_CC_IRQHandler                       0x08000303   Thumb Code     0  startup_stm32f4xx.o(.text)
    TIM8_TRG_COM_TIM14_IRQHandler            0x08000303   Thumb Code     0  startup_stm32f4xx.o(.text)
    TIM8_UP_TIM13_IRQHandler                 0x08000303   Thumb Code     0  startup_stm32f4xx.o(.text)
    UART4_IRQHandler                         0x08000303   Thumb Code     0  startup_stm32f4xx.o(.text)
    UART5_IRQHandler                         0x08000303   Thumb Code     0  startup_stm32f4xx.o(.text)
    USART1_IRQHandler                        0x08000303   Thumb Code     0  startup_stm32f4xx.o(.text)
    USART2_IRQHandler                        0x08000303   Thumb Code     0  startup_stm32f4xx.o(.text)
    USART3_IRQHandler                        0x08000303   Thumb Code     0  startup_stm32f4xx.o(.text)
    USART6_IRQHandler                        0x08000303   Thumb Code     0  startup_stm32f4xx.o(.text)
    WWDG_IRQHandler                          0x08000303   Thumb Code     0  startup_stm32f4xx.o(.text)
    __user_initial_stackheap                 0x08000305   Thumb Code     0  startup_stm32f4xx.o(.text)
    SystemInit                               0x08000405   Thumb Code    88  system_stm32f4xx.o(.text)
    SystemCoreClockUpdate                    0x0800045d   Thumb Code   174  system_stm32f4xx.o(.text)
    vLedBlinkOrange                          0x08000539   Thumb Code    32  main.o(.text)
    vLedBlinkGreen                           0x08000559   Thumb Code    32  main.o(.text)
    vLedBlinkRed                             0x08000579   Thumb Code    32  main.o(.text)
    vLedBlinkBlue                            0x08000599   Thumb Code    32  main.o(.text)
    vBlueTimerCallback                       0x080005b9   Thumb Code    54  main.o(.text)
    main                                     0x080005ef   Thumb Code   162  main.o(.text)
    vRedTimerCallback                        0x08000691   Thumb Code    54  main.o(.text)
    vGreenTimerCallback                      0x080006c7   Thumb Code    54  main.o(.text)
    vOrangeTimerCallback                     0x080006fd   Thumb Code    54  main.o(.text)
    STM_EVAL_LEDInit                         0x080007a1   Thumb Code    62  discoveryf4utils.o(.text)
    STM_EVAL_LEDOn                           0x080007df   Thumb Code    16  discoveryf4utils.o(.text)
    STM_EVAL_LEDOff                          0x080007ef   Thumb Code    16  discoveryf4utils.o(.text)
    STM_EVAL_LEDToggle                       0x080007ff   Thumb Code    26  discoveryf4utils.o(.text)
    STM_EVAL_PBInit                          0x08000819   Thumb Code   140  discoveryf4utils.o(.text)
    STM_EVAL_PBGetState                      0x080008a5   Thumb Code    22  discoveryf4utils.o(.text)
    STM_EVAL_COMInit                         0x080008bb   Thumb Code   182  discoveryf4utils.o(.text)
    NMI_Handler                              0x080009c9   Thumb Code     2  stm32f4xx_it.o(.text)
    HardFault_Handler                        0x080009cb   Thumb Code     4  stm32f4xx_it.o(.text)
    MemManage_Handler                        0x080009cf   Thumb Code     4  stm32f4xx_it.o(.text)
    BusFault_Handler                         0x080009d3   Thumb Code     4  stm32f4xx_it.o(.text)
    UsageFault_Handler                       0x080009d7   Thumb Code     4  stm32f4xx_it.o(.text)
    DebugMon_Handler                         0x080009db   Thumb Code     2  stm32f4xx_it.o(.text)
    vListInitialise                          0x080009dd   Thumb Code    26  list.o(.text)
    vListInitialiseItem                      0x080009f7   Thumb Code     6  list.o(.text)
    vListInsertEnd                           0x080009fd   Thumb Code    24  list.o(.text)
    vListInsert                              0x08000a15   Thumb Code    52  list.o(.text)
    uxListRemove                             0x08000a49   Thumb Code    40  list.o(.text)
    xQueueGenericReset                       0x08000a71   Thumb Code   146  queue.o(.text)
    xQueueGenericCreate                      0x08000b2d   Thumb Code    88  queue.o(.text)
    xQueueGenericSend                        0x08000c9d   Thumb Code   420  queue.o(.text)
    xQueueCreateMutex                        0x08000e5d   Thumb Code    34  queue.o(.text)
    xQueueGiveMutexRecursive                 0x08000e7f   Thumb Code    76  queue.o(.text)
    xQueueSemaphoreTake                      0x08000ef9   Thumb Code   434  queue.o(.text)
    xQueueTakeMutexRecursive                 0x080010ab   Thumb Code    78  queue.o(.text)
    xQueueCreateCountingSemaphore            0x080010f9   Thumb Code    92  queue.o(.text)
    xQueueGenericSendFromISR                 0x08001155   Thumb Code   248  queue.o(.text)
    xQueueGiveFromISR                        0x0800124d   Thumb Code   224  queue.o(.text)
    xQueueReceive                            0x08001357   Thumb Code   362  queue.o(.text)
    xQueuePeek                               0x080014c1   Thumb Code   362  queue.o(.text)
    xQueueReceiveFromISR                     0x0800162b   Thumb Code   202  queue.o(.text)
    xQueuePeekFromISR                        0x080016f5   Thumb Code   176  queue.o(.text)
    uxQueueMessagesWaiting                   0x080017a5   Thumb Code    42  queue.o(.text)
    uxQueueSpacesAvailable                   0x080017cf   Thumb Code    52  queue.o(.text)
    uxQueueMessagesWaitingFromISR            0x08001803   Thumb Code    30  queue.o(.text)
    vQueueUnregisterQueue                    0x08001821   Thumb Code    44  queue.o(.text)
    vQueueDelete                             0x0800184d   Thumb Code    44  queue.o(.text)
    uxQueueGetQueueNumber                    0x08001879   Thumb Code     6  queue.o(.text)
    vQueueSetQueueNumber                     0x0800187f   Thumb Code     4  queue.o(.text)
    ucQueueGetQueueType                      0x08001883   Thumb Code     8  queue.o(.text)
    xQueueIsQueueEmptyFromISR                0x0800188b   Thumb Code    38  queue.o(.text)
    xQueueIsQueueFullFromISR                 0x080018b1   Thumb Code    42  queue.o(.text)
    vQueueAddToRegistry                      0x080018db   Thumb Code    38  queue.o(.text)
    pcQueueGetName                           0x08001901   Thumb Code    38  queue.o(.text)
    vQueueWaitForMessageRestricted           0x08001927   Thumb Code    74  queue.o(.text)
    xTaskCreate                              0x08001b0b   Thumb Code    96  tasks.o(.text)
    vTaskDelete                              0x08001ba7   Thumb Code   202  tasks.o(.text)
    xTaskIncrementTick                       0x08001c71   Thumb Code   358  tasks.o(.text)
    xTaskResumeAll                           0x08001dd7   Thumb Code   224  tasks.o(.text)
    vTaskSuspendAll                          0x08001f33   Thumb Code    12  tasks.o(.text)
    vTaskDelayUntil                          0x08001f3f   Thumb Code   200  tasks.o(.text)
    vTaskDelay                               0x08002007   Thumb Code    82  tasks.o(.text)
    eTaskGetState                            0x08002059   Thumb Code   112  tasks.o(.text)
    uxTaskPriorityGet                        0x080020c9   Thumb Code    30  tasks.o(.text)
    uxTaskPriorityGetFromISR                 0x080020e7   Thumb Code    62  tasks.o(.text)
    vTaskPrioritySet                         0x08002125   Thumb Code   322  tasks.o(.text)
    vTaskSwitchContext                       0x08002267   Thumb Code   118  tasks.o(.text)
    vTaskSuspend                             0x080022dd   Thumb Code   210  tasks.o(.text)
    vTaskResume                              0x080023ff   Thumb Code   128  tasks.o(.text)
    xTaskResumeFromISR                       0x0800247f   Thumb Code   158  tasks.o(.text)
    vTaskStartScheduler                      0x08002579   Thumb Code   192  tasks.o(.text)
    vTaskEndScheduler                        0x08002639   Thumb Code    32  tasks.o(.text)
    xTaskGetTickCount                        0x08002659   Thumb Code     6  tasks.o(.text)
    xTaskGetTickCountFromISR                 0x0800265f   Thumb Code    16  tasks.o(.text)
    uxTaskGetNumberOfTasks                   0x0800266f   Thumb Code     6  tasks.o(.text)
    pcTaskGetName                            0x08002675   Thumb Code    44  tasks.o(.text)
    vTaskGetInfo                             0x080026b7   Thumb Code   126  tasks.o(.text)
    uxTaskGetSystemState                     0x0800279f   Thumb Code   152  tasks.o(.text)
    vTaskPlaceOnEventList                    0x08002837   Thumb Code    52  tasks.o(.text)
    vTaskPlaceOnUnorderedEventList           0x0800286b   Thumb Code   100  tasks.o(.text)
    vTaskPlaceOnEventListRestricted          0x080028cf   Thumb Code    60  tasks.o(.text)
    xTaskRemoveFromEventList                 0x0800290b   Thumb Code   128  tasks.o(.text)
    vTaskRemoveFromUnorderedEventList        0x0800298b   Thumb Code   142  tasks.o(.text)
    vTaskSetTimeOutState                     0x08002a19   Thumb Code   102  tasks.o(.text)
    vTaskInternalSetTimeOutState             0x08002a7f   Thumb Code    14  tasks.o(.text)
    xTaskCheckForTimeOut                     0x08002a8d   Thumb Code   132  tasks.o(.text)
    vTaskMissedYield                         0x08002b11   Thumb Code     8  tasks.o(.text)
    uxTaskGetTaskNumber                      0x08002b19   Thumb Code    14  tasks.o(.text)
    vTaskSetTaskNumber                       0x08002b27   Thumb Code     8  tasks.o(.text)
    xTaskGetCurrentTaskHandle                0x08002b2f   Thumb Code     6  tasks.o(.text)
    xTaskGetSchedulerState                   0x08002b35   Thumb Code    24  tasks.o(.text)
    xTaskPriorityInherit                     0x08002b4d   Thumb Code   186  tasks.o(.text)
    xTaskPriorityDisinherit                  0x08002c07   Thumb Code   188  tasks.o(.text)
    vTaskPriorityDisinheritAfterTimeout      0x08002cc3   Thumb Code   230  tasks.o(.text)
    uxTaskResetEventItemValue                0x08002da9   Thumb Code    24  tasks.o(.text)
    pvTaskIncrementMutexHeldCount            0x08002dc1   Thumb Code    26  tasks.o(.text)
    ulTaskNotifyTake                         0x08002ddb   Thumb Code   108  tasks.o(.text)
    xTaskNotifyWait                          0x08002e47   Thumb Code   188  tasks.o(.text)
    xTaskGenericNotify                       0x08002f03   Thumb Code   242  tasks.o(.text)
    xTaskGenericNotifyFromISR                0x08002ff5   Thumb Code   298  tasks.o(.text)
    vTaskNotifyGiveFromISR                   0x0800311f   Thumb Code   216  tasks.o(.text)
    xTaskNotifyStateClear                    0x080031f7   Thumb Code    48  tasks.o(.text)
    xTimerGenericCommand                     0x08003295   Thumb Code   126  timers.o(.text)
    xTimerCreateTimerTask                    0x0800360b   Thumb Code   118  timers.o(.text)
    xTimerCreate                             0x080036cf   Thumb Code    48  timers.o(.text)
    xTimerGetTimerDaemonTaskHandle           0x080036ff   Thumb Code    42  timers.o(.text)
    xTimerGetPeriod                          0x08003729   Thumb Code    32  timers.o(.text)
    xTimerGetExpiryTime                      0x08003749   Thumb Code    34  timers.o(.text)
    pcTimerGetName                           0x0800376b   Thumb Code    32  timers.o(.text)
    xTimerIsTimerActive                      0x0800378b   Thumb Code    56  timers.o(.text)
    pvTimerGetTimerID                        0x080037c3   Thumb Code    44  timers.o(.text)
    vTimerSetTimerID                         0x080037ef   Thumb Code    44  timers.o(.text)
    uxTimerGetTimerNumber                    0x0800381b   Thumb Code     6  timers.o(.text)
    vTimerSetTimerNumber                     0x08003821   Thumb Code     4  timers.o(.text)
    pxPortInitialiseStack                    0x08003865   Thumb Code    38  port.o(.text)
    vPortSetupTimerInterrupt                 0x0800388b   Thumb Code    36  port.o(.text)
    xPortStartScheduler                      0x080038af   Thumb Code   372  port.o(.text)
    vPortEndScheduler                        0x08003a23   Thumb Code    42  port.o(.text)
    vPortEnterCritical                       0x08003a4d   Thumb Code    78  port.o(.text)
    vPortExitCritical                        0x08003a9b   Thumb Code    56  port.o(.text)
    SysTick_Handler                          0x08003ad3   Thumb Code    48  port.o(.text)
    vPortValidateInterruptPriority           0x08003b03   Thumb Code   108  port.o(.text)
    pvPortMalloc                             0x08003bbb   Thumb Code   164  heap_2.o(.text)
    vPortFree                                0x08003c5f   Thumb Code    56  heap_2.o(.text)
    xPortGetFreeHeapSize                     0x08003c97   Thumb Code     6  heap_2.o(.text)
    vPortInitialiseBlocks                    0x08003c9d   Thumb Code     2  heap_2.o(.text)
    NVIC_PriorityGroupConfig                 0x08003cb9   Thumb Code    10  misc.o(.text)
    NVIC_Init                                0x08003cc3   Thumb Code   106  misc.o(.text)
    NVIC_SetVectorTable                      0x08003d2d   Thumb Code    14  misc.o(.text)
    NVIC_SystemLPConfig                      0x08003d3b   Thumb Code    34  misc.o(.text)
    SysTick_CLKSourceConfig                  0x08003d5d   Thumb Code    40  misc.o(.text)
    EXTI_DeInit                              0x08003d99   Thumb Code    28  stm32f4xx_exti.o(.text)
    EXTI_Init                                0x08003db5   Thumb Code   142  stm32f4xx_exti.o(.text)
    EXTI_StructInit                          0x08003e43   Thumb Code    16  stm32f4xx_exti.o(.text)
    EXTI_GenerateSWInterrupt                 0x08003e53   Thumb Code    16  stm32f4xx_exti.o(.text)
    EXTI_GetFlagStatus                       0x08003e63   Thumb Code    22  stm32f4xx_exti.o(.text)
    EXTI_ClearFlag                           0x08003e79   Thumb Code     8  stm32f4xx_exti.o(.text)
    EXTI_GetITStatus                         0x08003e81   Thumb Code    22  stm32f4xx_exti.o(.text)
    EXTI_ClearITPendingBit                   0x08003e97   Thumb Code     8  stm32f4xx_exti.o(.text)
    GPIO_DeInit                              0x08003ea9   Thumb Code   268  stm32f4xx_gpio.o(.text)
    GPIO_Init                                0x08003fb5   Thumb Code   144  stm32f4xx_gpio.o(.text)
    GPIO_StructInit                          0x08004045   Thumb Code    18  stm32f4xx_gpio.o(.text)
    GPIO_PinLockConfig                       0x08004057   Thumb Code    34  stm32f4xx_gpio.o(.text)
    GPIO_ReadInputDataBit                    0x08004079   Thumb Code    18  stm32f4xx_gpio.o(.text)
    GPIO_ReadInputData                       0x0800408b   Thumb Code     8  stm32f4xx_gpio.o(.text)
    GPIO_ReadOutputDataBit                   0x08004093   Thumb Code    18  stm32f4xx_gpio.o(.text)
    GPIO_ReadOutputData                      0x080040a5   Thumb Code     8  stm32f4xx_gpio.o(.text)
    GPIO_SetBits                             0x080040ad   Thumb Code     4  stm32f4xx_gpio.o(.text)
    GPIO_ResetBits                           0x080040b1   Thumb Code     4  stm32f4xx_gpio.o(.text)
    GPIO_WriteBit                            0x080040b5   Thumb Code    10  stm32f4xx_gpio.o(.text)
    GPIO_Write                               0x080040bf   Thumb Code     4  stm32f4xx_gpio.o(.text)
    GPIO_ToggleBits                          0x080040c3   Thumb Code     8  stm32f4xx_gpio.o(.text)
    GPIO_PinAFConfig                         0x080040cb   Thumb Code    70  stm32f4xx_gpio.o(.text)
    RCC_DeInit                               0x0800413d   Thumb Code    82  stm32f4xx_rcc.o(.text)
    RCC_HSEConfig                            0x0800418f   Thumb Code    14  stm32f4xx_rcc.o(.text)
    RCC_GetFlagStatus                        0x0800419d   Thumb Code    60  stm32f4xx_rcc.o(.text)
    RCC_WaitForHSEStartUp                    0x080041d9   Thumb Code    56  stm32f4xx_rcc.o(.text)
    RCC_AdjustHSICalibrationValue            0x08004211   Thumb Code    20  stm32f4xx_rcc.o(.text)
    RCC_HSICmd                               0x08004225   Thumb Code     6  stm32f4xx_rcc.o(.text)
    RCC_LSEConfig                            0x0800422b   Thumb Code    46  stm32f4xx_rcc.o(.text)
    RCC_LSICmd                               0x08004259   Thumb Code     6  stm32f4xx_rcc.o(.text)
    RCC_PLLConfig                            0x0800425f   Thumb Code    32  stm32f4xx_rcc.o(.text)
    RCC_PLLCmd                               0x0800427f   Thumb Code     6  stm32f4xx_rcc.o(.text)
    RCC_PLLI2SConfig                         0x08004285   Thumb Code    14  stm32f4xx_rcc.o(.text)
    RCC_PLLI2SCmd                            0x08004293   Thumb Code     6  stm32f4xx_rcc.o(.text)
    RCC_PLLSAIConfig                         0x08004299   Thumb Code    20  stm32f4xx_rcc.o(.text)
    RCC_PLLSAICmd                            0x080042ad   Thumb Code     6  stm32f4xx_rcc.o(.text)
    RCC_ClockSecuritySystemCmd               0x080042b3   Thumb Code     6  stm32f4xx_rcc.o(.text)
    RCC_MCO1Config                           0x080042b9   Thumb Code    28  stm32f4xx_rcc.o(.text)
    RCC_MCO2Config                           0x080042d5   Thumb Code    28  stm32f4xx_rcc.o(.text)
    RCC_SYSCLKConfig                         0x080042f1   Thumb Code    20  stm32f4xx_rcc.o(.text)
    RCC_GetSYSCLKSource                      0x08004305   Thumb Code    12  stm32f4xx_rcc.o(.text)
    RCC_HCLKConfig                           0x08004311   Thumb Code    20  stm32f4xx_rcc.o(.text)
    RCC_PCLK1Config                          0x08004325   Thumb Code    20  stm32f4xx_rcc.o(.text)
    RCC_PCLK2Config                          0x08004339   Thumb Code    22  stm32f4xx_rcc.o(.text)
    RCC_GetClocksFreq                        0x0800434f   Thumb Code   222  stm32f4xx_rcc.o(.text)
    RCC_RTCCLKConfig                         0x0800442d   Thumb Code    54  stm32f4xx_rcc.o(.text)
    RCC_RTCCLKCmd                            0x08004463   Thumb Code     8  stm32f4xx_rcc.o(.text)
    RCC_BackupResetCmd                       0x0800446b   Thumb Code     8  stm32f4xx_rcc.o(.text)
    RCC_I2SCLKConfig                         0x08004473   Thumb Code     6  stm32f4xx_rcc.o(.text)
    RCC_SAIPLLI2SClkDivConfig                0x08004479   Thumb Code    26  stm32f4xx_rcc.o(.text)
    RCC_SAIPLLSAIClkDivConfig                0x08004493   Thumb Code    28  stm32f4xx_rcc.o(.text)
    RCC_SAIBlockACLKConfig                   0x080044af   Thumb Code    20  stm32f4xx_rcc.o(.text)
    RCC_SAIBlockBCLKConfig                   0x080044c3   Thumb Code    20  stm32f4xx_rcc.o(.text)
    RCC_LTDCCLKDivConfig                     0x080044d7   Thumb Code    20  stm32f4xx_rcc.o(.text)
    RCC_TIMCLKPresConfig                     0x080044eb   Thumb Code     6  stm32f4xx_rcc.o(.text)
    RCC_AHB1PeriphClockCmd                   0x080044f1   Thumb Code    34  stm32f4xx_rcc.o(.text)
    RCC_AHB2PeriphClockCmd                   0x08004513   Thumb Code    78  stm32f4xx_rcc.o(.text)
    RCC_AHB3PeriphClockCmd                   0x08004561   Thumb Code    34  stm32f4xx_rcc.o(.text)
    RCC_APB1PeriphClockCmd                   0x08004583   Thumb Code    34  stm32f4xx_rcc.o(.text)
    RCC_APB2PeriphClockCmd                   0x080045a5   Thumb Code    34  stm32f4xx_rcc.o(.text)
    RCC_AHB1PeriphResetCmd                   0x080045c7   Thumb Code    34  stm32f4xx_rcc.o(.text)
    RCC_AHB2PeriphResetCmd                   0x080045e9   Thumb Code    34  stm32f4xx_rcc.o(.text)
    RCC_AHB3PeriphResetCmd                   0x0800460b   Thumb Code    34  stm32f4xx_rcc.o(.text)
    RCC_APB1PeriphResetCmd                   0x0800462d   Thumb Code    34  stm32f4xx_rcc.o(.text)
    RCC_APB2PeriphResetCmd                   0x0800464f   Thumb Code    34  stm32f4xx_rcc.o(.text)
    RCC_AHB1PeriphClockLPModeCmd             0x08004671   Thumb Code    34  stm32f4xx_rcc.o(.text)
    RCC_AHB2PeriphClockLPModeCmd             0x08004693   Thumb Code    34  stm32f4xx_rcc.o(.text)
    RCC_AHB3PeriphClockLPModeCmd             0x080046b5   Thumb Code    34  stm32f4xx_rcc.o(.text)
    RCC_APB1PeriphClockLPModeCmd             0x080046d7   Thumb Code    34  stm32f4xx_rcc.o(.text)
    RCC_APB2PeriphClockLPModeCmd             0x080046f9   Thumb Code    34  stm32f4xx_rcc.o(.text)
    RCC_ITConfig                             0x0800471b   Thumb Code    34  stm32f4xx_rcc.o(.text)
    RCC_ClearFlag                            0x0800473d   Thumb Code    18  stm32f4xx_rcc.o(.text)
    RCC_GetITStatus                          0x0800474f   Thumb Code    22  stm32f4xx_rcc.o(.text)
    RCC_ClearITPendingBit                    0x08004765   Thumb Code     8  stm32f4xx_rcc.o(.text)
    SYSCFG_DeInit                            0x08004771   Thumb Code    22  stm32f4xx_syscfg.o(.text)
    SYSCFG_MemoryRemapConfig                 0x08004787   Thumb Code     6  stm32f4xx_syscfg.o(.text)
    SYSCFG_MemorySwappingBank                0x0800478d   Thumb Code     6  stm32f4xx_syscfg.o(.text)
    SYSCFG_EXTILineConfig                    0x08004793   Thumb Code    66  stm32f4xx_syscfg.o(.text)
    SYSCFG_ETH_MediaInterfaceConfig          0x080047d5   Thumb Code     8  stm32f4xx_syscfg.o(.text)
    SYSCFG_CompensationCellCmd               0x080047dd   Thumb Code     6  stm32f4xx_syscfg.o(.text)
    SYSCFG_GetCompensationCellStatus         0x080047e3   Thumb Code    22  stm32f4xx_syscfg.o(.text)
    USART_DeInit                             0x08004805   Thumb Code   206  stm32f4xx_usart.o(.text)
    USART_Init                               0x080048d3   Thumb Code   204  stm32f4xx_usart.o(.text)
    USART_StructInit                         0x0800499f   Thumb Code    24  stm32f4xx_usart.o(.text)
    USART_ClockInit                          0x080049b7   Thumb Code    32  stm32f4xx_usart.o(.text)
    USART_ClockStructInit                    0x080049d7   Thumb Code    12  stm32f4xx_usart.o(.text)
    USART_Cmd                                0x080049e3   Thumb Code    24  stm32f4xx_usart.o(.text)
    USART_SetPrescaler                       0x080049fb   Thumb Code    16  stm32f4xx_usart.o(.text)
    USART_OverSampling8Cmd                   0x08004a0b   Thumb Code    22  stm32f4xx_usart.o(.text)
    USART_OneBitMethodCmd                    0x08004a21   Thumb Code    24  stm32f4xx_usart.o(.text)
    USART_SendData                           0x08004a39   Thumb Code     8  stm32f4xx_usart.o(.text)
    USART_ReceiveData                        0x08004a41   Thumb Code    10  stm32f4xx_usart.o(.text)
    USART_SetAddress                         0x08004a4b   Thumb Code    18  stm32f4xx_usart.o(.text)
    USART_ReceiverWakeUpCmd                  0x08004a5d   Thumb Code    24  stm32f4xx_usart.o(.text)
    USART_WakeUpConfig                       0x08004a75   Thumb Code    18  stm32f4xx_usart.o(.text)
    USART_LINBreakDetectLengthConfig         0x08004a87   Thumb Code    18  stm32f4xx_usart.o(.text)
    USART_LINCmd                             0x08004a99   Thumb Code    24  stm32f4xx_usart.o(.text)
    USART_SendBreak                          0x08004ab1   Thumb Code    10  stm32f4xx_usart.o(.text)
    USART_HalfDuplexCmd                      0x08004abb   Thumb Code    24  stm32f4xx_usart.o(.text)
    USART_SetGuardTime                       0x08004ad3   Thumb Code    16  stm32f4xx_usart.o(.text)
    USART_SmartCardCmd                       0x08004ae3   Thumb Code    24  stm32f4xx_usart.o(.text)
    USART_SmartCardNACKCmd                   0x08004afb   Thumb Code    24  stm32f4xx_usart.o(.text)
    USART_IrDAConfig                         0x08004b13   Thumb Code    18  stm32f4xx_usart.o(.text)
    USART_IrDACmd                            0x08004b25   Thumb Code    24  stm32f4xx_usart.o(.text)
    USART_DMACmd                             0x08004b3d   Thumb Code    18  stm32f4xx_usart.o(.text)
    USART_ITConfig                           0x08004b4f   Thumb Code    74  stm32f4xx_usart.o(.text)
    USART_GetFlagStatus                      0x08004b99   Thumb Code    26  stm32f4xx_usart.o(.text)
    USART_ClearFlag                          0x08004bb3   Thumb Code    18  stm32f4xx_usart.o(.text)
    USART_GetITStatus                        0x08004bc5   Thumb Code   118  stm32f4xx_usart.o(.text)
    USART_ClearITPendingBit                  0x08004c3b   Thumb Code    30  stm32f4xx_usart.o(.text)
    __aeabi_memcpy                           0x08004c59   Thumb Code     0  rt_memcpy_v6.o(.text)
    __rt_memcpy                              0x08004c59   Thumb Code   138  rt_memcpy_v6.o(.text)
    _memcpy_lastbytes                        0x08004cbf   Thumb Code     0  rt_memcpy_v6.o(.text)
    __aeabi_memset                           0x08004ce3   Thumb Code    16  aeabi_memset.o(.text)
    __use_two_region_memory                  0x08004cf3   Thumb Code     2  heapauxi.o(.text)
    __rt_heap_escrow$2region                 0x08004cf5   Thumb Code     2  heapauxi.o(.text)
    __rt_heap_expand$2region                 0x08004cf7   Thumb Code     2  heapauxi.o(.text)
    __aeabi_memcpy4                          0x08004cf9   Thumb Code     0  rt_memcpy_w.o(.text)
    __aeabi_memcpy8                          0x08004cf9   Thumb Code     0  rt_memcpy_w.o(.text)
    __rt_memcpy_w                            0x08004cf9   Thumb Code   100  rt_memcpy_w.o(.text)
    _memcpy_lastbytes_aligned                0x08004d41   Thumb Code     0  rt_memcpy_w.o(.text)
    __aeabi_memclr                           0x08004d5d   Thumb Code     0  rt_memclr.o(.text)
    __rt_memclr                              0x08004d5d   Thumb Code    68  rt_memclr.o(.text)
    _memset                                  0x08004d61   Thumb Code     0  rt_memclr.o(.text)
    __aeabi_memclr4                          0x08004da1   Thumb Code     0  rt_memclr_w.o(.text)
    __aeabi_memclr8                          0x08004da1   Thumb Code     0  rt_memclr_w.o(.text)
    __rt_memclr_w                            0x08004da1   Thumb Code    78  rt_memclr_w.o(.text)
    _memset_w                                0x08004da5   Thumb Code     0  rt_memclr_w.o(.text)
    __user_setup_stackheap                   0x08004def   Thumb Code    74  sys_stackheap_outer.o(.text)
    exit                                     0x08004e39   Thumb Code    18  exit.o(.text)
    __user_libspace                          0x08004e4d   Thumb Code     8  libspace.o(.text)
    __user_perproc_libspace                  0x08004e4d   Thumb Code     0  libspace.o(.text)
    __user_perthread_libspace                0x08004e4d   Thumb Code     0  libspace.o(.text)
    _sys_exit                                0x08004e55   Thumb Code     8  sys_exit.o(.text)
    __I$use$semihosting                      0x08004e61   Thumb Code     0  use_no_semi.o(.text)
    __use_no_semihosting_swi                 0x08004e61   Thumb Code     2  use_no_semi.o(.text)
    __semihosting_library_function           0x08004e63   Thumb Code     0  indicate_semi.o(.text)
    _fp_init                                 0x08004e63   Thumb Code    10  fpinit.o(x$fpl$fpinit)
    __fplib_config_fpu_vfp                   0x08004e6b   Thumb Code     0  fpinit.o(x$fpl$fpinit)
    __fplib_config_pureend_doubles           0x08004e6b   Thumb Code     0  fpinit.o(x$fpl$fpinit)
    GPIO_PIN                                 0x08004e6c   Data           8  discoveryf4utils.o(.constdata)
    GPIO_CLK                                 0x08004e74   Data          16  discoveryf4utils.o(.constdata)
    BUTTON_PIN                               0x08004e84   Data           2  discoveryf4utils.o(.constdata)
    BUTTON_CLK                               0x08004e88   Data           4  discoveryf4utils.o(.constdata)
    BUTTON_EXTI_LINE                         0x08004e8c   Data           2  discoveryf4utils.o(.constdata)
    BUTTON_PORT_SOURCE                       0x08004e8e   Data           1  discoveryf4utils.o(.constdata)
    BUTTON_PIN_SOURCE                        0x08004e8f   Data           1  discoveryf4utils.o(.constdata)
    BUTTON_IRQn                              0x08004e90   Data           1  discoveryf4utils.o(.constdata)
    COM_USART_CLK                            0x08004e94   Data           4  discoveryf4utils.o(.constdata)
    COM_TX_PORT_CLK                          0x08004e98   Data           4  discoveryf4utils.o(.constdata)
    COM_RX_PORT_CLK                          0x08004e9c   Data           4  discoveryf4utils.o(.constdata)
    COM_TX_PIN                               0x08004ea0   Data           2  discoveryf4utils.o(.constdata)
    COM_RX_PIN                               0x08004ea2   Data           2  discoveryf4utils.o(.constdata)
    COM_TX_PIN_SOURCE                        0x08004ea4   Data           2  discoveryf4utils.o(.constdata)
    COM_RX_PIN_SOURCE                        0x08004ea6   Data           2  discoveryf4utils.o(.constdata)
    COM_TX_AF                                0x08004ea8   Data           2  discoveryf4utils.o(.constdata)
    COM_RX_AF                                0x08004eaa   Data           2  discoveryf4utils.o(.constdata)
    Region$$Table$$Base                      0x08004eac   Number         0  anon$$obj.o(Region$$Table)
    Region$$Table$$Limit                     0x08004ecc   Number         0  anon$$obj.o(Region$$Table)
    SystemCoreClock                          0x20000000   Data           4  system_stm32f4xx.o(.data)
    AHBPrescTable                            0x20000004   Data          16  system_stm32f4xx.o(.data)
    GPIO_PORT                                0x20000014   Data          16  discoveryf4utils.o(.data)
    BUTTON_PORT                              0x20000024   Data           4  discoveryf4utils.o(.data)
    NVIC_InitStructure                       0x20000028   Data           4  discoveryf4utils.o(.data)
    COM_USART                                0x2000002c   Data           4  discoveryf4utils.o(.data)
    COM_TX_PORT                              0x20000030   Data           4  discoveryf4utils.o(.data)
    COM_RX_PORT                              0x20000034   Data           4  discoveryf4utils.o(.data)
    pxCurrentTCB                             0x20000038   Data           4  tasks.o(.data)
    xTimers                                  0x200000bc   Data          16  main.o(.bss)
    xTasks                                   0x200000cc   Data          16  main.o(.bss)
    xQueueRegistry                           0x200000dc   Data          64  queue.o(.bss)
    __libspace_start                         0x20012e0c   Data          96  libspace.o(.bss)
    __temporary_stack_top$libspace           0x20012e6c   Data           0  libspace.o(.bss)



==============================================================================

Memory Map of the image

  Image Entry point : 0x08000189

  Load Region LR_IROM1 (Base: 0x08000000, Size: 0x00004f88, Max: 0x00100000, ABSOLUTE)

    Execution Region ER_IROM1 (Exec base: 0x08000000, Load base: 0x08000000, Size: 0x00004ecc, Max: 0x00100000, ABSOLUTE)

    Exec Addr    Load Addr    Size         Type   Attr      Idx    E Section Name        Object

    0x08000000   0x08000000   0x00000188   Data   RO            3    RESET               startup_stm32f4xx.o
    0x08000188   0x08000188   0x00000008   Code   RO         1182  * !!!main             c_w.l(__main.o)
    0x08000190   0x08000190   0x00000034   Code   RO         1345    !!!scatter          c_w.l(__scatter.o)
    0x080001c4   0x080001c4   0x0000001a   Code   RO         1347    !!handler_copy      c_w.l(__scatter_copy.o)
    0x080001de   0x080001de   0x00000002   PAD
    0x080001e0   0x080001e0   0x0000001c   Code   RO         1349    !!handler_zi        c_w.l(__scatter_zi.o)
    0x080001fc   0x080001fc   0x00000002   Code   RO         1215    .ARM.Collect$$libinit$$00000000  c_w.l(libinit.o)
    0x080001fe   0x080001fe   0x00000004   Code   RO         1221    .ARM.Collect$$libinit$$00000001  c_w.l(libinit2.o)
    0x08000202   0x08000202   0x00000000   Code   RO         1224    .ARM.Collect$$libinit$$00000004  c_w.l(libinit2.o)
    0x08000202   0x08000202   0x00000000   Code   RO         1227    .ARM.Collect$$libinit$$0000000A  c_w.l(libinit2.o)
    0x08000202   0x08000202   0x00000000   Code   RO         1229    .ARM.Collect$$libinit$$0000000C  c_w.l(libinit2.o)
    0x08000202   0x08000202   0x00000000   Code   RO         1231    .ARM.Collect$$libinit$$0000000E  c_w.l(libinit2.o)
    0x08000202   0x08000202   0x00000000   Code   RO         1234    .ARM.Collect$$libinit$$00000011  c_w.l(libinit2.o)
    0x08000202   0x08000202   0x00000000   Code   RO         1236    .ARM.Collect$$libinit$$00000013  c_w.l(libinit2.o)
    0x08000202   0x08000202   0x00000000   Code   RO         1238    .ARM.Collect$$libinit$$00000015  c_w.l(libinit2.o)
    0x08000202   0x08000202   0x00000000   Code   RO         1240    .ARM.Collect$$libinit$$00000017  c_w.l(libinit2.o)
    0x08000202   0x08000202   0x00000000   Code   RO         1242    .ARM.Collect$$libinit$$00000019  c_w.l(libinit2.o)
    0x08000202   0x08000202   0x00000000   Code   RO         1244    .ARM.Collect$$libinit$$0000001B  c_w.l(libinit2.o)
    0x08000202   0x08000202   0x00000000   Code   RO         1246    .ARM.Collect$$libinit$$0000001D  c_w.l(libinit2.o)
    0x08000202   0x08000202   0x00000000   Code   RO         1248    .ARM.Collect$$libinit$$0000001F  c_w.l(libinit2.o)
    0x08000202   0x08000202   0x00000000   Code   RO         1250    .ARM.Collect$$libinit$$00000021  c_w.l(libinit2.o)
    0x08000202   0x08000202   0x00000000   Code   RO         1252    .ARM.Collect$$libinit$$00000023  c_w.l(libinit2.o)
    0x08000202   0x08000202   0x00000000   Code   RO         1254    .ARM.Collect$$libinit$$00000025  c_w.l(libinit2.o)
    0x08000202   0x08000202   0x00000000   Code   RO         1258    .ARM.Collect$$libinit$$0000002C  c_w.l(libinit2.o)
    0x08000202   0x08000202   0x00000000   Code   RO         1260    .ARM.Collect$$libinit$$0000002E  c_w.l(libinit2.o)
    0x08000202   0x08000202   0x00000000   Code   RO         1262    .ARM.Collect$$libinit$$00000030  c_w.l(libinit2.o)
    0x08000202   0x08000202   0x00000000   Code   RO         1264    .ARM.Collect$$libinit$$00000032  c_w.l(libinit2.o)
    0x08000202   0x08000202   0x00000002   Code   RO         1265    .ARM.Collect$$libinit$$00000033  c_w.l(libinit2.o)
    0x08000204   0x08000204   0x00000002   Code   RO         1285    .ARM.Collect$$libshutdown$$00000000  c_w.l(libshutdown.o)
    0x08000206   0x08000206   0x00000000   Code   RO         1298    .ARM.Collect$$libshutdown$$00000002  c_w.l(libshutdown2.o)
    0x08000206   0x08000206   0x00000000   Code   RO         1300    .ARM.Collect$$libshutdown$$00000004  c_w.l(libshutdown2.o)
    0x08000206   0x08000206   0x00000000   Code   RO         1303    .ARM.Collect$$libshutdown$$00000007  c_w.l(libshutdown2.o)
    0x08000206   0x08000206   0x00000000   Code   RO         1306    .ARM.Collect$$libshutdown$$0000000A  c_w.l(libshutdown2.o)
    0x08000206   0x08000206   0x00000000   Code   RO         1308    .ARM.Collect$$libshutdown$$0000000C  c_w.l(libshutdown2.o)
    0x08000206   0x08000206   0x00000000   Code   RO         1311    .ARM.Collect$$libshutdown$$0000000F  c_w.l(libshutdown2.o)
    0x08000206   0x08000206   0x00000002   Code   RO         1312    .ARM.Collect$$libshutdown$$00000010  c_w.l(libshutdown2.o)
    0x08000208   0x08000208   0x00000000   Code   RO         1184    .ARM.Collect$$rtentry$$00000000  c_w.l(__rtentry.o)
    0x08000208   0x08000208   0x00000000   Code   RO         1190    .ARM.Collect$$rtentry$$00000002  c_w.l(__rtentry2.o)
    0x08000208   0x08000208   0x00000006   Code   RO         1202    .ARM.Collect$$rtentry$$00000004  c_w.l(__rtentry4.o)
    0x0800020e   0x0800020e   0x00000000   Code   RO         1192    .ARM.Collect$$rtentry$$00000009  c_w.l(__rtentry2.o)
    0x0800020e   0x0800020e   0x00000004   Code   RO         1193    .ARM.Collect$$rtentry$$0000000A  c_w.l(__rtentry2.o)
    0x08000212   0x08000212   0x00000000   Code   RO         1195    .ARM.Collect$$rtentry$$0000000C  c_w.l(__rtentry2.o)
    0x08000212   0x08000212   0x00000008   Code   RO         1196    .ARM.Collect$$rtentry$$0000000D  c_w.l(__rtentry2.o)
    0x0800021a   0x0800021a   0x00000002   Code   RO         1219    .ARM.Collect$$rtexit$$00000000  c_w.l(rtexit.o)
    0x0800021c   0x0800021c   0x00000000   Code   RO         1267    .ARM.Collect$$rtexit$$00000002  c_w.l(rtexit2.o)
    0x0800021c   0x0800021c   0x00000004   Code   RO         1268    .ARM.Collect$$rtexit$$00000003  c_w.l(rtexit2.o)
    0x08000220   0x08000220   0x00000006   Code   RO         1269    .ARM.Collect$$rtexit$$00000004  c_w.l(rtexit2.o)
    0x08000226   0x08000226   0x00000002   PAD
    0x08000228   0x08000228   0x000000be   Code   RO          424    .emb_text           port.o
    0x080002e6   0x080002e6   0x00000002   PAD
    0x080002e8   0x080002e8   0x00000040   Code   RO            4    .text               startup_stm32f4xx.o
    0x08000328   0x08000328   0x00000210   Code   RO           12    .text               system_stm32f4xx.o
    0x08000538   0x08000538   0x00000268   Code   RO          139    .text               main.o
    0x080007a0   0x080007a0   0x00000228   Code   RO          208    .text               discoveryf4utils.o
    0x080009c8   0x080009c8   0x00000014   Code   RO          232    .text               stm32f4xx_it.o
    0x080009dc   0x080009dc   0x00000094   Code   RO          313    .text               list.o
    0x08000a70   0x08000a70   0x00000f04   Code   RO          336    .text               queue.o
    0x08001974   0x08001974   0x000018d0   Code   RO          362    .text               tasks.o
    0x08003244   0x08003244   0x000005e4   Code   RO          389    .text               timers.o
    0x08003828   0x08003828   0x0000036c   Code   RO          425    .text               port.o
    0x08003b94   0x08003b94   0x00000124   Code   RO          462    .text               heap_2.o
    0x08003cb8   0x08003cb8   0x000000e0   Code   RO          485    .text               misc.o
    0x08003d98   0x08003d98   0x00000110   Code   RO          748    .text               stm32f4xx_exti.o
    0x08003ea8   0x08003ea8   0x00000294   Code   RO          808    .text               stm32f4xx_gpio.o
    0x0800413c   0x0800413c   0x00000634   Code   RO          971    .text               stm32f4xx_rcc.o
    0x08004770   0x08004770   0x00000094   Code   RO         1096    .text               stm32f4xx_syscfg.o
    0x08004804   0x08004804   0x00000454   Code   RO         1136    .text               stm32f4xx_usart.o
    0x08004c58   0x08004c58   0x0000008a   Code   RO         1176    .text               c_w.l(rt_memcpy_v6.o)
    0x08004ce2   0x08004ce2   0x00000010   Code   RO         1178    .text               c_w.l(aeabi_memset.o)
    0x08004cf2   0x08004cf2   0x00000006   Code   RO         1180    .text               c_w.l(heapauxi.o)
    0x08004cf8   0x08004cf8   0x00000064   Code   RO         1185    .text               c_w.l(rt_memcpy_w.o)
    0x08004d5c   0x08004d5c   0x00000044   Code   RO         1187    .text               c_w.l(rt_memclr.o)
    0x08004da0   0x08004da0   0x0000004e   Code   RO         1204    .text               c_w.l(rt_memclr_w.o)
    0x08004dee   0x08004dee   0x0000004a   Code   RO         1206    .text               c_w.l(sys_stackheap_outer.o)
    0x08004e38   0x08004e38   0x00000012   Code   RO         1208    .text               c_w.l(exit.o)
    0x08004e4a   0x08004e4a   0x00000002   PAD
    0x08004e4c   0x08004e4c   0x00000008   Code   RO         1216    .text               c_w.l(libspace.o)
    0x08004e54   0x08004e54   0x0000000c   Code   RO         1277    .text               c_w.l(sys_exit.o)
    0x08004e60   0x08004e60   0x00000002   Code   RO         1288    .text               c_w.l(use_no_semi.o)
    0x08004e62   0x08004e62   0x00000000   Code   RO         1290    .text               c_w.l(indicate_semi.o)
    0x08004e62   0x08004e62   0x0000000a   Code   RO         1275    x$fpl$fpinit        fz_wm.l(fpinit.o)
    0x08004e6c   0x08004e6c   0x00000040   Data   RO          209    .constdata          discoveryf4utils.o
    0x08004eac   0x08004eac   0x00000020   Data   RO         1343    Region$$Table       anon$$obj.o


    Execution Region RW_IRAM1 (Exec base: 0x20000000, Load base: 0x08004ecc, Size: 0x00013470, Max: 0x00020000, ABSOLUTE)

    Exec Addr    Load Addr    Size         Type   Attr      Idx    E Section Name        Object

    0x20000000   0x08004ecc   0x00000014   Data   RW           13    .data               system_stm32f4xx.o
    0x20000014   0x08004ee0   0x00000024   Data   RW          210    .data               discoveryf4utils.o
    0x20000038   0x08004f04   0x0000003c   Data   RW          364    .data               tasks.o
    0x20000074   0x08004f40   0x00000014   Data   RW          391    .data               timers.o
    0x20000088   0x08004f54   0x0000000c   Data   RW          426    .data               port.o
    0x20000094   0x08004f60   0x00000018   Data   RW          464    .data               heap_2.o
    0x200000ac   0x08004f78   0x00000010   Data   RW          972    .data               stm32f4xx_rcc.o
    0x200000bc        -       0x00000020   Zero   RW          140    .bss                main.o
    0x200000dc        -       0x00000040   Zero   RW          337    .bss                queue.o
    0x2000011c        -       0x000000c8   Zero   RW          363    .bss                tasks.o
    0x200001e4        -       0x00000028   Zero   RW          390    .bss                timers.o
    0x2000020c        -       0x00012c00   Zero   RW          463    .bss                heap_2.o
    0x20012e0c        -       0x00000060   Zero   RW         1217    .bss                c_w.l(libspace.o)
    0x20012e6c   0x08004f88   0x00000004   PAD
    0x20012e70        -       0x00000200   Zero   RW            2    HEAP                startup_stm32f4xx.o
    0x20013070        -       0x00000400   Zero   RW            1    STACK               startup_stm32f4xx.o


==============================================================================

Image component sizes


      Code (inc. data)   RO Data    RW Data    ZI Data      Debug   Object Name

       552         88         64         36          0       3845   discoveryf4utils.o
         0          0          0          0          0       9372   event_groups.o
       292         26          0         24      76800       3272   heap_2.o
       148          0          0          0          0       1954   list.o
       616        110          0          0         32      19484   main.o
       224         20          0          0          0       1981   misc.o
      1066         54          0         12          0       9027   port.o
      3844         18          0          0         64      18680   queue.o
        64         26        392          0       1536        868   startup_stm32f4xx.o
       272         10          0          0          0       2451   stm32f4xx_exti.o
       660         44          0          0          0       4317   stm32f4xx_gpio.o
        20          0          0          0          0        971   stm32f4xx_it.o
      1588         52          0         16          0      13082   stm32f4xx_rcc.o
       148         12          0          0          0       1909   stm32f4xx_syscfg.o
      1108         34          0          0          0       8048   stm32f4xx_usart.o
       528         46          0         20          0     265727   system_stm32f4xx.o
      6352        338          0         60        200      26919   tasks.o
      1508         66          0         20         40      17210   timers.o

    ----------------------------------------------------------------------
     18992        944        488        188      78672     409117   Object Totals
         0          0         32          0          0          0   (incl. Generated)
         2          0          0          0          0          0   (incl. Padding)

    ----------------------------------------------------------------------

      Code (inc. data)   RO Data    RW Data    ZI Data      Debug   Library Member Name

         8          0          0          0          0         68   __main.o
         0          0          0          0          0          0   __rtentry.o
        12          0          0          0          0          0   __rtentry2.o
         6          0          0          0          0          0   __rtentry4.o
        52          8          0          0          0          0   __scatter.o
        26          0          0          0          0          0   __scatter_copy.o
        28          0          0          0          0          0   __scatter_zi.o
        16          0          0          0          0         68   aeabi_memset.o
        18          0          0          0          0         80   exit.o
         6          0          0          0          0        152   heapauxi.o
         0          0          0          0          0          0   indicate_semi.o
         2          0          0          0          0          0   libinit.o
         6          0          0          0          0          0   libinit2.o
         2          0          0          0          0          0   libshutdown.o
         2          0          0          0          0          0   libshutdown2.o
         8          4          0          0         96         68   libspace.o
        68          0          0          0          0         68   rt_memclr.o
        78          0          0          0          0         80   rt_memclr_w.o
       138          0          0          0          0         68   rt_memcpy_v6.o
       100          0          0          0          0         80   rt_memcpy_w.o
         2          0          0          0          0          0   rtexit.o
        10          0          0          0          0          0   rtexit2.o
        12          4          0          0          0         68   sys_exit.o
        74          0          0          0          0         80   sys_stackheap_outer.o
         2          0          0          0          0         68   use_no_semi.o
        10          0          0          0          0        116   fpinit.o

    ----------------------------------------------------------------------
       692         16          0          0        100       1064   Library Totals
         6          0          0          0          4          0   (incl. Padding)

    ----------------------------------------------------------------------

      Code (inc. data)   RO Data    RW Data    ZI Data      Debug   Library Name

       676         16          0          0         96        948   c_w.l
        10          0          0          0          0        116   fz_wm.l

    ----------------------------------------------------------------------
       692         16          0          0        100       1064   Library Totals

    ----------------------------------------------------------------------

==============================================================================


      Code (inc. data)   RO Data    RW Data    ZI Data      Debug   

     19684        960        488        188      78772     405665   Grand Totals
     19684        960        488        188      78772     405665   ELF Image Totals
     19684        960        488        188          0          0   ROM Totals

==============================================================================

    Total RO  Size (Code + RO Data)                20172 (  19.70kB)
    Total RW  Size (RW Data + ZI Data)             78960 (  77.11kB)
    Total ROM Size (Code + RO Data + RW Data)      20360 (  19.88kB)

==============================================================================

