<html>
<body>
<pre>
<h1>µVision Build Log</h1>
<h2>Tool Versions:</h2>
IDE-Version: µVision V5.24.2.0
Copyright (C) 2017 ARM Ltd and ARM Germany GmbH. All rights reserved.
License Information: Chris Green, University of Manitoba, LIC=----
 
Tool Versions:
Toolchain:       MDK-Lite  Version: 5.24.1
Toolchain Path:  C:\Keil_v5\ARM\ARMCC\Bin
C Compiler:      Armcc.exe V5.06 update 5 (build 528)
Assembler:       Armasm.exe V5.06 update 5 (build 528)
Linker/Locator:  ArmLink.exe V5.06 update 5 (build 528)
Library Manager: ArmAr.exe V5.06 update 5 (build 528)
Hex Converter:   FromElf.exe V5.06 update 5 (build 528)
CPU DLL:         SARMCM3.DLL V5.24.1
Dialog DLL:      DCM.DLL V1.16.0.0
Target DLL:      STLink\ST-LINKIII-KEIL_SWO.dll V3.0.1.0
Dialog DLL:      TCM.DLL V1.32.0.0
 
<h2>Project:</h2>
C:\Users\Chris\Desktop\justines4550A2\4550A2\FreeRTOS_STM32f4\freertos_project.uvprojx
Project File Date:  04/03/2018

<h2>Output:</h2>
*** Using Compiler 'V5.06 update 5 (build 528)', folder: 'C:\Keil_v5\ARM\ARMCC\Bin'
Build target 'freertos_project'
compiling main.c...
Source\codec.h(82): warning:  #1-D: last line of file ends without a newline
  #endif /* __CODEC_H */
Source\main.c(204): warning:  #1035-D: single-precision operand implicitly converted to double-precision
  					sample = (int16_t)(
OTEAMPLITUDE*filteredSaw);
Source\main.c(220): warning:  #188-D: enumerated type mixed with another type
  	return timeElapsed % pizza->period >= pizza->deadline;
Source\main.c(225): warning:  #188-D: enumerated type mixed with another type
  	return pizza->wcet == pizza->timeCooked;
Source\main.c(346): warning:  #188-D: enumerated type mixed with another type
  	scheduledPizza = NUM_PIZZAS - 1;
Source\main.c(357): warning:  #188-D: enumerated type mixed with another type
  		currHighest = (scheduledPizza + 1) % NUM_PIZZAS;
Source\main.c(365): warning:  #188-D: enumerated type mixed with another type
  			nextIndex = (scheduledPizza + i + 1) % NUM_PIZZAS;
Source\main.c: 7 warnings, 0 errors
linking...
Program Size: Code=24560 RO-data=464 RW-data=412 ZI-data=78836  
FromELF: creating hex file...
".\Output\freertos_project.axf" - 0 Error(s), 7 Warning(s).

<h2>Software Packages used:</h2>

Package Vendor: ARM
                http://www.keil.com/pack/ARM.CMSIS.5.3.0.pack
                ARM.CMSIS.5.3.0
                CMSIS (Cortex Microcontroller Software Interface Standard)
   * Component: CORE Version: 5.1.1

Package Vendor: Keil
                http://www.keil.com/pack/Keil.STM32F4xx_DFP.1.0.8.pack
                Keil.STM32F4xx_DFP.1.0.8
                STMicroelectronics STM32F4 Series Device Support, Drivers and Examples

<h2>Collection of Component include folders:</h2>
  .\RTE\_freertos_project
  C:\Keil_v5\ARM\PACK\ARM\CMSIS\5.3.0\CMSIS\Include
  C:\Keil_v5\ARM\PACK\Keil\STM32F4xx_DFP\1.0.8\Device\Include

<h2>Collection of Component Files used:</h2>

   * Component: ARM::CMSIS:CORE:5.1.1
Build Time Elapsed:  00:00:03
</pre>
</body>
</html>
